Archive member included to satisfy reference by file (symbol)

C:/ST/STM32CubeIDE_1.12.0/STM32CubeIDE/plugins/com.st.stm32cube.ide.mcu.externaltools.gnu-tools-for-stm32.11.3.rel1.win32_1.1.100.202309141235/tools/bin/../lib/gcc/arm-none-eabi/11.3.1/../../../../arm-none-eabi/lib/thumb/v7-m/nofp\libc_nano.a(libc_a-atoi.o)
                              ./UtilitySmallFunction/DataProcess/DataProcess.o (atoi)
C:/ST/STM32CubeIDE_1.12.0/STM32CubeIDE/plugins/com.st.stm32cube.ide.mcu.externaltools.gnu-tools-for-stm32.11.3.rel1.win32_1.1.100.202309141235/tools/bin/../lib/gcc/arm-none-eabi/11.3.1/../../../../arm-none-eabi/lib/thumb/v7-m/nofp\libc_nano.a(libc_a-exit.o)
                              C:/ST/STM32CubeIDE_1.12.0/STM32CubeIDE/plugins/com.st.stm32cube.ide.mcu.externaltools.gnu-tools-for-stm32.11.3.rel1.win32_1.1.100.202309141235/tools/bin/../lib/gcc/arm-none-eabi/11.3.1/../../../../arm-none-eabi/lib/thumb/v7-m/nofp/crt0.o (exit)
C:/ST/STM32CubeIDE_1.12.0/STM32CubeIDE/plugins/com.st.stm32cube.ide.mcu.externaltools.gnu-tools-for-stm32.11.3.rel1.win32_1.1.100.202309141235/tools/bin/../lib/gcc/arm-none-eabi/11.3.1/../../../../arm-none-eabi/lib/thumb/v7-m/nofp\libc_nano.a(libc_a-malloc.o)
                              ./Core/ThreadSafe/newlib_lock_glue.o (malloc)
C:/ST/STM32CubeIDE_1.12.0/STM32CubeIDE/plugins/com.st.stm32cube.ide.mcu.externaltools.gnu-tools-for-stm32.11.3.rel1.win32_1.1.100.202309141235/tools/bin/../lib/gcc/arm-none-eabi/11.3.1/../../../../arm-none-eabi/lib/thumb/v7-m/nofp\libc_nano.a(libc_a-mallocr.o)
                              C:/ST/STM32CubeIDE_1.12.0/STM32CubeIDE/plugins/com.st.stm32cube.ide.mcu.externaltools.gnu-tools-for-stm32.11.3.rel1.win32_1.1.100.202309141235/tools/bin/../lib/gcc/arm-none-eabi/11.3.1/../../../../arm-none-eabi/lib/thumb/v7-m/nofp\libc_nano.a(libc_a-malloc.o) (_malloc_r)
C:/ST/STM32CubeIDE_1.12.0/STM32CubeIDE/plugins/com.st.stm32cube.ide.mcu.externaltools.gnu-tools-for-stm32.11.3.rel1.win32_1.1.100.202309141235/tools/bin/../lib/gcc/arm-none-eabi/11.3.1/../../../../arm-none-eabi/lib/thumb/v7-m/nofp\libc_nano.a(libc_a-mlock.o)
                              C:/ST/STM32CubeIDE_1.12.0/STM32CubeIDE/plugins/com.st.stm32cube.ide.mcu.externaltools.gnu-tools-for-stm32.11.3.rel1.win32_1.1.100.202309141235/tools/bin/../lib/gcc/arm-none-eabi/11.3.1/../../../../arm-none-eabi/lib/thumb/v7-m/nofp\libc_nano.a(libc_a-mallocr.o) (__malloc_lock)
C:/ST/STM32CubeIDE_1.12.0/STM32CubeIDE/plugins/com.st.stm32cube.ide.mcu.externaltools.gnu-tools-for-stm32.11.3.rel1.win32_1.1.100.202309141235/tools/bin/../lib/gcc/arm-none-eabi/11.3.1/../../../../arm-none-eabi/lib/thumb/v7-m/nofp\libc_nano.a(libc_a-strtol.o)
                              C:/ST/STM32CubeIDE_1.12.0/STM32CubeIDE/plugins/com.st.stm32cube.ide.mcu.externaltools.gnu-tools-for-stm32.11.3.rel1.win32_1.1.100.202309141235/tools/bin/../lib/gcc/arm-none-eabi/11.3.1/../../../../arm-none-eabi/lib/thumb/v7-m/nofp\libc_nano.a(libc_a-atoi.o) (_strtol_r)
C:/ST/STM32CubeIDE_1.12.0/STM32CubeIDE/plugins/com.st.stm32cube.ide.mcu.externaltools.gnu-tools-for-stm32.11.3.rel1.win32_1.1.100.202309141235/tools/bin/../lib/gcc/arm-none-eabi/11.3.1/../../../../arm-none-eabi/lib/thumb/v7-m/nofp\libc_nano.a(libc_a-ctype_.o)
                              C:/ST/STM32CubeIDE_1.12.0/STM32CubeIDE/plugins/com.st.stm32cube.ide.mcu.externaltools.gnu-tools-for-stm32.11.3.rel1.win32_1.1.100.202309141235/tools/bin/../lib/gcc/arm-none-eabi/11.3.1/../../../../arm-none-eabi/lib/thumb/v7-m/nofp\libc_nano.a(libc_a-strtol.o) (_ctype_)
C:/ST/STM32CubeIDE_1.12.0/STM32CubeIDE/plugins/com.st.stm32cube.ide.mcu.externaltools.gnu-tools-for-stm32.11.3.rel1.win32_1.1.100.202309141235/tools/bin/../lib/gcc/arm-none-eabi/11.3.1/../../../../arm-none-eabi/lib/thumb/v7-m/nofp\libc_nano.a(libc_a-findfp.o)
                              ./Middlewares/Third_Party/FreeRTOS/Source/tasks.o (__sf)
C:/ST/STM32CubeIDE_1.12.0/STM32CubeIDE/plugins/com.st.stm32cube.ide.mcu.externaltools.gnu-tools-for-stm32.11.3.rel1.win32_1.1.100.202309141235/tools/bin/../lib/gcc/arm-none-eabi/11.3.1/../../../../arm-none-eabi/lib/thumb/v7-m/nofp\libc_nano.a(libc_a-fwalk.o)
                              C:/ST/STM32CubeIDE_1.12.0/STM32CubeIDE/plugins/com.st.stm32cube.ide.mcu.externaltools.gnu-tools-for-stm32.11.3.rel1.win32_1.1.100.202309141235/tools/bin/../lib/gcc/arm-none-eabi/11.3.1/../../../../arm-none-eabi/lib/thumb/v7-m/nofp\libc_nano.a(libc_a-findfp.o) (_fwalk_sglue)
C:/ST/STM32CubeIDE_1.12.0/STM32CubeIDE/plugins/com.st.stm32cube.ide.mcu.externaltools.gnu-tools-for-stm32.11.3.rel1.win32_1.1.100.202309141235/tools/bin/../lib/gcc/arm-none-eabi/11.3.1/../../../../arm-none-eabi/lib/thumb/v7-m/nofp\libc_nano.a(libc_a-sprintf.o)
                              ./Periodics/IMUPublisher/IMUPublisher.o (sprintf)
[...]
Memory Configuration

Name             Origin             Length             Attributes
RAM              0x0000000020000000 0x0000000000005000 xrw
FLASH            0x0000000008000000 0x0000000000010000 xr
*default*        0x0000000000000000 0xffffffffffffffff

Linker script and memory map

LOAD C:/ST/STM32CubeIDE_1.12.0/STM32CubeIDE/plugins/com.st.stm32cube.ide.mcu.externaltools.gnu-tools-for-stm32.11.3.rel1.win32_1.1.100.202309141235/tools/bin/../lib/gcc/arm-none-eabi/11.3.1/thumb/v7-m/nofp/crti.o
LOAD C:/ST/STM32CubeIDE_1.12.0/STM32CubeIDE/plugins/com.st.stm32cube.ide.mcu.externaltools.gnu-tools-for-stm32.11.3.rel1.win32_1.1.100.202309141235/tools/bin/../lib/gcc/arm-none-eabi/11.3.1/thumb/v7-m/nofp/crtbegin.o
LOAD C:/ST/STM32CubeIDE_1.12.0/STM32CubeIDE/plugins/com.st.stm32cube.ide.mcu.externaltools.gnu-tools-for-stm32.11.3.rel1.win32_1.1.100.202309141235/tools/bin/../lib/gcc/arm-none-eabi/11.3.1/../../../../arm-none-eabi/lib/thumb/v7-m/nofp/crt0.o
LOAD ./CAN_Handle/CAN_Handle.o
LOAD ./CRC/CRC.o
LOAD ./Core/Src/freertos.o
LOAD ./Core/Src/main.o
LOAD ./Core/Src/stm32f1xx_hal_msp.o
LOAD ./Core/Src/stm32f1xx_hal_timebase_tim.o
LOAD ./Core/Src/stm32f1xx_it.o
LOAD ./Core/Src/syscalls.o
LOAD ./Core/Src/sysmem.o
LOAD ./Core/Src/system_stm32f1xx.o
LOAD ./Core/Startup/startup_stm32f103c8tx.o
LOAD ./Core/ThreadSafe/newlib_lock_glue.o
LOAD ./Drivers/STM32F1xx_HAL_Driver/Src/stm32f1xx_hal.o
LOAD ./Drivers/STM32F1xx_HAL_Driver/Src/stm32f1xx_hal_can.o
LOAD ./Drivers/STM32F1xx_HAL_Driver/Src/stm32f1xx_hal_cortex.o
LOAD ./Drivers/STM32F1xx_HAL_Driver/Src/stm32f1xx_hal_dma.o
LOAD ./Drivers/STM32F1xx_HAL_Driver/Src/stm32f1xx_hal_exti.o
LOAD ./Drivers/STM32F1xx_HAL_Driver/Src/stm32f1xx_hal_flash.o
LOAD ./Drivers/STM32F1xx_HAL_Driver/Src/stm32f1xx_hal_flash_ex.o
LOAD ./Drivers/STM32F1xx_HAL_Driver/Src/stm32f1xx_hal_gpio.o
LOAD ./Drivers/STM32F1xx_HAL_Driver/Src/stm32f1xx_hal_gpio_ex.o
LOAD ./Drivers/STM32F1xx_HAL_Driver/Src/stm32f1xx_hal_i2c.o
LOAD ./Drivers/STM32F1xx_HAL_Driver/Src/stm32f1xx_hal_pwr.o
LOAD ./Drivers/STM32F1xx_HAL_Driver/Src/stm32f1xx_hal_rcc.o
LOAD ./Drivers/STM32F1xx_HAL_Driver/Src/stm32f1xx_hal_rcc_ex.o
LOAD ./Drivers/STM32F1xx_HAL_Driver/Src/stm32f1xx_hal_tim.o
LOAD ./Drivers/STM32F1xx_HAL_Driver/Src/stm32f1xx_hal_tim_ex.o
LOAD ./Drivers/STM32F1xx_HAL_Driver/Src/stm32f1xx_hal_uart.o
LOAD ./Middlewares/Third_Party/FreeRTOS/Source/CMSIS_RTOS_V2/cmsis_os2.o
LOAD ./Middlewares/Third_Party/FreeRTOS/Source/croutine.o
LOAD ./Middlewares/Third_Party/FreeRTOS/Source/event_groups.o
LOAD ./Middlewares/Third_Party/FreeRTOS/Source/list.o
LOAD ./Middlewares/Third_Party/FreeRTOS/Source/queue.o
LOAD ./Middlewares/Third_Party/FreeRTOS/Source/stream_buffer.o
LOAD ./Middlewares/Third_Party/FreeRTOS/Source/tasks.o
LOAD ./Middlewares/Third_Party/FreeRTOS/Source/timers.o
LOAD ./Middlewares/Third_Party/FreeRTOS/Source/portable/GCC/ARM_CM3/port.o
LOAD ./Middlewares/Third_Party/FreeRTOS/Source/portable/MemMang/heap_4.o
LOAD ./Periodics/IMUPublisher/IMUPublisher.o
LOAD ./Periodics/PowerPublisher/PowerPublisher.o
LOAD ./STM32-Hardware-Driver/BNO055/bno055.o
LOAD ./STM32-Hardware-Driver/Encoder/Encoder.o
LOAD ./STM32-Hardware-Driver/EngineControl/EngineControl.o
LOAD ./STM32-Hardware-Driver/INA219/INA219.o
LOAD ./STM32-Hardware-Driver/MotorController/MotorController.o
LOAD ./STM32-Hardware-Driver/MotorController/SpeedController.o
LOAD ./STM32_RTOS_PeripheralDriver/CANFrame/canframe.o
LOAD ./STM32_RTOS_PeripheralDriver/CANHandler/CANHandler.o
LOAD ./STM32_RTOS_PeripheralDriver/CANHandler/CANHandler_it.o
LOAD ./STM32_RTOS_PeripheralDriver/GPIO/GPIOHandler.o
LOAD ./STM32_RTOS_PeripheralDriver/I2CHandler/I2C_Handler.o
LOAD ./STM32_RTOS_PeripheralDriver/SyncPrintf/SyncPrintf.o
LOAD ./STM32_RTOS_PeripheralDriver/UARTHandler/UART_Handler.o
LOAD ./UtilitySmallFunction/DataProcess/DataProcess.o
LOAD ./UtilitySmallFunction/Utility/Utility.o
START GROUP
LOAD C:/ST/STM32CubeIDE_1.12.0/STM32CubeIDE/plugins/com.st.stm32cube.ide.mcu.externaltools.gnu-tools-for-stm32.11.3.rel1.win32_1.1.100.202309141235/tools/bin/../lib/gcc/arm-none-eabi/11.3.1/../../../../arm-none-eabi/lib/thumb/v7-m/nofp\libc_nano.a
LOAD C:/ST/STM32CubeIDE_1.12.0/STM32CubeIDE/plugins/com.st.stm32cube.ide.mcu.externaltools.gnu-tools-for-stm32.11.3.rel1.win32_1.1.100.202309141235/tools/bin/../lib/gcc/arm-none-eabi/11.3.1/../../../../arm-none-eabi/lib/thumb/v7-m/nofp\libm.a
END GROUP
START GROUP
LOAD C:/ST/STM32CubeIDE_1.12.0/STM32CubeIDE/plugins/com.st.stm32cube.ide.mcu.externaltools.gnu-tools-for-stm32.11.3.rel1.win32_1.1.100.202309141235/tools/bin/../lib/gcc/arm-none-eabi/11.3.1/thumb/v7-m/nofp\libgcc.a
LOAD C:/ST/STM32CubeIDE_1.12.0/STM32CubeIDE/plugins/com.st.stm32cube.ide.mcu.externaltools.gnu-tools-for-stm32.11.3.rel1.win32_1.1.100.202309141235/tools/bin/../lib/gcc/arm-none-eabi/11.3.1/../../../../arm-none-eabi/lib/thumb/v7-m/nofp\libc_nano.a
END GROUP
START GROUP
LOAD C:/ST/STM32CubeIDE_1.12.0/STM32CubeIDE/plugins/com.st.stm32cube.ide.mcu.externaltools.gnu-tools-for-stm32.11.3.rel1.win32_1.1.100.202309141235/tools/bin/../lib/gcc/arm-none-eabi/11.3.1/thumb/v7-m/nofp\libgcc.a
LOAD C:/ST/STM32CubeIDE_1.12.0/STM32CubeIDE/plugins/com.st.stm32cube.ide.mcu.externaltools.gnu-tools-for-stm32.11.3.rel1.win32_1.1.100.202309141235/tools/bin/../lib/gcc/arm-none-eabi/11.3.1/../../../../arm-none-eabi/lib/thumb/v7-m/nofp\libc_nano.a
LOAD C:/ST/STM32CubeIDE_1.12.0/STM32CubeIDE/plugins/com.st.stm32cube.ide.mcu.externaltools.gnu-tools-for-stm32.11.3.rel1.win32_1.1.100.202309141235/tools/bin/../lib/gcc/arm-none-eabi/11.3.1/../../../../arm-none-eabi/lib/thumb/v7-m/nofp\libnosys.a
END GROUP
START GROUP
LOAD C:/ST/STM32CubeIDE_1.12.0/STM32CubeIDE/plugins/com.st.stm32cube.ide.mcu.externaltools.gnu-tools-for-stm32.11.3.rel1.win32_1.1.100.202309141235/tools/bin/../lib/gcc/arm-none-eabi/11.3.1/thumb/v7-m/nofp\libgcc.a
LOAD C:/ST/STM32CubeIDE_1.12.0/STM32CubeIDE/plugins/com.st.stm32cube.ide.mcu.externaltools.gnu-tools-for-stm32.11.3.rel1.win32_1.1.100.202309141235/tools/bin/../lib/gcc/arm-none-eabi/11.3.1/../../../../arm-none-eabi/lib/thumb/v7-m/nofp\libc_nano.a
LOAD C:/ST/STM32CubeIDE_1.12.0/STM32CubeIDE/plugins/com.st.stm32cube.ide.mcu.externaltools.gnu-tools-for-stm32.11.3.rel1.win32_1.1.100.202309141235/tools/bin/../lib/gcc/arm-none-eabi/11.3.1/../../../../arm-none-eabi/lib/thumb/v7-m/nofp\libnosys.a
END GROUP
LOAD C:/ST/STM32CubeIDE_1.12.0/STM32CubeIDE/plugins/com.st.stm32cube.ide.mcu.externaltools.gnu-tools-for-stm32.11.3.rel1.win32_1.1.100.202309141235/tools/bin/../lib/gcc/arm-none-eabi/11.3.1/thumb/v7-m/nofp/crtend.o
LOAD C:/ST/STM32CubeIDE_1.12.0/STM32CubeIDE/plugins/com.st.stm32cube.ide.mcu.externaltools.gnu-tools-for-stm32.11.3.rel1.win32_1.1.100.202309141235/tools/bin/../lib/gcc/arm-none-eabi/11.3.1/thumb/v7-m/nofp/crtn.o
                0x0000000020005000                _estack = (ORIGIN (RAM) + LENGTH (RAM))
                0x0000000000000200                _Min_Heap_Size = 0x200
                0x0000000000000400                _Min_Stack_Size = 0x400

.isr_vector     0x0000000008000000      0x10c
                0x0000000008000000                . = ALIGN (0x4)
 *(.isr_vector)
 .isr_vector    0x0000000008000000      0x10c ./Core/Startup/startup_stm32f103c8tx.o
                0x0000000008000000                g_pfnVectors
                0x000000000800010c                . = ALIGN (0x4)

.text           0x0000000008000110     0xb9f0
                0x0000000008000110                . = ALIGN (0x4)
 *(.text)
 .text          0x0000000008000110       0x40 C:/ST/STM32CubeIDE_1.12.0/STM32CubeIDE/plugins/com.st.stm32cube.ide.mcu.externaltools.gnu-tools-for-stm32.11.3.rel1.win32_1.1.100.202309141235/tools/bin/../lib/gcc/arm-none-eabi/11.3.1/thumb/v7-m/nofp/crtbegin.o
 .text          0x0000000008000150      0x21c C:/ST/STM32CubeIDE_1.12.0/STM32CubeIDE/plugins/com.st.stm32cube.ide.mcu.externaltools.gnu-tools-for-stm32.11.3.rel1.win32_1.1.100.202309141235/tools/bin/../lib/gcc/arm-none-eabi/11.3.1/thumb/v7-m/nofp\libgcc.a(_arm_addsubsf3.o)
                0x0000000008000150                __aeabi_frsub
                0x0000000008000158                __subsf3
                0x0000000008000158                __aeabi_fsub
                0x000000000800015c                __aeabi_fadd
                0x000000000800015c                __addsf3
                0x00000000080002bc                __aeabi_ui2f
                0x00000000080002bc                __floatunsisf
                0x00000000080002c4                __aeabi_i2f
                0x00000000080002c4                __floatsisf
                0x00000000080002e0                __aeabi_ul2f
                0x00000000080002e0                __floatundisf
                0x00000000080002f0                __aeabi_l2f
                0x00000000080002f0                __floatdisf
 .text          0x000000000800036c      0x2a0 C:/ST/STM32CubeIDE_1.12.0/STM32CubeIDE/plugins/com.st.stm32cube.ide.mcu.externaltools.gnu-tools-for-stm32.11.3.rel1.win32_1.1.100.202309141235/tools/bin/../lib/gcc/arm-none-eabi/11.3.1/thumb/v7-m/nofp\libgcc.a(_arm_muldivsf3.o)
                0x000000000800036c                __mulsf3
                0x000000000800036c                __aeabi_fmul
                0x00000000080004d4                __aeabi_fdiv
                0x00000000080004d4                __divsf3
 .text          0x000000000800060c       0xec C:/ST/STM32CubeIDE_1.12.0/STM32CubeIDE/plugins/com.st.stm32cube.ide.mcu.externaltools.gnu-tools-for-stm32.11.3.rel1.win32_1.1.100.202309141235/tools/bin/../lib/gcc/arm-none-eabi/11.3.1/thumb/v7-m/nofp\libgcc.a(_arm_cmpsf2.o)
                0x000000000800060c                __gesf2
                0x000000000800060c                __gtsf2
                0x0000000008000614                __lesf2
                0x0000000008000614                __ltsf2
                0x000000000800061c                __nesf2
                0x000000000800061c                __eqsf2
                0x000000000800061c                __cmpsf2
                0x000000000800067c                __aeabi_cfrcmple
                0x0000000008000684                __aeabi_cfcmpeq
                0x0000000008000684                __aeabi_cfcmple
                0x0000000008000694                __aeabi_fcmpeq
                0x00000000080006a8                __aeabi_fcmplt
                0x00000000080006bc                __aeabi_fcmple
                0x00000000080006d0                __aeabi_fcmpge
                0x00000000080006e4                __aeabi_fcmpgt
 .text          0x00000000080006f8       0x4c C:/ST/STM32CubeIDE_1.12.0/STM32CubeIDE/plugins/com.st.stm32cube.ide.mcu.externaltools.gnu-tools-for-stm32.11.3.rel1.win32_1.1.100.202309141235/tools/bin/../lib/gcc/arm-none-eabi/11.3.1/thumb/v7-m/nofp\libgcc.a(_arm_fixsfsi.o)
                0x00000000080006f8                __aeabi_f2iz
                0x00000000080006f8                __fixsfsi
 *(.text*)
 .text.CAN_Config_filtering
                0x0000000008000744       0x5c ./CAN_Handle/CAN_Handle.o
                0x0000000008000744                CAN_Config_filtering
 .text.HAL_CAN_RxFifo0MsgPendingCallback
                0x00000000080007a0       0x3c ./CAN_Handle/CAN_Handle.o
                0x00000000080007a0                HAL_CAN_RxFifo0MsgPendingCallback
 .text.HAL_CAN_RxFifo1MsgPendingCallback
                0x00000000080007dc       0x3c ./CAN_Handle/CAN_Handle.o
                0x00000000080007dc                HAL_CAN_RxFifo1MsgPendingCallback
 .text.main     0x0000000008000818       0x88 ./Core/Src/main.o
                0x0000000008000818                main
 .text.SystemClock_Config
                0x00000000080008a0       0x8a ./Core/Src/main.o
                0x00000000080008a0                SystemClock_Config
 *fill*         0x000000000800092a        0x2 
 .text.MX_CAN_Init
                0x000000000800092c       0x6c ./Core/Src/main.o
 .text.MX_I2C1_Init
                0x0000000008000998       0x5c ./Core/Src/main.o
 .text.MX_TIM2_Init
                0x00000000080009f4       0xb0 ./Core/Src/main.o
 .text.MX_TIM3_Init
                0x0000000008000aa4       0xa8 ./Core/Src/main.o
 .text.MX_USART1_UART_Init
                0x0000000008000b4c       0x54 ./Core/Src/main.o
 .text.MX_DMA_Init
                0x0000000008000ba0       0xb4 ./Core/Src/main.o
 .text.MX_GPIO_Init
                0x0000000008000c54      0x138 ./Core/Src/main.o
 .text.HAL_I2C_MemRxCpltCallback
                0x0000000008000d8c       0x24 ./Core/Src/main.o
                0x0000000008000d8c                HAL_I2C_MemRxCpltCallback
 .text.HAL_I2C_MemTxCpltCallback
                0x0000000008000db0       0x24 ./Core/Src/main.o
                0x0000000008000db0                HAL_I2C_MemTxCpltCallback
 .text.StartDefaultTask
                0x0000000008000dd4      0x254 ./Core/Src/main.o
                0x0000000008000dd4                StartDefaultTask
 .text.HAL_TIM_PeriodElapsedCallback
                0x0000000008001028       0x24 ./Core/Src/main.o
                0x0000000008001028                HAL_TIM_PeriodElapsedCallback
 .text.Error_Handler
                0x000000000800104c        0xa ./Core/Src/main.o
                0x000000000800104c                Error_Handler
 *fill*         0x0000000008001056        0x2 
 .text.HAL_MspInit
                0x0000000008001058       0x70 ./Core/Src/stm32f1xx_hal_msp.o
                0x0000000008001058                HAL_MspInit
 .text.HAL_CAN_MspInit
                0x00000000080010c8       0xc8 ./Core/Src/stm32f1xx_hal_msp.o
                0x00000000080010c8                HAL_CAN_MspInit
 .text.HAL_I2C_MspInit
                0x0000000008001190      0x134 ./Core/Src/stm32f1xx_hal_msp.o
                0x0000000008001190                HAL_I2C_MspInit
 .text.HAL_TIM_PWM_MspInit
                0x00000000080012c4       0x38 ./Core/Src/stm32f1xx_hal_msp.o
                0x00000000080012c4                HAL_TIM_PWM_MspInit
 .text.HAL_TIM_Encoder_MspInit
                0x00000000080012fc       0xa4 ./Core/Src/stm32f1xx_hal_msp.o
                0x00000000080012fc                HAL_TIM_Encoder_MspInit
 .text.HAL_TIM_MspPostInit
                0x00000000080013a0       0x60 ./Core/Src/stm32f1xx_hal_msp.o
                0x00000000080013a0                HAL_TIM_MspPostInit
 .text.HAL_UART_MspInit
                0x0000000008001400      0x140 ./Core/Src/stm32f1xx_hal_msp.o
                0x0000000008001400                HAL_UART_MspInit
 .text.HAL_InitTick
                0x0000000008001540       0xfc ./Core/Src/stm32f1xx_hal_timebase_tim.o
                0x0000000008001540                HAL_InitTick
 .text.NMI_Handler
                0x000000000800163c        0x6 ./Core/Src/stm32f1xx_it.o
                0x000000000800163c                NMI_Handler
 .text.HardFault_Handler
                0x0000000008001642        0x6 ./Core/Src/stm32f1xx_it.o
                0x0000000008001642                HardFault_Handler
 .text.MemManage_Handler
                0x0000000008001648        0x6 ./Core/Src/stm32f1xx_it.o
                0x0000000008001648                MemManage_Handler
 .text.BusFault_Handler
                0x000000000800164e        0x6 ./Core/Src/stm32f1xx_it.o
                0x000000000800164e                BusFault_Handler
 .text.UsageFault_Handler
                0x0000000008001654        0x6 ./Core/Src/stm32f1xx_it.o
                0x0000000008001654                UsageFault_Handler
 .text.DebugMon_Handler
                0x000000000800165a        0xc ./Core/Src/stm32f1xx_it.o
                0x000000000800165a                DebugMon_Handler
 *fill*         0x0000000008001666        0x2 
 .text.DMA1_Channel4_IRQHandler
                0x0000000008001668       0x14 ./Core/Src/stm32f1xx_it.o
                0x0000000008001668                DMA1_Channel4_IRQHandler
 .text.DMA1_Channel5_IRQHandler
                0x000000000800167c       0x14 ./Core/Src/stm32f1xx_it.o
                0x000000000800167c                DMA1_Channel5_IRQHandler
 .text.DMA1_Channel6_IRQHandler
                0x0000000008001690       0x14 ./Core/Src/stm32f1xx_it.o
                0x0000000008001690                DMA1_Channel6_IRQHandler
 .text.DMA1_Channel7_IRQHandler
                0x00000000080016a4       0x14 ./Core/Src/stm32f1xx_it.o
                0x00000000080016a4                DMA1_Channel7_IRQHandler
 .text.USB_HP_CAN1_TX_IRQHandler
                0x00000000080016b8       0x14 ./Core/Src/stm32f1xx_it.o
                0x00000000080016b8                USB_HP_CAN1_TX_IRQHandler
 .text.USB_LP_CAN1_RX0_IRQHandler
                0x00000000080016cc       0x14 ./Core/Src/stm32f1xx_it.o
                0x00000000080016cc                USB_LP_CAN1_RX0_IRQHandler
 .text.CAN1_RX1_IRQHandler
                0x00000000080016e0       0x14 ./Core/Src/stm32f1xx_it.o
                0x00000000080016e0                CAN1_RX1_IRQHandler
 .text.TIM4_IRQHandler
                0x00000000080016f4       0x14 ./Core/Src/stm32f1xx_it.o
                0x00000000080016f4                TIM4_IRQHandler
 .text.I2C1_EV_IRQHandler
                0x0000000008001708       0x14 ./Core/Src/stm32f1xx_it.o
                0x0000000008001708                I2C1_EV_IRQHandler
 .text.SystemInit
                0x000000000800171c        0xc ./Core/Src/system_stm32f1xx.o
                0x000000000800171c                SystemInit
 .text.Reset_Handler
                0x0000000008001728       0x48 ./Core/Startup/startup_stm32f103c8tx.o
                0x0000000008001728                Reset_Handler
 .text.Default_Handler
                0x0000000008001770        0x2 ./Core/Startup/startup_stm32f103c8tx.o
                0x0000000008001770                RTC_Alarm_IRQHandler
                0x0000000008001770                EXTI2_IRQHandler
                0x0000000008001770                TIM1_CC_IRQHandler
                0x0000000008001770                PVD_IRQHandler
                0x0000000008001770                EXTI3_IRQHandler
                0x0000000008001770                EXTI0_IRQHandler
                0x0000000008001770                I2C2_EV_IRQHandler
                0x0000000008001770                ADC1_2_IRQHandler
                0x0000000008001770                SPI1_IRQHandler
                0x0000000008001770                TAMPER_IRQHandler
                0x0000000008001770                USART3_IRQHandler
                0x0000000008001770                RTC_IRQHandler
                0x0000000008001770                TIM3_IRQHandler
                0x0000000008001770                RCC_IRQHandler
                0x0000000008001770                TIM1_TRG_COM_IRQHandler
                0x0000000008001770                DMA1_Channel1_IRQHandler
                0x0000000008001770                Default_Handler
                0x0000000008001770                EXTI15_10_IRQHandler
                0x0000000008001770                EXTI9_5_IRQHandler
                0x0000000008001770                SPI2_IRQHandler
                0x0000000008001770                EXTI4_IRQHandler
                0x0000000008001770                DMA1_Channel3_IRQHandler
                0x0000000008001770                TIM1_UP_IRQHandler
                0x0000000008001770                WWDG_IRQHandler
                0x0000000008001770                TIM2_IRQHandler
                0x0000000008001770                TIM1_BRK_IRQHandler
                0x0000000008001770                EXTI1_IRQHandler
                0x0000000008001770                USART2_IRQHandler
                0x0000000008001770                I2C2_ER_IRQHandler
                0x0000000008001770                DMA1_Channel2_IRQHandler
                0x0000000008001770                CAN1_SCE_IRQHandler
                0x0000000008001770                FLASH_IRQHandler
                0x0000000008001770                USART1_IRQHandler
                0x0000000008001770                I2C1_ER_IRQHandler
                0x0000000008001770                USBWakeUp_IRQHandler
 .text.stm32_lock_acquire
                0x0000000008001772       0x60 ./Core/ThreadSafe/newlib_lock_glue.o
 .text.stm32_lock_release
                0x00000000080017d2       0x54 ./Core/ThreadSafe/newlib_lock_glue.o
 .text.__retarget_lock_acquire_recursive
                0x0000000008001826       0x28 ./Core/ThreadSafe/newlib_lock_glue.o
                0x0000000008001826                __retarget_lock_acquire_recursive
 .text.__retarget_lock_release_recursive
                0x000000000800184e       0x28 ./Core/ThreadSafe/newlib_lock_glue.o
                0x000000000800184e                __retarget_lock_release_recursive
 *fill*         0x0000000008001876        0x2 
 .text.HAL_Init
                0x0000000008001878       0x2c ./Drivers/STM32F1xx_HAL_Driver/Src/stm32f1xx_hal.o
                0x0000000008001878                HAL_Init
 .text.HAL_IncTick
                0x00000000080018a4       0x24 ./Drivers/STM32F1xx_HAL_Driver/Src/stm32f1xx_hal.o
                0x00000000080018a4                HAL_IncTick
 .text.HAL_GetTick
                0x00000000080018c8       0x14 ./Drivers/STM32F1xx_HAL_Driver/Src/stm32f1xx_hal.o
                0x00000000080018c8                HAL_GetTick
 .text.HAL_CAN_Init
                0x00000000080018dc      0x28c ./Drivers/STM32F1xx_HAL_Driver/Src/stm32f1xx_hal_can.o
                0x00000000080018dc                HAL_CAN_Init
 .text.HAL_CAN_ConfigFilter
                0x0000000008001b68      0x192 ./Drivers/STM32F1xx_HAL_Driver/Src/stm32f1xx_hal_can.o
                0x0000000008001b68                HAL_CAN_ConfigFilter
 .text.HAL_CAN_Start
                0x0000000008001cfa       0x88 ./Drivers/STM32F1xx_HAL_Driver/Src/stm32f1xx_hal_can.o
                0x0000000008001cfa                HAL_CAN_Start
 .text.HAL_CAN_GetRxMessage
                0x0000000008001d82      0x242 ./Drivers/STM32F1xx_HAL_Driver/Src/stm32f1xx_hal_can.o
                0x0000000008001d82                HAL_CAN_GetRxMessage
 .text.HAL_CAN_ActivateNotification
                0x0000000008001fc4       0x4a ./Drivers/STM32F1xx_HAL_Driver/Src/stm32f1xx_hal_can.o
                0x0000000008001fc4                HAL_CAN_ActivateNotification
 .text.HAL_CAN_IRQHandler
                0x000000000800200e      0x38a ./Drivers/STM32F1xx_HAL_Driver/Src/stm32f1xx_hal_can.o
                0x000000000800200e                HAL_CAN_IRQHandler
 .text.HAL_CAN_TxMailbox0CompleteCallback
                0x0000000008002398       0x12 ./Drivers/STM32F1xx_HAL_Driver/Src/stm32f1xx_hal_can.o
                0x0000000008002398                HAL_CAN_TxMailbox0CompleteCallback
 .text.HAL_CAN_TxMailbox1CompleteCallback
                0x00000000080023aa       0x12 ./Drivers/STM32F1xx_HAL_Driver/Src/stm32f1xx_hal_can.o
                0x00000000080023aa                HAL_CAN_TxMailbox1CompleteCallback
 .text.HAL_CAN_TxMailbox2CompleteCallback
                0x00000000080023bc       0x12 ./Drivers/STM32F1xx_HAL_Driver/Src/stm32f1xx_hal_can.o
                0x00000000080023bc                HAL_CAN_TxMailbox2CompleteCallback
 .text.HAL_CAN_TxMailbox0AbortCallback
                0x00000000080023ce       0x12 ./Drivers/STM32F1xx_HAL_Driver/Src/stm32f1xx_hal_can.o
                0x00000000080023ce                HAL_CAN_TxMailbox0AbortCallback
 .text.HAL_CAN_TxMailbox1AbortCallback
                0x00000000080023e0       0x12 ./Drivers/STM32F1xx_HAL_Driver/Src/stm32f1xx_hal_can.o
                0x00000000080023e0                HAL_CAN_TxMailbox1AbortCallback
 .text.HAL_CAN_TxMailbox2AbortCallback
                0x00000000080023f2       0x12 ./Drivers/STM32F1xx_HAL_Driver/Src/stm32f1xx_hal_can.o
                0x00000000080023f2                HAL_CAN_TxMailbox2AbortCallback
 .text.HAL_CAN_RxFifo0FullCallback
                0x0000000008002404       0x12 ./Drivers/STM32F1xx_HAL_Driver/Src/stm32f1xx_hal_can.o
                0x0000000008002404                HAL_CAN_RxFifo0FullCallback
 .text.HAL_CAN_RxFifo1FullCallback
                0x0000000008002416       0x12 ./Drivers/STM32F1xx_HAL_Driver/Src/stm32f1xx_hal_can.o
                0x0000000008002416                HAL_CAN_RxFifo1FullCallback
 .text.HAL_CAN_SleepCallback
                0x0000000008002428       0x12 ./Drivers/STM32F1xx_HAL_Driver/Src/stm32f1xx_hal_can.o
                0x0000000008002428                HAL_CAN_SleepCallback
 .text.HAL_CAN_WakeUpFromRxMsgCallback
                0x000000000800243a       0x12 ./Drivers/STM32F1xx_HAL_Driver/Src/stm32f1xx_hal_can.o
                0x000000000800243a                HAL_CAN_WakeUpFromRxMsgCallback
 .text.HAL_CAN_ErrorCallback
                0x000000000800244c       0x12 ./Drivers/STM32F1xx_HAL_Driver/Src/stm32f1xx_hal_can.o
                0x000000000800244c                HAL_CAN_ErrorCallback
 .text.HAL_CAN_ResetError
                0x000000000800245e       0x44 ./Drivers/STM32F1xx_HAL_Driver/Src/stm32f1xx_hal_can.o
                0x000000000800245e                HAL_CAN_ResetError
 *fill*         0x00000000080024a2        0x2 
 .text.__NVIC_SetPriorityGrouping
                0x00000000080024a4       0x48 ./Drivers/STM32F1xx_HAL_Driver/Src/stm32f1xx_hal_cortex.o
 .text.__NVIC_GetPriorityGrouping
                0x00000000080024ec       0x1c ./Drivers/STM32F1xx_HAL_Driver/Src/stm32f1xx_hal_cortex.o
 .text.__NVIC_EnableIRQ
                0x0000000008002508       0x38 ./Drivers/STM32F1xx_HAL_Driver/Src/stm32f1xx_hal_cortex.o
 .text.__NVIC_SetPriority
                0x0000000008002540       0x54 ./Drivers/STM32F1xx_HAL_Driver/Src/stm32f1xx_hal_cortex.o
 .text.NVIC_EncodePriority
                0x0000000008002594       0x64 ./Drivers/STM32F1xx_HAL_Driver/Src/stm32f1xx_hal_cortex.o
 .text.HAL_NVIC_SetPriorityGrouping
                0x00000000080025f8       0x16 ./Drivers/STM32F1xx_HAL_Driver/Src/stm32f1xx_hal_cortex.o
                0x00000000080025f8                HAL_NVIC_SetPriorityGrouping
 .text.HAL_NVIC_SetPriority
                0x000000000800260e       0x38 ./Drivers/STM32F1xx_HAL_Driver/Src/stm32f1xx_hal_cortex.o
                0x000000000800260e                HAL_NVIC_SetPriority
 .text.HAL_NVIC_EnableIRQ
                0x0000000008002646       0x1c ./Drivers/STM32F1xx_HAL_Driver/Src/stm32f1xx_hal_cortex.o
                0x0000000008002646                HAL_NVIC_EnableIRQ
 *fill*         0x0000000008002662        0x2 
 .text.HAL_DMA_Init
                0x0000000008002664       0xb4 ./Drivers/STM32F1xx_HAL_Driver/Src/stm32f1xx_hal_dma.o
                0x0000000008002664                HAL_DMA_Init
 .text.HAL_DMA_Abort_IT
                0x0000000008002718       0xf0 ./Drivers/STM32F1xx_HAL_Driver/Src/stm32f1xx_hal_dma.o
                0x0000000008002718                HAL_DMA_Abort_IT
 .text.HAL_DMA_IRQHandler
                0x0000000008002808      0x20c ./Drivers/STM32F1xx_HAL_Driver/Src/stm32f1xx_hal_dma.o
                0x0000000008002808                HAL_DMA_IRQHandler
 .text.HAL_DMA_GetState
                0x0000000008002a14       0x1a ./Drivers/STM32F1xx_HAL_Driver/Src/stm32f1xx_hal_dma.o
                0x0000000008002a14                HAL_DMA_GetState
 *fill*         0x0000000008002a2e        0x2 
 .text.HAL_GPIO_Init
                0x0000000008002a30      0x308 ./Drivers/STM32F1xx_HAL_Driver/Src/stm32f1xx_hal_gpio.o
                0x0000000008002a30                HAL_GPIO_Init
 .text.HAL_GPIO_WritePin
                0x0000000008002d38       0x30 ./Drivers/STM32F1xx_HAL_Driver/Src/stm32f1xx_hal_gpio.o
                0x0000000008002d38                HAL_GPIO_WritePin
 .text.HAL_I2C_Init
                0x0000000008002d68      0x288 ./Drivers/STM32F1xx_HAL_Driver/Src/stm32f1xx_hal_i2c.o
                0x0000000008002d68                HAL_I2C_Init
 .text.I2C_Flush_DR
                0x0000000008002ff0       0x28 ./Drivers/STM32F1xx_HAL_Driver/Src/stm32f1xx_hal_i2c.o
 .text.HAL_I2C_Mem_Write_IT
                0x0000000008003018      0x158 ./Drivers/STM32F1xx_HAL_Driver/Src/stm32f1xx_hal_i2c.o
                0x0000000008003018                HAL_I2C_Mem_Write_IT
 .text.HAL_I2C_IsDeviceReady
                0x0000000008003170      0x25c ./Drivers/STM32F1xx_HAL_Driver/Src/stm32f1xx_hal_i2c.o
                0x0000000008003170                HAL_I2C_IsDeviceReady
 .text.HAL_I2C_EV_IRQHandler
                0x00000000080033cc      0x2a6 ./Drivers/STM32F1xx_HAL_Driver/Src/stm32f1xx_hal_i2c.o
                0x00000000080033cc                HAL_I2C_EV_IRQHandler
 .text.HAL_I2C_MasterTxCpltCallback
                0x0000000008003672       0x12 ./Drivers/STM32F1xx_HAL_Driver/Src/stm32f1xx_hal_i2c.o
                0x0000000008003672                HAL_I2C_MasterTxCpltCallback
 .text.HAL_I2C_MasterRxCpltCallback
                0x0000000008003684       0x12 ./Drivers/STM32F1xx_HAL_Driver/Src/stm32f1xx_hal_i2c.o
                0x0000000008003684                HAL_I2C_MasterRxCpltCallback
 .text.HAL_I2C_SlaveTxCpltCallback
                0x0000000008003696       0x12 ./Drivers/STM32F1xx_HAL_Driver/Src/stm32f1xx_hal_i2c.o
                0x0000000008003696                HAL_I2C_SlaveTxCpltCallback
 .text.HAL_I2C_SlaveRxCpltCallback
                0x00000000080036a8       0x12 ./Drivers/STM32F1xx_HAL_Driver/Src/stm32f1xx_hal_i2c.o
                0x00000000080036a8                HAL_I2C_SlaveRxCpltCallback
 .text.HAL_I2C_AddrCallback
                0x00000000080036ba       0x1a ./Drivers/STM32F1xx_HAL_Driver/Src/stm32f1xx_hal_i2c.o
                0x00000000080036ba                HAL_I2C_AddrCallback
 .text.HAL_I2C_ListenCpltCallback
                0x00000000080036d4       0x12 ./Drivers/STM32F1xx_HAL_Driver/Src/stm32f1xx_hal_i2c.o
                0x00000000080036d4                HAL_I2C_ListenCpltCallback
 .text.HAL_I2C_ErrorCallback
                0x00000000080036e6       0x12 ./Drivers/STM32F1xx_HAL_Driver/Src/stm32f1xx_hal_i2c.o
                0x00000000080036e6                HAL_I2C_ErrorCallback
 .text.HAL_I2C_AbortCpltCallback
                0x00000000080036f8       0x12 ./Drivers/STM32F1xx_HAL_Driver/Src/stm32f1xx_hal_i2c.o
                0x00000000080036f8                HAL_I2C_AbortCpltCallback
 .text.I2C_MasterTransmit_TXE
                0x000000000800370a      0x138 ./Drivers/STM32F1xx_HAL_Driver/Src/stm32f1xx_hal_i2c.o
 .text.I2C_MasterTransmit_BTF
                0x0000000008003842       0xec ./Drivers/STM32F1xx_HAL_Driver/Src/stm32f1xx_hal_i2c.o
 .text.I2C_MemoryTransmit_TXE_BTF
                0x000000000800392e      0x130 ./Drivers/STM32F1xx_HAL_Driver/Src/stm32f1xx_hal_i2c.o
 .text.I2C_MasterReceive_RXNE
                0x0000000008003a5e      0x176 ./Drivers/STM32F1xx_HAL_Driver/Src/stm32f1xx_hal_i2c.o
 .text.I2C_MasterReceive_BTF
                0x0000000008003bd4      0x1d4 ./Drivers/STM32F1xx_HAL_Driver/Src/stm32f1xx_hal_i2c.o
 .text.I2C_Master_SB
                0x0000000008003da8      0x10a ./Drivers/STM32F1xx_HAL_Driver/Src/stm32f1xx_hal_i2c.o
 .text.I2C_Master_ADD10
                0x0000000008003eb2       0x52 ./Drivers/STM32F1xx_HAL_Driver/Src/stm32f1xx_hal_i2c.o
 .text.I2C_Master_ADDR
                0x0000000008003f04      0x336 ./Drivers/STM32F1xx_HAL_Driver/Src/stm32f1xx_hal_i2c.o
 .text.I2C_SlaveTransmit_TXE
                0x000000000800423a       0x7a ./Drivers/STM32F1xx_HAL_Driver/Src/stm32f1xx_hal_i2c.o
 .text.I2C_SlaveTransmit_BTF
                0x00000000080042b4       0x40 ./Drivers/STM32F1xx_HAL_Driver/Src/stm32f1xx_hal_i2c.o
 .text.I2C_SlaveReceive_RXNE
                0x00000000080042f4       0x7c ./Drivers/STM32F1xx_HAL_Driver/Src/stm32f1xx_hal_i2c.o
 .text.I2C_SlaveReceive_BTF
                0x0000000008004370       0x42 ./Drivers/STM32F1xx_HAL_Driver/Src/stm32f1xx_hal_i2c.o
 .text.I2C_Slave_ADDR
                0x00000000080043b2       0x90 ./Drivers/STM32F1xx_HAL_Driver/Src/stm32f1xx_hal_i2c.o
 *fill*         0x0000000008004442        0x2 
 .text.I2C_Slave_STOPF
                0x0000000008004444      0x260 ./Drivers/STM32F1xx_HAL_Driver/Src/stm32f1xx_hal_i2c.o
 .text.I2C_ITError
                0x00000000080046a4      0x264 ./Drivers/STM32F1xx_HAL_Driver/Src/stm32f1xx_hal_i2c.o
 .text.I2C_DMAAbort
                0x0000000008004908      0x150 ./Drivers/STM32F1xx_HAL_Driver/Src/stm32f1xx_hal_i2c.o
 .text.I2C_WaitOnFlagUntilTimeout
                0x0000000008004a58       0xf4 ./Drivers/STM32F1xx_HAL_Driver/Src/stm32f1xx_hal_i2c.o
 .text.I2C_WaitOnSTOPRequestThroughIT
                0x0000000008004b4c       0x64 ./Drivers/STM32F1xx_HAL_Driver/Src/stm32f1xx_hal_i2c.o
 .text.I2C_ConvertOtherXferOptions
                0x0000000008004bb0       0x34 ./Drivers/STM32F1xx_HAL_Driver/Src/stm32f1xx_hal_i2c.o
 .text.HAL_RCC_OscConfig
                0x0000000008004be4      0x504 ./Drivers/STM32F1xx_HAL_Driver/Src/stm32f1xx_hal_rcc.o
                0x0000000008004be4                HAL_RCC_OscConfig
 .text.HAL_RCC_ClockConfig
                0x00000000080050e8      0x1d4 ./Drivers/STM32F1xx_HAL_Driver/Src/stm32f1xx_hal_rcc.o
                0x00000000080050e8                HAL_RCC_ClockConfig
 .text.HAL_RCC_GetSysClockFreq
                0x00000000080052bc       0xa8 ./Drivers/STM32F1xx_HAL_Driver/Src/stm32f1xx_hal_rcc.o
                0x00000000080052bc                HAL_RCC_GetSysClockFreq
 .text.HAL_RCC_GetHCLKFreq
                0x0000000008005364       0x14 ./Drivers/STM32F1xx_HAL_Driver/Src/stm32f1xx_hal_rcc.o
                0x0000000008005364                HAL_RCC_GetHCLKFreq
 .text.HAL_RCC_GetPCLK1Freq
                0x0000000008005378       0x28 ./Drivers/STM32F1xx_HAL_Driver/Src/stm32f1xx_hal_rcc.o
                0x0000000008005378                HAL_RCC_GetPCLK1Freq
 .text.HAL_RCC_GetPCLK2Freq
                0x00000000080053a0       0x28 ./Drivers/STM32F1xx_HAL_Driver/Src/stm32f1xx_hal_rcc.o
                0x00000000080053a0                HAL_RCC_GetPCLK2Freq
 .text.HAL_RCC_GetClockConfig
                0x00000000080053c8       0x60 ./Drivers/STM32F1xx_HAL_Driver/Src/stm32f1xx_hal_rcc.o
                0x00000000080053c8                HAL_RCC_GetClockConfig
 .text.RCC_Delay
                0x0000000008005428       0x3c ./Drivers/STM32F1xx_HAL_Driver/Src/stm32f1xx_hal_rcc.o
 .text.HAL_TIM_Base_Init
                0x0000000008005464       0x9e ./Drivers/STM32F1xx_HAL_Driver/Src/stm32f1xx_hal_tim.o
                0x0000000008005464                HAL_TIM_Base_Init
 .text.HAL_TIM_Base_MspInit
                0x0000000008005502       0x12 ./Drivers/STM32F1xx_HAL_Driver/Src/stm32f1xx_hal_tim.o
                0x0000000008005502                HAL_TIM_Base_MspInit
 .text.HAL_TIM_Base_Start_IT
                0x0000000008005514       0xa4 ./Drivers/STM32F1xx_HAL_Driver/Src/stm32f1xx_hal_tim.o
                0x0000000008005514                HAL_TIM_Base_Start_IT
 .text.HAL_TIM_PWM_Init
                0x00000000080055b8       0x9e ./Drivers/STM32F1xx_HAL_Driver/Src/stm32f1xx_hal_tim.o
                0x00000000080055b8                HAL_TIM_PWM_Init
 *fill*         0x0000000008005656        0x2 
 .text.HAL_TIM_PWM_Start
                0x0000000008005658      0x144 ./Drivers/STM32F1xx_HAL_Driver/Src/stm32f1xx_hal_tim.o
                0x0000000008005658                HAL_TIM_PWM_Start
 .text.HAL_TIM_Encoder_Init
                0x000000000800579c      0x144 ./Drivers/STM32F1xx_HAL_Driver/Src/stm32f1xx_hal_tim.o
                0x000000000800579c                HAL_TIM_Encoder_Init
 .text.HAL_TIM_Encoder_Start
                0x00000000080058e0      0x11c ./Drivers/STM32F1xx_HAL_Driver/Src/stm32f1xx_hal_tim.o
                0x00000000080058e0                HAL_TIM_Encoder_Start
 .text.HAL_TIM_Encoder_Stop
                0x00000000080059fc      0x12e ./Drivers/STM32F1xx_HAL_Driver/Src/stm32f1xx_hal_tim.o
                0x00000000080059fc                HAL_TIM_Encoder_Stop
 .text.HAL_TIM_IRQHandler
                0x0000000008005b2a      0x210 ./Drivers/STM32F1xx_HAL_Driver/Src/stm32f1xx_hal_tim.o
                0x0000000008005b2a                HAL_TIM_IRQHandler
 *fill*         0x0000000008005d3a        0x2 
 .text.HAL_TIM_PWM_ConfigChannel
                0x0000000008005d3c      0x184 ./Drivers/STM32F1xx_HAL_Driver/Src/stm32f1xx_hal_tim.o
                0x0000000008005d3c                HAL_TIM_PWM_ConfigChannel
 .text.HAL_TIM_OC_DelayElapsedCallback
                0x0000000008005ec0       0x12 ./Drivers/STM32F1xx_HAL_Driver/Src/stm32f1xx_hal_tim.o
                0x0000000008005ec0                HAL_TIM_OC_DelayElapsedCallback
 .text.HAL_TIM_IC_CaptureCallback
                0x0000000008005ed2       0x12 ./Drivers/STM32F1xx_HAL_Driver/Src/stm32f1xx_hal_tim.o
                0x0000000008005ed2                HAL_TIM_IC_CaptureCallback
 .text.HAL_TIM_PWM_PulseFinishedCallback
                0x0000000008005ee4       0x12 ./Drivers/STM32F1xx_HAL_Driver/Src/stm32f1xx_hal_tim.o
                0x0000000008005ee4                HAL_TIM_PWM_PulseFinishedCallback
 .text.HAL_TIM_TriggerCallback
                0x0000000008005ef6       0x12 ./Drivers/STM32F1xx_HAL_Driver/Src/stm32f1xx_hal_tim.o
                0x0000000008005ef6                HAL_TIM_TriggerCallback
 .text.TIM_Base_SetConfig
                0x0000000008005f08       0xc4 ./Drivers/STM32F1xx_HAL_Driver/Src/stm32f1xx_hal_tim.o
                0x0000000008005f08                TIM_Base_SetConfig
 .text.TIM_OC1_SetConfig
                0x0000000008005fcc       0xcc ./Drivers/STM32F1xx_HAL_Driver/Src/stm32f1xx_hal_tim.o
 .text.TIM_OC2_SetConfig
                0x0000000008006098       0xd4 ./Drivers/STM32F1xx_HAL_Driver/Src/stm32f1xx_hal_tim.o
                0x0000000008006098                TIM_OC2_SetConfig
 .text.TIM_OC3_SetConfig
                0x000000000800616c       0xd4 ./Drivers/STM32F1xx_HAL_Driver/Src/stm32f1xx_hal_tim.o
 .text.TIM_OC4_SetConfig
                0x0000000008006240       0x9c ./Drivers/STM32F1xx_HAL_Driver/Src/stm32f1xx_hal_tim.o
 .text.TIM_CCxChannelCmd
                0x00000000080062dc       0x48 ./Drivers/STM32F1xx_HAL_Driver/Src/stm32f1xx_hal_tim.o
                0x00000000080062dc                TIM_CCxChannelCmd
 .text.HAL_TIMEx_MasterConfigSynchronization
                0x0000000008006324       0xbc ./Drivers/STM32F1xx_HAL_Driver/Src/stm32f1xx_hal_tim_ex.o
                0x0000000008006324                HAL_TIMEx_MasterConfigSynchronization
 .text.HAL_TIMEx_CommutCallback
                0x00000000080063e0       0x12 ./Drivers/STM32F1xx_HAL_Driver/Src/stm32f1xx_hal_tim_ex.o
                0x00000000080063e0                HAL_TIMEx_CommutCallback
 .text.HAL_TIMEx_BreakCallback
                0x00000000080063f2       0x12 ./Drivers/STM32F1xx_HAL_Driver/Src/stm32f1xx_hal_tim_ex.o
                0x00000000080063f2                HAL_TIMEx_BreakCallback
 .text.HAL_UART_Init
                0x0000000008006404       0xa0 ./Drivers/STM32F1xx_HAL_Driver/Src/stm32f1xx_hal_uart.o
                0x0000000008006404                HAL_UART_Init
 .text.UART_SetConfig
                0x00000000080064a4      0x11c ./Drivers/STM32F1xx_HAL_Driver/Src/stm32f1xx_hal_uart.o
 .text.osKernelInitialize
                0x00000000080065c0       0x64 ./Middlewares/Third_Party/FreeRTOS/Source/CMSIS_RTOS_V2/cmsis_os2.o
                0x00000000080065c0                osKernelInitialize
 .text.osKernelStart
                0x0000000008006624       0x68 ./Middlewares/Third_Party/FreeRTOS/Source/CMSIS_RTOS_V2/cmsis_os2.o
                0x0000000008006624                osKernelStart
 .text.osKernelGetTickCount
                0x000000000800668c       0x50 ./Middlewares/Third_Party/FreeRTOS/Source/CMSIS_RTOS_V2/cmsis_os2.o
                0x000000000800668c                osKernelGetTickCount
 .text.osThreadNew
                0x00000000080066dc      0x154 ./Middlewares/Third_Party/FreeRTOS/Source/CMSIS_RTOS_V2/cmsis_os2.o
                0x00000000080066dc                osThreadNew
 .text.osThreadSetPriority
                0x0000000008006830       0x78 ./Middlewares/Third_Party/FreeRTOS/Source/CMSIS_RTOS_V2/cmsis_os2.o
                0x0000000008006830                osThreadSetPriority
 .text.osThreadSuspend
                0x00000000080068a8       0x68 ./Middlewares/Third_Party/FreeRTOS/Source/CMSIS_RTOS_V2/cmsis_os2.o
                0x00000000080068a8                osThreadSuspend
 .text.osThreadResume
                0x0000000008006910       0x68 ./Middlewares/Third_Party/FreeRTOS/Source/CMSIS_RTOS_V2/cmsis_os2.o
                0x0000000008006910                osThreadResume
 .text.osDelay  0x0000000008006978       0x5c ./Middlewares/Third_Party/FreeRTOS/Source/CMSIS_RTOS_V2/cmsis_os2.o
                0x0000000008006978                osDelay
 .text.osEventFlagsNew
                0x00000000080069d4       0xa4 ./Middlewares/Third_Party/FreeRTOS/Source/CMSIS_RTOS_V2/cmsis_os2.o
                0x00000000080069d4                osEventFlagsNew
 .text.osEventFlagsSet
                0x0000000008006a78       0xb0 ./Middlewares/Third_Party/FreeRTOS/Source/CMSIS_RTOS_V2/cmsis_os2.o
                0x0000000008006a78                osEventFlagsSet
 .text.osEventFlagsClear
                0x0000000008006b28       0x88 ./Middlewares/Third_Party/FreeRTOS/Source/CMSIS_RTOS_V2/cmsis_os2.o
                0x0000000008006b28                osEventFlagsClear
 .text.osEventFlagsWait
                0x0000000008006bb0       0xec ./Middlewares/Third_Party/FreeRTOS/Source/CMSIS_RTOS_V2/cmsis_os2.o
                0x0000000008006bb0                osEventFlagsWait
 .text.osMutexNew
                0x0000000008006c9c      0x134 ./Middlewares/Third_Party/FreeRTOS/Source/CMSIS_RTOS_V2/cmsis_os2.o
                0x0000000008006c9c                osMutexNew
 .text.osMutexAcquire
                0x0000000008006dd0       0xbc ./Middlewares/Third_Party/FreeRTOS/Source/CMSIS_RTOS_V2/cmsis_os2.o
                0x0000000008006dd0                osMutexAcquire
 .text.osMutexRelease
                0x0000000008006e8c       0xa0 ./Middlewares/Third_Party/FreeRTOS/Source/CMSIS_RTOS_V2/cmsis_os2.o
                0x0000000008006e8c                osMutexRelease
 .text.osSemaphoreNew
                0x0000000008006f2c      0x138 ./Middlewares/Third_Party/FreeRTOS/Source/CMSIS_RTOS_V2/cmsis_os2.o
                0x0000000008006f2c                osSemaphoreNew
 .text.osSemaphoreAcquire
                0x0000000008007064       0xcc ./Middlewares/Third_Party/FreeRTOS/Source/CMSIS_RTOS_V2/cmsis_os2.o
                0x0000000008007064                osSemaphoreAcquire
 .text.osSemaphoreRelease
                0x0000000008007130       0xb0 ./Middlewares/Third_Party/FreeRTOS/Source/CMSIS_RTOS_V2/cmsis_os2.o
                0x0000000008007130                osSemaphoreRelease
 .text.vApplicationGetIdleTaskMemory
                0x00000000080071e0       0x30 ./Middlewares/Third_Party/FreeRTOS/Source/CMSIS_RTOS_V2/cmsis_os2.o
                0x00000000080071e0                vApplicationGetIdleTaskMemory
 .text.vApplicationGetTimerTaskMemory
                0x0000000008007210       0x30 ./Middlewares/Third_Party/FreeRTOS/Source/CMSIS_RTOS_V2/cmsis_os2.o
                0x0000000008007210                vApplicationGetTimerTaskMemory
 .text.xEventGroupCreateStatic
                0x0000000008007240       0x6e ./Middlewares/Third_Party/FreeRTOS/Source/event_groups.o
                0x0000000008007240                xEventGroupCreateStatic
 .text.xEventGroupCreate
                0x00000000080072ae       0x34 ./Middlewares/Third_Party/FreeRTOS/Source/event_groups.o
                0x00000000080072ae                xEventGroupCreate
 *fill*         0x00000000080072e2        0x2 
 .text.xEventGroupWaitBits
                0x00000000080072e4      0x19c ./Middlewares/Third_Party/FreeRTOS/Source/event_groups.o
                0x00000000080072e4                xEventGroupWaitBits
 .text.xEventGroupClearBits
                0x0000000008007480       0x70 ./Middlewares/Third_Party/FreeRTOS/Source/event_groups.o
                0x0000000008007480                xEventGroupClearBits
 .text.xEventGroupClearBitsFromISR
                0x00000000080074f0       0x28 ./Middlewares/Third_Party/FreeRTOS/Source/event_groups.o
                0x00000000080074f0                xEventGroupClearBitsFromISR
 .text.xEventGroupGetBitsFromISR
                0x0000000008007518       0x46 ./Middlewares/Third_Party/FreeRTOS/Source/event_groups.o
                0x0000000008007518                xEventGroupGetBitsFromISR
 .text.xEventGroupSetBits
                0x000000000800755e      0x116 ./Middlewares/Third_Party/FreeRTOS/Source/event_groups.o
                0x000000000800755e                xEventGroupSetBits
 .text.vEventGroupSetBitsCallback
                0x0000000008007674       0x1a ./Middlewares/Third_Party/FreeRTOS/Source/event_groups.o
                0x0000000008007674                vEventGroupSetBitsCallback
 .text.vEventGroupClearBitsCallback
                0x000000000800768e       0x1a ./Middlewares/Third_Party/FreeRTOS/Source/event_groups.o
                0x000000000800768e                vEventGroupClearBitsCallback
 .text.prvTestWaitCondition
                0x00000000080076a8       0x42 ./Middlewares/Third_Party/FreeRTOS/Source/event_groups.o
 *fill*         0x00000000080076ea        0x2 
 .text.xEventGroupSetBitsFromISR
                0x00000000080076ec       0x28 ./Middlewares/Third_Party/FreeRTOS/Source/event_groups.o
                0x00000000080076ec                xEventGroupSetBitsFromISR
 .text.vListInitialise
                0x0000000008007714       0x3e ./Middlewares/Third_Party/FreeRTOS/Source/list.o
                0x0000000008007714                vListInitialise
 .text.vListInitialiseItem
                0x0000000008007752       0x18 ./Middlewares/Third_Party/FreeRTOS/Source/list.o
                0x0000000008007752                vListInitialiseItem
 .text.vListInsertEnd
                0x000000000800776a       0x46 ./Middlewares/Third_Party/FreeRTOS/Source/list.o
                0x000000000800776a                vListInsertEnd
 .text.vListInsert
                0x00000000080077b0       0x70 ./Middlewares/Third_Party/FreeRTOS/Source/list.o
                0x00000000080077b0                vListInsert
 .text.uxListRemove
                0x0000000008007820       0x52 ./Middlewares/Third_Party/FreeRTOS/Source/list.o
                0x0000000008007820                uxListRemove
 *fill*         0x0000000008007872        0x2 
 .text.xQueueGenericReset
                0x0000000008007874       0xd0 ./Middlewares/Third_Party/FreeRTOS/Source/queue.o
                0x0000000008007874                xQueueGenericReset
 .text.xQueueGenericCreateStatic
                0x0000000008007944       0xee ./Middlewares/Third_Party/FreeRTOS/Source/queue.o
                0x0000000008007944                xQueueGenericCreateStatic
 .text.xQueueGenericCreate
                0x0000000008007a32       0x7c ./Middlewares/Third_Party/FreeRTOS/Source/queue.o
                0x0000000008007a32                xQueueGenericCreate
 .text.prvInitialiseNewQueue
                0x0000000008007aae       0x46 ./Middlewares/Third_Party/FreeRTOS/Source/queue.o
 .text.prvInitialiseMutex
                0x0000000008007af4       0x34 ./Middlewares/Third_Party/FreeRTOS/Source/queue.o
 .text.xQueueCreateMutex
                0x0000000008007b28       0x30 ./Middlewares/Third_Party/FreeRTOS/Source/queue.o
                0x0000000008007b28                xQueueCreateMutex
 .text.xQueueCreateMutexStatic
                0x0000000008007b58       0x36 ./Middlewares/Third_Party/FreeRTOS/Source/queue.o
                0x0000000008007b58                xQueueCreateMutexStatic
 .text.xQueueGiveMutexRecursive
                0x0000000008007b8e       0x68 ./Middlewares/Third_Party/FreeRTOS/Source/queue.o
                0x0000000008007b8e                xQueueGiveMutexRecursive
 .text.xQueueTakeMutexRecursive
                0x0000000008007bf6       0x6c ./Middlewares/Third_Party/FreeRTOS/Source/queue.o
                0x0000000008007bf6                xQueueTakeMutexRecursive
 .text.xQueueCreateCountingSemaphoreStatic
                0x0000000008007c62       0x6e ./Middlewares/Third_Party/FreeRTOS/Source/queue.o
                0x0000000008007c62                xQueueCreateCountingSemaphoreStatic
 .text.xQueueCreateCountingSemaphore
                0x0000000008007cd0       0x66 ./Middlewares/Third_Party/FreeRTOS/Source/queue.o
                0x0000000008007cd0                xQueueCreateCountingSemaphore
 *fill*         0x0000000008007d36        0x2 
 .text.xQueueGenericSend
                0x0000000008007d38      0x1fc ./Middlewares/Third_Party/FreeRTOS/Source/queue.o
                0x0000000008007d38                xQueueGenericSend
 .text.xQueueGenericSendFromISR
                0x0000000008007f34      0x130 ./Middlewares/Third_Party/FreeRTOS/Source/queue.o
                0x0000000008007f34                xQueueGenericSendFromISR
 .text.xQueueGiveFromISR
                0x0000000008008064      0x11a ./Middlewares/Third_Party/FreeRTOS/Source/queue.o
                0x0000000008008064                xQueueGiveFromISR
 *fill*         0x000000000800817e        0x2 
 .text.xQueueReceive
                0x0000000008008180      0x1c0 ./Middlewares/Third_Party/FreeRTOS/Source/queue.o
                0x0000000008008180                xQueueReceive
 .text.xQueueSemaphoreTake
                0x0000000008008340      0x218 ./Middlewares/Third_Party/FreeRTOS/Source/queue.o
                0x0000000008008340                xQueueSemaphoreTake
 .text.xQueueReceiveFromISR
                0x0000000008008558      0x100 ./Middlewares/Third_Party/FreeRTOS/Source/queue.o
                0x0000000008008558                xQueueReceiveFromISR
 .text.vQueueDelete
                0x0000000008008658       0x46 ./Middlewares/Third_Party/FreeRTOS/Source/queue.o
                0x0000000008008658                vQueueDelete
 .text.prvGetDisinheritPriorityAfterTimeout
                0x000000000800869e       0x2e ./Middlewares/Third_Party/FreeRTOS/Source/queue.o
 .text.prvCopyDataToQueue
                0x00000000080086cc       0xd4 ./Middlewares/Third_Party/FreeRTOS/Source/queue.o
 .text.prvCopyDataFromQueue
                0x00000000080087a0       0x4c ./Middlewares/Third_Party/FreeRTOS/Source/queue.o
 .text.prvUnlockQueue
                0x00000000080087ec       0xa4 ./Middlewares/Third_Party/FreeRTOS/Source/queue.o
 .text.prvIsQueueEmpty
                0x0000000008008890       0x2c ./Middlewares/Third_Party/FreeRTOS/Source/queue.o
 .text.prvIsQueueFull
                0x00000000080088bc       0x30 ./Middlewares/Third_Party/FreeRTOS/Source/queue.o
 .text.vQueueAddToRegistry
                0x00000000080088ec       0x50 ./Middlewares/Third_Party/FreeRTOS/Source/queue.o
                0x00000000080088ec                vQueueAddToRegistry
 .text.vQueueUnregisterQueue
                0x000000000800893c       0x54 ./Middlewares/Third_Party/FreeRTOS/Source/queue.o
                0x000000000800893c                vQueueUnregisterQueue
 .text.vQueueWaitForMessageRestricted
                0x0000000008008990       0x68 ./Middlewares/Third_Party/FreeRTOS/Source/queue.o
                0x0000000008008990                vQueueWaitForMessageRestricted
 .text.xTaskCreateStatic
                0x00000000080089f8       0xb8 ./Middlewares/Third_Party/FreeRTOS/Source/tasks.o
                0x00000000080089f8                xTaskCreateStatic
 .text.xTaskCreate
                0x0000000008008ab0       0x8a ./Middlewares/Third_Party/FreeRTOS/Source/tasks.o
                0x0000000008008ab0                xTaskCreate
 *fill*         0x0000000008008b3a        0x2 
 .text.prvInitialiseNewTask
                0x0000000008008b3c      0x13c ./Middlewares/Third_Party/FreeRTOS/Source/tasks.o
 .text.prvAddNewTaskToReadyList
                0x0000000008008c78       0xe0 ./Middlewares/Third_Party/FreeRTOS/Source/tasks.o
 .text.vTaskDelay
                0x0000000008008d58       0x68 ./Middlewares/Third_Party/FreeRTOS/Source/tasks.o
                0x0000000008008d58                vTaskDelay
 .text.vTaskPrioritySet
                0x0000000008008dc0      0x144 ./Middlewares/Third_Party/FreeRTOS/Source/tasks.o
                0x0000000008008dc0                vTaskPrioritySet
 .text.vTaskSuspend
                0x0000000008008f04       0xec ./Middlewares/Third_Party/FreeRTOS/Source/tasks.o
                0x0000000008008f04                vTaskSuspend
 .text.prvTaskIsTaskSuspended
                0x0000000008008ff0       0x74 ./Middlewares/Third_Party/FreeRTOS/Source/tasks.o
 .text.vTaskResume
                0x0000000008009064       0xbc ./Middlewares/Third_Party/FreeRTOS/Source/tasks.o
                0x0000000008009064                vTaskResume
 .text.vTaskStartScheduler
                0x0000000008009120       0xe0 ./Middlewares/Third_Party/FreeRTOS/Source/tasks.o
                0x0000000008009120                vTaskStartScheduler
 .text.vTaskSuspendAll
                0x0000000008009200       0x1c ./Middlewares/Third_Party/FreeRTOS/Source/tasks.o
                0x0000000008009200                vTaskSuspendAll
 .text.xTaskResumeAll
                0x000000000800921c      0x13c ./Middlewares/Third_Party/FreeRTOS/Source/tasks.o
                0x000000000800921c                xTaskResumeAll
 .text.xTaskGetTickCount
                0x0000000008009358       0x1c ./Middlewares/Third_Party/FreeRTOS/Source/tasks.o
                0x0000000008009358                xTaskGetTickCount
 .text.xTaskGetTickCountFromISR
                0x0000000008009374       0x24 ./Middlewares/Third_Party/FreeRTOS/Source/tasks.o
                0x0000000008009374                xTaskGetTickCountFromISR
 .text.xTaskIncrementTick
                0x0000000008009398      0x17c ./Middlewares/Third_Party/FreeRTOS/Source/tasks.o
                0x0000000008009398                xTaskIncrementTick
 .text.vTaskSwitchContext
                0x0000000008009514       0xc8 ./Middlewares/Third_Party/FreeRTOS/Source/tasks.o
                0x0000000008009514                vTaskSwitchContext
 .text.vTaskPlaceOnEventList
                0x00000000080095dc       0x48 ./Middlewares/Third_Party/FreeRTOS/Source/tasks.o
                0x00000000080095dc                vTaskPlaceOnEventList
 .text.vTaskPlaceOnUnorderedEventList
                0x0000000008009624       0x78 ./Middlewares/Third_Party/FreeRTOS/Source/tasks.o
                0x0000000008009624                vTaskPlaceOnUnorderedEventList
 .text.vTaskPlaceOnEventListRestricted
                0x000000000800969c       0x58 ./Middlewares/Third_Party/FreeRTOS/Source/tasks.o
                0x000000000800969c                vTaskPlaceOnEventListRestricted
 .text.xTaskRemoveFromEventList
                0x00000000080096f4       0xc8 ./Middlewares/Third_Party/FreeRTOS/Source/tasks.o
                0x00000000080096f4                xTaskRemoveFromEventList
 .text.vTaskRemoveFromUnorderedEventList
                0x00000000080097bc       0xc4 ./Middlewares/Third_Party/FreeRTOS/Source/tasks.o
                0x00000000080097bc                vTaskRemoveFromUnorderedEventList
 .text.vTaskInternalSetTimeOutState
                0x0000000008009880       0x2c ./Middlewares/Third_Party/FreeRTOS/Source/tasks.o
                0x0000000008009880                vTaskInternalSetTimeOutState
 .text.xTaskCheckForTimeOut
                0x00000000080098ac       0xc4 ./Middlewares/Third_Party/FreeRTOS/Source/tasks.o
                0x00000000080098ac                xTaskCheckForTimeOut
 .text.vTaskMissedYield
                0x0000000008009970       0x18 ./Middlewares/Third_Party/FreeRTOS/Source/tasks.o
                0x0000000008009970                vTaskMissedYield
 .text.prvIdleTask
                0x0000000008009988       0x30 ./Middlewares/Third_Party/FreeRTOS/Source/tasks.o
 .text.prvInitialiseTaskLists
                0x00000000080099b8       0x80 ./Middlewares/Third_Party/FreeRTOS/Source/tasks.o
 .text.prvCheckTasksWaitingTermination
                0x0000000008009a38       0x5c ./Middlewares/Third_Party/FreeRTOS/Source/tasks.o
 .text.prvDeleteTCB
                0x0000000008009a94       0x68 ./Middlewares/Third_Party/FreeRTOS/Source/tasks.o
 .text.prvResetNextTaskUnblockTime
                0x0000000008009afc       0x48 ./Middlewares/Third_Party/FreeRTOS/Source/tasks.o
 .text.xTaskGetCurrentTaskHandle
                0x0000000008009b44       0x1c ./Middlewares/Third_Party/FreeRTOS/Source/tasks.o
                0x0000000008009b44                xTaskGetCurrentTaskHandle
 .text.xTaskGetSchedulerState
                0x0000000008009b60       0x3c ./Middlewares/Third_Party/FreeRTOS/Source/tasks.o
                0x0000000008009b60                xTaskGetSchedulerState
 .text.xTaskPriorityInherit
                0x0000000008009b9c       0xdc ./Middlewares/Third_Party/FreeRTOS/Source/tasks.o
                0x0000000008009b9c                xTaskPriorityInherit
 .text.xTaskPriorityDisinherit
                0x0000000008009c78       0xdc ./Middlewares/Third_Party/FreeRTOS/Source/tasks.o
                0x0000000008009c78                xTaskPriorityDisinherit
 .text.vTaskPriorityDisinheritAfterTimeout
                0x0000000008009d54      0x10c ./Middlewares/Third_Party/FreeRTOS/Source/tasks.o
                0x0000000008009d54                vTaskPriorityDisinheritAfterTimeout
 .text.uxTaskResetEventItemValue
                0x0000000008009e60       0x30 ./Middlewares/Third_Party/FreeRTOS/Source/tasks.o
                0x0000000008009e60                uxTaskResetEventItemValue
 .text.pvTaskIncrementMutexHeldCount
                0x0000000008009e90       0x28 ./Middlewares/Third_Party/FreeRTOS/Source/tasks.o
                0x0000000008009e90                pvTaskIncrementMutexHeldCount
 .text.prvAddCurrentTaskToDelayedList
                0x0000000008009eb8       0xa8 ./Middlewares/Third_Party/FreeRTOS/Source/tasks.o
 .text.xTimerCreateTimerTask
                0x0000000008009f60       0x90 ./Middlewares/Third_Party/FreeRTOS/Source/timers.o
                0x0000000008009f60                xTimerCreateTimerTask
 .text.xTimerGenericCommand
                0x0000000008009ff0       0x9c ./Middlewares/Third_Party/FreeRTOS/Source/timers.o
                0x0000000008009ff0                xTimerGenericCommand
 .text.prvProcessExpiredTimer
                0x000000000800a08c       0x80 ./Middlewares/Third_Party/FreeRTOS/Source/timers.o
 .text.prvTimerTask
                0x000000000800a10c       0x24 ./Middlewares/Third_Party/FreeRTOS/Source/timers.o
 .text.prvProcessTimerOrBlockTask
                0x000000000800a130       0x9c ./Middlewares/Third_Party/FreeRTOS/Source/timers.o
 .text.prvGetNextExpireTime
                0x000000000800a1cc       0x48 ./Middlewares/Third_Party/FreeRTOS/Source/timers.o
 .text.prvSampleTimeNow
                0x000000000800a214       0x40 ./Middlewares/Third_Party/FreeRTOS/Source/timers.o
 .text.prvInsertTimerInActiveList
                0x000000000800a254       0x84 ./Middlewares/Third_Party/FreeRTOS/Source/timers.o
 .text.prvProcessReceivedCommands
                0x000000000800a2d8      0x168 ./Middlewares/Third_Party/FreeRTOS/Source/timers.o
 .text.prvSwitchTimerLists
                0x000000000800a440       0xc4 ./Middlewares/Third_Party/FreeRTOS/Source/timers.o
 .text.prvCheckForValidListAndQueue
                0x000000000800a504       0x80 ./Middlewares/Third_Party/FreeRTOS/Source/timers.o
 .text.xTimerPendFunctionCallFromISR
                0x000000000800a584       0x40 ./Middlewares/Third_Party/FreeRTOS/Source/timers.o
                0x000000000800a584                xTimerPendFunctionCallFromISR
 .text.pxPortInitialiseStack
                0x000000000800a5c4       0x58 ./Middlewares/Third_Party/FreeRTOS/Source/portable/GCC/ARM_CM3/port.o
                0x000000000800a5c4                pxPortInitialiseStack
 .text.prvTaskExitError
                0x000000000800a61c       0x58 ./Middlewares/Third_Party/FreeRTOS/Source/portable/GCC/ARM_CM3/port.o
 *fill*         0x000000000800a674        0xc 
 .text.SVC_Handler
                0x000000000800a680       0x28 ./Middlewares/Third_Party/FreeRTOS/Source/portable/GCC/ARM_CM3/port.o
                0x000000000800a680                SVC_Handler
 .text.prvPortStartFirstTask
                0x000000000800a6a8       0x20 ./Middlewares/Third_Party/FreeRTOS/Source/portable/GCC/ARM_CM3/port.o
 .text.xPortStartScheduler
                0x000000000800a6c8       0xe4 ./Middlewares/Third_Party/FreeRTOS/Source/portable/GCC/ARM_CM3/port.o
                0x000000000800a6c8                xPortStartScheduler
 .text.vPortEnterCritical
                0x000000000800a7ac       0x60 ./Middlewares/Third_Party/FreeRTOS/Source/portable/GCC/ARM_CM3/port.o
                0x000000000800a7ac                vPortEnterCritical
 .text.vPortExitCritical
                0x000000000800a80c       0x50 ./Middlewares/Third_Party/FreeRTOS/Source/portable/GCC/ARM_CM3/port.o
                0x000000000800a80c                vPortExitCritical
 *fill*         0x000000000800a85c        0x4 
 .text.PendSV_Handler
                0x000000000800a860       0x48 ./Middlewares/Third_Party/FreeRTOS/Source/portable/GCC/ARM_CM3/port.o
                0x000000000800a860                PendSV_Handler
 .text.SysTick_Handler
                0x000000000800a8a8       0x44 ./Middlewares/Third_Party/FreeRTOS/Source/portable/GCC/ARM_CM3/port.o
                0x000000000800a8a8                SysTick_Handler
 .text.vPortSetupTimerInterrupt
                0x000000000800a8ec       0x44 ./Middlewares/Third_Party/FreeRTOS/Source/portable/GCC/ARM_CM3/port.o
                0x000000000800a8ec                vPortSetupTimerInterrupt
 .text.vPortValidateInterruptPriority
                0x000000000800a930       0x7c ./Middlewares/Third_Party/FreeRTOS/Source/portable/GCC/ARM_CM3/port.o
                0x000000000800a930                vPortValidateInterruptPriority
 .text.pvPortMalloc
                0x000000000800a9ac      0x188 ./Middlewares/Third_Party/FreeRTOS/Source/portable/MemMang/heap_4.o
                0x000000000800a9ac                pvPortMalloc
 .text.vPortFree
                0x000000000800ab34       0xb4 ./Middlewares/Third_Party/FreeRTOS/Source/portable/MemMang/heap_4.o
                0x000000000800ab34                vPortFree
 .text.prvHeapInit
                0x000000000800abe8       0xc4 ./Middlewares/Third_Party/FreeRTOS/Source/portable/MemMang/heap_4.o
 .text.prvInsertBlockIntoFreeList
                0x000000000800acac       0xb0 ./Middlewares/Third_Party/FreeRTOS/Source/portable/MemMang/heap_4.o
 .text.Encoder_Thread
                0x000000000800ad5c       0x54 ./STM32-Hardware-Driver/Encoder/Encoder.o
                0x000000000800ad5c                Encoder_Thread
 .text.Encoder_Init
                0x000000000800adb0       0x58 ./STM32-Hardware-Driver/Encoder/Encoder.o
                0x000000000800adb0                Encoder_Init
 .text.Encoder_Start
                0x000000000800ae08       0x38 ./STM32-Hardware-Driver/Encoder/Encoder.o
                0x000000000800ae08                Encoder_Start
 .text.Encoder_GetCount
                0x000000000800ae40       0x2e ./STM32-Hardware-Driver/Encoder/Encoder.o
                0x000000000800ae40                Encoder_GetCount
 .text.Encoder_Run
                0x000000000800ae6e       0xb4 ./STM32-Hardware-Driver/Encoder/Encoder.o
                0x000000000800ae6e                Encoder_Run
 *fill*         0x000000000800af22        0x2 
 .text.Encoder_GetSpeed_PPS
                0x000000000800af24       0x3c ./STM32-Hardware-Driver/Encoder/Encoder.o
                0x000000000800af24                Encoder_GetSpeed_PPS
 .text.Engine_ConfigTimer
                0x000000000800af60       0x58 ./STM32-Hardware-Driver/EngineControl/EngineControl.o
                0x000000000800af60                Engine_ConfigTimer
 .text.Engine_ConfigControlPin
                0x000000000800afb8       0x4e ./STM32-Hardware-Driver/EngineControl/EngineControl.o
                0x000000000800afb8                Engine_ConfigControlPin
 .text.Engine_Init
                0x000000000800b006       0x30 ./STM32-Hardware-Driver/EngineControl/EngineControl.o
                0x000000000800b006                Engine_Init
 .text.Engine_SetSpeed
                0x000000000800b036      0x17a ./STM32-Hardware-Driver/EngineControl/EngineControl.o
                0x000000000800b036                Engine_SetSpeed
 .text.Engine_Brake
                0x000000000800b1b0       0xa4 ./STM32-Hardware-Driver/EngineControl/EngineControl.o
                0x000000000800b1b0                Engine_Brake
 .text.Engine_inRange
                0x000000000800b254       0x36 ./STM32-Hardware-Driver/EngineControl/EngineControl.o
                0x000000000800b254                Engine_inRange
 .text.Write16  0x000000000800b28a       0x4e ./STM32-Hardware-Driver/INA219/INA219.o
                0x000000000800b28a                Write16
 .text.INA219_Reset
                0x000000000800b2d8       0x22 ./STM32-Hardware-Driver/INA219/INA219.o
                0x000000000800b2d8                INA219_Reset
 .text.INA219_setCalibration
                0x000000000800b2fa       0x20 ./STM32-Hardware-Driver/INA219/INA219.o
                0x000000000800b2fa                INA219_setCalibration
 .text.INA219_setConfig
                0x000000000800b31a       0x20 ./STM32-Hardware-Driver/INA219/INA219.o
                0x000000000800b31a                INA219_setConfig
 *fill*         0x000000000800b33a        0x2 
 .text.INA219_setCalibration_32V_2A
                0x000000000800b33c       0x48 ./STM32-Hardware-Driver/INA219/INA219.o
                0x000000000800b33c                INA219_setCalibration_32V_2A
 .text.INA219_Init
                0x000000000800b384       0x60 ./STM32-Hardware-Driver/INA219/INA219.o
                0x000000000800b384                INA219_Init
 .text.SpeedController_RunTh
                0x000000000800b3e4       0x4c ./STM32-Hardware-Driver/MotorController/SpeedController.o
                0x000000000800b3e4                SpeedController_RunTh
 .text.SpeedController_Init
                0x000000000800b430       0x54 ./STM32-Hardware-Driver/MotorController/SpeedController.o
                0x000000000800b430                SpeedController_Init
 .text.SpeedController_Start
                0x000000000800b484       0x42 ./STM32-Hardware-Driver/MotorController/SpeedController.o
                0x000000000800b484                SpeedController_Start
 .text.setSpeedAndClearBrake
                0x000000000800b4c6       0x2c ./STM32-Hardware-Driver/MotorController/SpeedController.o
                0x000000000800b4c6                setSpeedAndClearBrake
 .text.stopEngineAndBrake
                0x000000000800b4f2       0x2c ./STM32-Hardware-Driver/MotorController/SpeedController.o
                0x000000000800b4f2                stopEngineAndBrake
 .text.SpeedController_Run
                0x000000000800b51e      0x184 ./STM32-Hardware-Driver/MotorController/SpeedController.o
                0x000000000800b51e                SpeedController_Run
 .text.SpeedController_ClearErr
                0x000000000800b6a2       0x22 ./STM32-Hardware-Driver/MotorController/SpeedController.o
                0x000000000800b6a2                SpeedController_ClearErr
 .text.SpeedController_SetSpeed
                0x000000000800b6c4       0x32 ./STM32-Hardware-Driver/MotorController/SpeedController.o
                0x000000000800b6c4                SpeedController_SetSpeed
 .text.SpeedController_GetSpeed
                0x000000000800b6f6       0x2a ./STM32-Hardware-Driver/MotorController/SpeedController.o
                0x000000000800b6f6                SpeedController_GetSpeed
 .text.SpeedController_SetTunings
                0x000000000800b720       0x2e ./STM32-Hardware-Driver/MotorController/SpeedController.o
                0x000000000800b720                SpeedController_SetTunings
 .text.GPIO_WritePin
                0x000000000800b74e       0x26 ./STM32_RTOS_PeripheralDriver/GPIO/GPIOHandler.o
                0x000000000800b74e                GPIO_WritePin
 .text.I2C_OS_Init
                0x000000000800b774       0x36 ./STM32_RTOS_PeripheralDriver/I2CHandler/I2C_Handler.o
                0x000000000800b774                I2C_OS_Init
 .text.I2C_OS_MEM_Write_IT
                0x000000000800b7aa       0xa2 ./STM32_RTOS_PeripheralDriver/I2CHandler/I2C_Handler.o
                0x000000000800b7aa                I2C_OS_MEM_Write_IT
 .text.I2C_OS_IsDeviceReady
                0x000000000800b84c       0x64 ./STM32_RTOS_PeripheralDriver/I2CHandler/I2C_Handler.o
                0x000000000800b84c                I2C_OS_IsDeviceReady
 .text.I2C_OS_MEM_RxCpltCB
                0x000000000800b8b0       0x1c ./STM32_RTOS_PeripheralDriver/I2CHandler/I2C_Handler.o
                0x000000000800b8b0                I2C_OS_MEM_RxCpltCB
 .text.I2C_OS_MEM_TxCpltCB
                0x000000000800b8cc       0x1c ./STM32_RTOS_PeripheralDriver/I2CHandler/I2C_Handler.o
                0x000000000800b8cc                I2C_OS_MEM_TxCpltCB
 .text.SyncPrintf_Init
                0x000000000800b8e8       0x1c ./STM32_RTOS_PeripheralDriver/SyncPrintf/SyncPrintf.o
                0x000000000800b8e8                SyncPrintf_Init
 .text.bytes2Float
                0x000000000800b904       0x1a ./UtilitySmallFunction/Utility/Utility.o
                0x000000000800b904                bytes2Float
 *fill*         0x000000000800b91e        0x2 
 .text.__malloc_lock
                0x000000000800b920        0xc C:/ST/STM32CubeIDE_1.12.0/STM32CubeIDE/plugins/com.st.stm32cube.ide.mcu.externaltools.gnu-tools-for-stm32.11.3.rel1.win32_1.1.100.202309141235/tools/bin/../lib/gcc/arm-none-eabi/11.3.1/../../../../arm-none-eabi/lib/thumb/v7-m/nofp\libc_nano.a(libc_a-mlock.o)
                0x000000000800b920                __malloc_lock
 .text.__malloc_unlock
                0x000000000800b92c        0xc C:/ST/STM32CubeIDE_1.12.0/STM32CubeIDE/plugins/com.st.stm32cube.ide.mcu.externaltools.gnu-tools-for-stm32.11.3.rel1.win32_1.1.100.202309141235/tools/bin/../lib/gcc/arm-none-eabi/11.3.1/../../../../arm-none-eabi/lib/thumb/v7-m/nofp\libc_nano.a(libc_a-mlock.o)
                0x000000000800b92c                __malloc_unlock
 .text.memset   0x000000000800b938       0x10 C:/ST/STM32CubeIDE_1.12.0/STM32CubeIDE/plugins/com.st.stm32cube.ide.mcu.externaltools.gnu-tools-for-stm32.11.3.rel1.win32_1.1.100.202309141235/tools/bin/../lib/gcc/arm-none-eabi/11.3.1/../../../../arm-none-eabi/lib/thumb/v7-m/nofp\libc_nano.a(libc_a-memset.o)
                0x000000000800b938                memset
 .text._reclaim_reent
                0x000000000800b948       0xac C:/ST/STM32CubeIDE_1.12.0/STM32CubeIDE/plugins/com.st.stm32cube.ide.mcu.externaltools.gnu-tools-for-stm32.11.3.rel1.win32_1.1.100.202309141235/tools/bin/../lib/gcc/arm-none-eabi/11.3.1/../../../../arm-none-eabi/lib/thumb/v7-m/nofp\libc_nano.a(libc_a-reent.o)
                0x000000000800b948                _reclaim_reent
 .text.__libc_init_array
                0x000000000800b9f4       0x48 C:/ST/STM32CubeIDE_1.12.0/STM32CubeIDE/plugins/com.st.stm32cube.ide.mcu.externaltools.gnu-tools-for-stm32.11.3.rel1.win32_1.1.100.202309141235/tools/bin/../lib/gcc/arm-none-eabi/11.3.1/../../../../arm-none-eabi/lib/thumb/v7-m/nofp\libc_nano.a(libc_a-init.o)
                0x000000000800b9f4                __libc_init_array
 .text.memcpy   0x000000000800ba3c       0x1c C:/ST/STM32CubeIDE_1.12.0/STM32CubeIDE/plugins/com.st.stm32cube.ide.mcu.externaltools.gnu-tools-for-stm32.11.3.rel1.win32_1.1.100.202309141235/tools/bin/../lib/gcc/arm-none-eabi/11.3.1/../../../../arm-none-eabi/lib/thumb/v7-m/nofp\libc_nano.a(libc_a-memcpy-stub.o)
                0x000000000800ba3c                memcpy
 .text._free_r  0x000000000800ba58       0x90 C:/ST/STM32CubeIDE_1.12.0/STM32CubeIDE/plugins/com.st.stm32cube.ide.mcu.externaltools.gnu-tools-for-stm32.11.3.rel1.win32_1.1.100.202309141235/tools/bin/../lib/gcc/arm-none-eabi/11.3.1/../../../../arm-none-eabi/lib/thumb/v7-m/nofp\libc_nano.a(libc_a-freer.o)
                0x000000000800ba58                _free_r
 *(.glue_7)
 .glue_7        0x000000000800bae8        0x0 linker stubs
 *(.glue_7t)
 .glue_7t       0x000000000800bae8        0x0 linker stubs
 *(.eh_frame)
 .eh_frame      0x000000000800bae8        0x0 C:/ST/STM32CubeIDE_1.12.0/STM32CubeIDE/plugins/com.st.stm32cube.ide.mcu.externaltools.gnu-tools-for-stm32.11.3.rel1.win32_1.1.100.202309141235/tools/bin/../lib/gcc/arm-none-eabi/11.3.1/thumb/v7-m/nofp/crtbegin.o
 *(.init)
 .init          0x000000000800bae8        0x4 C:/ST/STM32CubeIDE_1.12.0/STM32CubeIDE/plugins/com.st.stm32cube.ide.mcu.externaltools.gnu-tools-for-stm32.11.3.rel1.win32_1.1.100.202309141235/tools/bin/../lib/gcc/arm-none-eabi/11.3.1/thumb/v7-m/nofp/crti.o
                0x000000000800bae8                _init
 .init          0x000000000800baec        0x8 C:/ST/STM32CubeIDE_1.12.0/STM32CubeIDE/plugins/com.st.stm32cube.ide.mcu.externaltools.gnu-tools-for-stm32.11.3.rel1.win32_1.1.100.202309141235/tools/bin/../lib/gcc/arm-none-eabi/11.3.1/thumb/v7-m/nofp/crtn.o
 *(.fini)
 .fini          0x000000000800baf4        0x4 C:/ST/STM32CubeIDE_1.12.0/STM32CubeIDE/plugins/com.st.stm32cube.ide.mcu.externaltools.gnu-tools-for-stm32.11.3.rel1.win32_1.1.100.202309141235/tools/bin/../lib/gcc/arm-none-eabi/11.3.1/thumb/v7-m/nofp/crti.o
                0x000000000800baf4                _fini
 .fini          0x000000000800baf8        0x8 C:/ST/STM32CubeIDE_1.12.0/STM32CubeIDE/plugins/com.st.stm32cube.ide.mcu.externaltools.gnu-tools-for-stm32.11.3.rel1.win32_1.1.100.202309141235/tools/bin/../lib/gcc/arm-none-eabi/11.3.1/thumb/v7-m/nofp/crtn.o
                0x000000000800bb00                . = ALIGN (0x4)
                0x000000000800bb00                _etext = .

.vfp11_veneer   0x000000000800bb00        0x0
 .vfp11_veneer  0x000000000800bb00        0x0 linker stubs

.v4_bx          0x000000000800bb00        0x0
 .v4_bx         0x000000000800bb00        0x0 linker stubs

.iplt           0x000000000800bb00        0x0
 .iplt          0x000000000800bb00        0x0 C:/ST/STM32CubeIDE_1.12.0/STM32CubeIDE/plugins/com.st.stm32cube.ide.mcu.externaltools.gnu-tools-for-stm32.11.3.rel1.win32_1.1.100.202309141235/tools/bin/../lib/gcc/arm-none-eabi/11.3.1/thumb/v7-m/nofp/crtbegin.o

.rodata         0x000000000800bb00       0xf8
                0x000000000800bb00                . = ALIGN (0x4)
 *(.rodata)
 .rodata        0x000000000800bb00       0x15 ./Core/Src/main.o
 *fill*         0x000000000800bb15        0x3 
 .rodata        0x000000000800bb18        0x5 ./Middlewares/Third_Party/FreeRTOS/Source/tasks.o
 *fill*         0x000000000800bb1d        0x3 
 .rodata        0x000000000800bb20        0xd ./Middlewares/Third_Party/FreeRTOS/Source/timers.o
 *fill*         0x000000000800bb2d        0x3 
 .rodata        0x000000000800bb30        0xc ./STM32-Hardware-Driver/Encoder/Encoder.o
 .rodata        0x000000000800bb3c        0x8 ./STM32-Hardware-Driver/MotorController/SpeedController.o
 .rodata        0x000000000800bb44        0xc ./STM32_RTOS_PeripheralDriver/SyncPrintf/SyncPrintf.o
 *(.rodata*)
 .rodata.tDefault_attributes
                0x000000000800bb50       0x24 ./Core/Src/main.o
                0x000000000800bb50                tDefault_attributes
 .rodata.AHBPrescTable
                0x000000000800bb74       0x10 ./Core/Src/system_stm32f1xx.o
                0x000000000800bb74                AHBPrescTable
 .rodata.APBPrescTable
                0x000000000800bb84        0x8 ./Core/Src/system_stm32f1xx.o
                0x000000000800bb84                APBPrescTable
 .rodata.aPLLMULFactorTable.1
                0x000000000800bb8c       0x10 ./Drivers/STM32F1xx_HAL_Driver/Src/stm32f1xx_hal_rcc.o
 .rodata.aPredivFactorTable.0
                0x000000000800bb9c        0x2 ./Drivers/STM32F1xx_HAL_Driver/Src/stm32f1xx_hal_rcc.o
 *fill*         0x000000000800bb9e        0x2 
 .rodata.EncoderTask_attributes
                0x000000000800bba0       0x24 ./STM32-Hardware-Driver/Encoder/Encoder.o
                0x000000000800bba0                EncoderTask_attributes
 .rodata.SpeedControlTask_attributes
                0x000000000800bbc4       0x24 ./STM32-Hardware-Driver/MotorController/SpeedController.o
                0x000000000800bbc4                SpeedControlTask_attributes
 .rodata.PrintfMutex_attr
                0x000000000800bbe8       0x10 ./STM32_RTOS_PeripheralDriver/SyncPrintf/SyncPrintf.o
                0x000000000800bbe8                PrintfMutex_attr
                0x000000000800bbf8                . = ALIGN (0x4)

.rel.dyn        0x000000000800bbf8        0x0
 .rel.iplt      0x000000000800bbf8        0x0 C:/ST/STM32CubeIDE_1.12.0/STM32CubeIDE/plugins/com.st.stm32cube.ide.mcu.externaltools.gnu-tools-for-stm32.11.3.rel1.win32_1.1.100.202309141235/tools/bin/../lib/gcc/arm-none-eabi/11.3.1/thumb/v7-m/nofp/crtbegin.o

.ARM.extab      0x000000000800bbf8        0x0
                0x000000000800bbf8                . = ALIGN (0x4)
 *(.ARM.extab* .gnu.linkonce.armextab.*)
                0x000000000800bbf8                . = ALIGN (0x4)

.ARM            0x000000000800bbf8        0x0
                0x000000000800bbf8                . = ALIGN (0x4)
                0x000000000800bbf8                __exidx_start = .
 *(.ARM.exidx*)
                0x000000000800bbf8                __exidx_end = .
                0x000000000800bbf8                . = ALIGN (0x4)

.preinit_array  0x000000000800bbf8        0x0
                0x000000000800bbf8                . = ALIGN (0x4)
                0x000000000800bbf8                PROVIDE (__preinit_array_start = .)
 *(.preinit_array*)
                0x000000000800bbf8                PROVIDE (__preinit_array_end = .)
                0x000000000800bbf8                . = ALIGN (0x4)

.init_array     0x000000000800bbf8        0x4
                0x000000000800bbf8                . = ALIGN (0x4)
                0x000000000800bbf8                PROVIDE (__init_array_start = .)
 *(SORT_BY_NAME(.init_array.*))
 *(.init_array*)
 .init_array    0x000000000800bbf8        0x4 C:/ST/STM32CubeIDE_1.12.0/STM32CubeIDE/plugins/com.st.stm32cube.ide.mcu.externaltools.gnu-tools-for-stm32.11.3.rel1.win32_1.1.100.202309141235/tools/bin/../lib/gcc/arm-none-eabi/11.3.1/thumb/v7-m/nofp/crtbegin.o
                0x000000000800bbfc                PROVIDE (__init_array_end = .)
                0x000000000800bbfc                . = ALIGN (0x4)

.fini_array     0x000000000800bbfc        0x4
                0x000000000800bbfc                . = ALIGN (0x4)
                [!provide]                        PROVIDE (__fini_array_start = .)
 *(SORT_BY_NAME(.fini_array.*))
 *(.fini_array*)
 .fini_array    0x000000000800bbfc        0x4 C:/ST/STM32CubeIDE_1.12.0/STM32CubeIDE/plugins/com.st.stm32cube.ide.mcu.externaltools.gnu-tools-for-stm32.11.3.rel1.win32_1.1.100.202309141235/tools/bin/../lib/gcc/arm-none-eabi/11.3.1/thumb/v7-m/nofp/crtbegin.o
                [!provide]                        PROVIDE (__fini_array_end = .)
                0x000000000800bc00                . = ALIGN (0x4)
                0x000000000800bc00                _sidata = LOADADDR (.data)

.data           0x0000000020000000       0x78 load address 0x000000000800bc00
                0x0000000020000000                . = ALIGN (0x4)
                0x0000000020000000                _sdata = .
 *(.data)
 *(.data*)
 .data.BrakePin
                0x0000000020000000        0x8 ./Core/Src/main.o
                0x0000000020000000                BrakePin
 .data.GasEnPin
                0x0000000020000008        0x8 ./Core/Src/main.o
                0x0000000020000008                GasEnPin
 .data.DirPin   0x0000000020000010        0x8 ./Core/Src/main.o
                0x0000000020000010                DirPin
 .data.SystemCoreClock
                0x0000000020000018        0x4 ./Core/Src/system_stm32f1xx.o
                0x0000000020000018                SystemCoreClock
 .data.uwTickPrio
                0x000000002000001c        0x4 ./Drivers/STM32F1xx_HAL_Driver/Src/stm32f1xx_hal.o
                0x000000002000001c                uwTickPrio
 .data.uwTickFreq
                0x0000000020000020        0x1 ./Drivers/STM32F1xx_HAL_Driver/Src/stm32f1xx_hal.o
                0x0000000020000020                uwTickFreq
 *fill*         0x0000000020000021        0x3 
 .data.uxCriticalNesting
                0x0000000020000024        0x4 ./Middlewares/Third_Party/FreeRTOS/Source/portable/GCC/ARM_CM3/port.o
 .data._impure_data
                0x0000000020000028       0x4c C:/ST/STM32CubeIDE_1.12.0/STM32CubeIDE/plugins/com.st.stm32cube.ide.mcu.externaltools.gnu-tools-for-stm32.11.3.rel1.win32_1.1.100.202309141235/tools/bin/../lib/gcc/arm-none-eabi/11.3.1/../../../../arm-none-eabi/lib/thumb/v7-m/nofp\libc_nano.a(libc_a-impure.o)
                0x0000000020000028                _impure_data
 .data._impure_ptr
                0x0000000020000074        0x4 C:/ST/STM32CubeIDE_1.12.0/STM32CubeIDE/plugins/com.st.stm32cube.ide.mcu.externaltools.gnu-tools-for-stm32.11.3.rel1.win32_1.1.100.202309141235/tools/bin/../lib/gcc/arm-none-eabi/11.3.1/../../../../arm-none-eabi/lib/thumb/v7-m/nofp\libc_nano.a(libc_a-impure.o)
                0x0000000020000074                _impure_ptr
 *(.RamFunc)
 *(.RamFunc*)
                0x0000000020000078                . = ALIGN (0x4)
                0x0000000020000078                _edata = .

.igot.plt       0x0000000020000078        0x0 load address 0x000000000800bc78
 .igot.plt      0x0000000020000078        0x0 C:/ST/STM32CubeIDE_1.12.0/STM32CubeIDE/plugins/com.st.stm32cube.ide.mcu.externaltools.gnu-tools-for-stm32.11.3.rel1.win32_1.1.100.202309141235/tools/bin/../lib/gcc/arm-none-eabi/11.3.1/thumb/v7-m/nofp/crtbegin.o
                0x0000000020000078                . = ALIGN (0x4)

.bss            0x0000000020000078     0x2f44 load address 0x000000000800bc78
                0x0000000020000078                _sbss = .
                0x0000000020000078                __bss_start__ = _sbss
 *(.bss)
 .bss           0x0000000020000078       0x1c C:/ST/STM32CubeIDE_1.12.0/STM32CubeIDE/plugins/com.st.stm32cube.ide.mcu.externaltools.gnu-tools-for-stm32.11.3.rel1.win32_1.1.100.202309141235/tools/bin/../lib/gcc/arm-none-eabi/11.3.1/thumb/v7-m/nofp/crtbegin.o
 *(.bss*)
 .bss.Rxheader  0x0000000020000094       0x1c ./CAN_Handle/CAN_Handle.o
                0x0000000020000094                Rxheader
 .bss.rcdata    0x00000000200000b0        0x8 ./CAN_Handle/CAN_Handle.o
                0x00000000200000b0                rcdata
 .bss.Can_RecFlag
                0x00000000200000b8        0x1 ./CAN_Handle/CAN_Handle.o
                0x00000000200000b8                Can_RecFlag
 *fill*         0x00000000200000b9        0x3 
 .bss.hcan      0x00000000200000bc       0x64 ./Core/Src/main.o
                0x00000000200000bc                hcan
 .bss.hi2c1     0x0000000020000120       0x54 ./Core/Src/main.o
                0x0000000020000120                hi2c1
 .bss.hdma_i2c1_rx
                0x0000000020000174       0x44 ./Core/Src/main.o
                0x0000000020000174                hdma_i2c1_rx
 .bss.hdma_i2c1_tx
                0x00000000200001b8       0x44 ./Core/Src/main.o
                0x00000000200001b8                hdma_i2c1_tx
 .bss.htim2     0x00000000200001fc       0x48 ./Core/Src/main.o
                0x00000000200001fc                htim2
 .bss.htim3     0x0000000020000244       0x48 ./Core/Src/main.o
                0x0000000020000244                htim3
 .bss.huart1    0x000000002000028c       0x48 ./Core/Src/main.o
                0x000000002000028c                huart1
 .bss.hdma_usart1_rx
                0x00000000200002d4       0x44 ./Core/Src/main.o
                0x00000000200002d4                hdma_usart1_rx
 .bss.hdma_usart1_tx
                0x0000000020000318       0x44 ./Core/Src/main.o
                0x0000000020000318                hdma_usart1_tx
 .bss.hdma_memtomem_dma1_channel1
                0x000000002000035c       0x44 ./Core/Src/main.o
                0x000000002000035c                hdma_memtomem_dma1_channel1
 .bss.tDefaultHandle
                0x00000000200003a0        0x4 ./Core/Src/main.o
                0x00000000200003a0                tDefaultHandle
 .bss.mainI2C   0x00000000200003a4        0xc ./Core/Src/main.o
                0x00000000200003a4                mainI2C
 .bss.INA219_main
                0x00000000200003b0       0x10 ./Core/Src/main.o
                0x00000000200003b0                INA219_main
 .bss.Encoder   0x00000000200003c0       0x2c ./Core/Src/main.o
                0x00000000200003c0                Encoder
 .bss.Engine    0x00000000200003ec       0x28 ./Core/Src/main.o
                0x00000000200003ec                Engine
 .bss.SpeedController
                0x0000000020000414       0x30 ./Core/Src/main.o
                0x0000000020000414                SpeedController
 .bss.Speed     0x0000000020000444        0x4 ./Core/Src/main.o
                0x0000000020000444                Speed
 .bss.SpeedOk   0x0000000020000448        0x1 ./Core/Src/main.o
                0x0000000020000448                SpeedOk
 .bss.braking   0x0000000020000449        0x1 ./Core/Src/main.o
                0x0000000020000449                braking
 *fill*         0x000000002000044a        0x2 
 .bss.htim4     0x000000002000044c       0x48 ./Core/Src/stm32f1xx_hal_timebase_tim.o
                0x000000002000044c                htim4
 .bss.__lock___malloc_recursive_mutex
                0x0000000020000494        0xc ./Core/ThreadSafe/newlib_lock_glue.o
                0x0000000020000494                __lock___malloc_recursive_mutex
 .bss.uwTick    0x00000000200004a0        0x4 ./Drivers/STM32F1xx_HAL_Driver/Src/stm32f1xx_hal.o
                0x00000000200004a0                uwTick
 .bss.KernelState
                0x00000000200004a4        0x4 ./Middlewares/Third_Party/FreeRTOS/Source/CMSIS_RTOS_V2/cmsis_os2.o
 .bss.Idle_TCB  0x00000000200004a8       0xa4 ./Middlewares/Third_Party/FreeRTOS/Source/CMSIS_RTOS_V2/cmsis_os2.o
 .bss.Idle_Stack
                0x000000002000054c      0x100 ./Middlewares/Third_Party/FreeRTOS/Source/CMSIS_RTOS_V2/cmsis_os2.o
 .bss.Timer_TCB
                0x000000002000064c       0xa4 ./Middlewares/Third_Party/FreeRTOS/Source/CMSIS_RTOS_V2/cmsis_os2.o
 .bss.Timer_Stack
                0x00000000200006f0      0x100 ./Middlewares/Third_Party/FreeRTOS/Source/CMSIS_RTOS_V2/cmsis_os2.o
 .bss.xQueueRegistry
                0x00000000200007f0       0x40 ./Middlewares/Third_Party/FreeRTOS/Source/queue.o
                0x00000000200007f0                xQueueRegistry
 .bss.pxCurrentTCB
                0x0000000020000830        0x4 ./Middlewares/Third_Party/FreeRTOS/Source/tasks.o
                0x0000000020000830                pxCurrentTCB
 .bss.pxReadyTasksLists
                0x0000000020000834      0x460 ./Middlewares/Third_Party/FreeRTOS/Source/tasks.o
 .bss.xDelayedTaskList1
                0x0000000020000c94       0x14 ./Middlewares/Third_Party/FreeRTOS/Source/tasks.o
 .bss.xDelayedTaskList2
                0x0000000020000ca8       0x14 ./Middlewares/Third_Party/FreeRTOS/Source/tasks.o
 .bss.pxDelayedTaskList
                0x0000000020000cbc        0x4 ./Middlewares/Third_Party/FreeRTOS/Source/tasks.o
 .bss.pxOverflowDelayedTaskList
                0x0000000020000cc0        0x4 ./Middlewares/Third_Party/FreeRTOS/Source/tasks.o
 .bss.xPendingReadyList
                0x0000000020000cc4       0x14 ./Middlewares/Third_Party/FreeRTOS/Source/tasks.o
 .bss.xTasksWaitingTermination
                0x0000000020000cd8       0x14 ./Middlewares/Third_Party/FreeRTOS/Source/tasks.o
 .bss.uxDeletedTasksWaitingCleanUp
                0x0000000020000cec        0x4 ./Middlewares/Third_Party/FreeRTOS/Source/tasks.o
 .bss.xSuspendedTaskList
                0x0000000020000cf0       0x14 ./Middlewares/Third_Party/FreeRTOS/Source/tasks.o
 .bss.uxCurrentNumberOfTasks
                0x0000000020000d04        0x4 ./Middlewares/Third_Party/FreeRTOS/Source/tasks.o
 .bss.xTickCount
                0x0000000020000d08        0x4 ./Middlewares/Third_Party/FreeRTOS/Source/tasks.o
 .bss.uxTopReadyPriority
                0x0000000020000d0c        0x4 ./Middlewares/Third_Party/FreeRTOS/Source/tasks.o
 .bss.xSchedulerRunning
                0x0000000020000d10        0x4 ./Middlewares/Third_Party/FreeRTOS/Source/tasks.o
 .bss.uxPendedTicks
                0x0000000020000d14        0x4 ./Middlewares/Third_Party/FreeRTOS/Source/tasks.o
 .bss.xYieldPending
                0x0000000020000d18        0x4 ./Middlewares/Third_Party/FreeRTOS/Source/tasks.o
 .bss.xNumOfOverflows
                0x0000000020000d1c        0x4 ./Middlewares/Third_Party/FreeRTOS/Source/tasks.o
 .bss.uxTaskNumber
                0x0000000020000d20        0x4 ./Middlewares/Third_Party/FreeRTOS/Source/tasks.o
 .bss.xNextTaskUnblockTime
                0x0000000020000d24        0x4 ./Middlewares/Third_Party/FreeRTOS/Source/tasks.o
 .bss.xIdleTaskHandle
                0x0000000020000d28        0x4 ./Middlewares/Third_Party/FreeRTOS/Source/tasks.o
 .bss.uxSchedulerSuspended
                0x0000000020000d2c        0x4 ./Middlewares/Third_Party/FreeRTOS/Source/tasks.o
 .bss.xActiveTimerList1
                0x0000000020000d30       0x14 ./Middlewares/Third_Party/FreeRTOS/Source/timers.o
 .bss.xActiveTimerList2
                0x0000000020000d44       0x14 ./Middlewares/Third_Party/FreeRTOS/Source/timers.o
 .bss.pxCurrentTimerList
                0x0000000020000d58        0x4 ./Middlewares/Third_Party/FreeRTOS/Source/timers.o
 .bss.pxOverflowTimerList
                0x0000000020000d5c        0x4 ./Middlewares/Third_Party/FreeRTOS/Source/timers.o
 .bss.xTimerQueue
                0x0000000020000d60        0x4 ./Middlewares/Third_Party/FreeRTOS/Source/timers.o
 .bss.xTimerTaskHandle
                0x0000000020000d64        0x4 ./Middlewares/Third_Party/FreeRTOS/Source/timers.o
 .bss.xLastTime.2
                0x0000000020000d68        0x4 ./Middlewares/Third_Party/FreeRTOS/Source/timers.o
 .bss.ucStaticTimerQueueStorage.1
                0x0000000020000d6c       0xa0 ./Middlewares/Third_Party/FreeRTOS/Source/timers.o
 .bss.xStaticTimerQueue.0
                0x0000000020000e0c       0x50 ./Middlewares/Third_Party/FreeRTOS/Source/timers.o
 .bss.ucMaxSysCallPriority
                0x0000000020000e5c        0x1 ./Middlewares/Third_Party/FreeRTOS/Source/portable/GCC/ARM_CM3/port.o
 *fill*         0x0000000020000e5d        0x3 
 .bss.ulMaxPRIGROUPValue
                0x0000000020000e60        0x4 ./Middlewares/Third_Party/FreeRTOS/Source/portable/GCC/ARM_CM3/port.o
 .bss.ucHeap    0x0000000020000e64     0x2000 ./Middlewares/Third_Party/FreeRTOS/Source/portable/MemMang/heap_4.o
 .bss.xStart    0x0000000020002e64        0x8 ./Middlewares/Third_Party/FreeRTOS/Source/portable/MemMang/heap_4.o
 .bss.pxEnd     0x0000000020002e6c        0x4 ./Middlewares/Third_Party/FreeRTOS/Source/portable/MemMang/heap_4.o
 .bss.xFreeBytesRemaining
                0x0000000020002e70        0x4 ./Middlewares/Third_Party/FreeRTOS/Source/portable/MemMang/heap_4.o
 .bss.xMinimumEverFreeBytesRemaining
                0x0000000020002e74        0x4 ./Middlewares/Third_Party/FreeRTOS/Source/portable/MemMang/heap_4.o
 .bss.xBlockAllocatedBit
                0x0000000020002e78        0x4 ./Middlewares/Third_Party/FreeRTOS/Source/portable/MemMang/heap_4.o
 .bss.PrintfMutex
                0x0000000020002e7c        0x4 ./STM32_RTOS_PeripheralDriver/SyncPrintf/SyncPrintf.o
                0x0000000020002e7c                PrintfMutex
 .bss.__malloc_free_list
                0x0000000020002e80        0x4 C:/ST/STM32CubeIDE_1.12.0/STM32CubeIDE/plugins/com.st.stm32cube.ide.mcu.externaltools.gnu-tools-for-stm32.11.3.rel1.win32_1.1.100.202309141235/tools/bin/../lib/gcc/arm-none-eabi/11.3.1/../../../../arm-none-eabi/lib/thumb/v7-m/nofp\libc_nano.a(libc_a-mallocr.o)
                0x0000000020002e80                __malloc_free_list
 .bss.__sf      0x0000000020002e84      0x138 C:/ST/STM32CubeIDE_1.12.0/STM32CubeIDE/plugins/com.st.stm32cube.ide.mcu.externaltools.gnu-tools-for-stm32.11.3.rel1.win32_1.1.100.202309141235/tools/bin/../lib/gcc/arm-none-eabi/11.3.1/../../../../arm-none-eabi/lib/thumb/v7-m/nofp\libc_nano.a(libc_a-findfp.o)
                0x0000000020002e84                __sf
 *(COMMON)
                0x0000000020002fbc                . = ALIGN (0x4)
                0x0000000020002fbc                _ebss = .
                0x0000000020002fbc                __bss_end__ = _ebss

._user_heap_stack
                0x0000000020002fbc      0x604 load address 0x000000000800bc78
                0x0000000020002fc0                . = ALIGN (0x8)
 *fill*         0x0000000020002fbc        0x4 
                [!provide]                        PROVIDE (end = .)
                0x0000000020002fc0                PROVIDE (_end = .)
                0x00000000200031c0                . = (. + _Min_Heap_Size)
 *fill*         0x0000000020002fc0      0x200 
                0x00000000200035c0                . = (. + _Min_Stack_Size)
 *fill*         0x00000000200031c0      0x400 
                0x00000000200035c0                . = ALIGN (0x8)

/DISCARD/
 libc.a(*)
 libm.a(*)
 libgcc.a(*)

.ARM.attributes
                0x0000000000000000       0x29
 *(.ARM.attributes)
 .ARM.attributes
                0x0000000000000000       0x1d C:/ST/STM32CubeIDE_1.12.0/STM32CubeIDE/plugins/com.st.stm32cube.ide.mcu.externaltools.gnu-tools-for-stm32.11.3.rel1.win32_1.1.100.202309141235/tools/bin/../lib/gcc/arm-none-eabi/11.3.1/thumb/v7-m/nofp/crti.o
 .ARM.attributes
                0x000000000000001d       0x2d C:/ST/STM32CubeIDE_1.12.0/STM32CubeIDE/plugins/com.st.stm32cube.ide.mcu.externaltools.gnu-tools-for-stm32.11.3.rel1.win32_1.1.100.202309141235/tools/bin/../lib/gcc/arm-none-eabi/11.3.1/thumb/v7-m/nofp/crtbegin.o
 .ARM.attributes
                0x000000000000004a       0x2d ./CAN_Handle/CAN_Handle.o
 .ARM.attributes
                0x0000000000000077       0x2d ./Core/Src/main.o
 .ARM.attributes
                0x00000000000000a4       0x2d ./Core/Src/stm32f1xx_hal_msp.o
 .ARM.attributes
                0x00000000000000d1       0x2d ./Core/Src/stm32f1xx_hal_timebase_tim.o
 .ARM.attributes
                0x00000000000000fe       0x2d ./Core/Src/stm32f1xx_it.o
 .ARM.attributes
                0x000000000000012b       0x2d ./Core/Src/system_stm32f1xx.o
 .ARM.attributes
                0x0000000000000158       0x21 ./Core/Startup/startup_stm32f103c8tx.o
 .ARM.attributes