Archive member included to satisfy reference by file (symbol)

C:/ST/STM32CubeIDE_1.12.0/STM32CubeIDE/plugins/com.st.stm32cube.ide.mcu.externaltools.gnu-tools-for-stm32.11.3.rel1.win32_1.1.100.202309141235/tools/bin/../lib/gcc/arm-none-eabi/11.3.1/../../../../arm-none-eabi/lib/thumb/v7-m/nofp\libc_nano.a(libc_a-atoi.o)
                              ./UtilitySmallFunction/DataProcess/DataProcess.o (atoi)
C:/ST/STM32CubeIDE_1.12.0/STM32CubeIDE/plugins/com.st.stm32cube.ide.mcu.externaltools.gnu-tools-for-stm32.11.3.rel1.win32_1.1.100.202309141235/tools/bin/../lib/gcc/arm-none-eabi/11.3.1/../../../../arm-none-eabi/lib/thumb/v7-m/nofp\libc_nano.a(libc_a-exit.o)
                              C:/ST/STM32CubeIDE_1.12.0/STM32CubeIDE/plugins/com.st.stm32cube.ide.mcu.externaltools.gnu-tools-for-stm32.11.3.rel1.win32_1.1.100.202309141235/tools/bin/../lib/gcc/arm-none-eabi/11.3.1/../../../../arm-none-eabi/lib/thumb/v7-m/nofp/crt0.o (exit)
C:/ST/STM32CubeIDE_1.12.0/STM32CubeIDE/plugins/com.st.stm32cube.ide.mcu.externaltools.gnu-tools-for-stm32.11.3.rel1.win32_1.1.100.202309141235/tools/bin/../lib/gcc/arm-none-eabi/11.3.1/../../../../arm-none-eabi/lib/thumb/v7-m/nofp\libc_nano.a(libc_a-strtol.o)
                              C:/ST/STM32CubeIDE_1.12.0/STM32CubeIDE/plugins/com.st.stm32cube.ide.mcu.externaltools.gnu-tools-for-stm32.11.3.rel1.win32_1.1.100.202309141235/tools/bin/../lib/gcc/arm-none-eabi/11.3.1/../../../../arm-none-eabi/lib/thumb/v7-m/nofp\libc_nano.a(libc_a-atoi.o) (_strtol_r)
C:/ST/STM32CubeIDE_1.12.0/STM32CubeIDE/plugins/com.st.stm32cube.ide.mcu.externaltools.gnu-tools-for-stm32.11.3.rel1.win32_1.1.100.202309141235/tools/bin/../lib/gcc/arm-none-eabi/11.3.1/../../../../arm-none-eabi/lib/thumb/v7-m/nofp\libc_nano.a(libc_a-ctype_.o)
                              C:/ST/STM32CubeIDE_1.12.0/STM32CubeIDE/plugins/com.st.stm32cube.ide.mcu.externaltools.gnu-tools-for-stm32.11.3.rel1.win32_1.1.100.202309141235/tools/bin/../lib/gcc/arm-none-eabi/11.3.1/../../../../arm-none-eabi/lib/thumb/v7-m/nofp\libc_nano.a(libc_a-strtol.o) (_ctype_)
C:/ST/STM32CubeIDE_1.12.0/STM32CubeIDE/plugins/com.st.stm32cube.ide.mcu.externaltools.gnu-tools-for-stm32.11.3.rel1.win32_1.1.100.202309141235/tools/bin/../lib/gcc/arm-none-eabi/11.3.1/../../../../arm-none-eabi/lib/thumb/v7-m/nofp\libc_nano.a(libc_a-findfp.o)
                              ./Middlewares/Third_Party/FreeRTOS/Source/tasks.o (__sf)
C:/ST/STM32CubeIDE_1.12.0/STM32CubeIDE/plugins/com.st.stm32cube.ide.mcu.externaltools.gnu-tools-for-stm32.11.3.rel1.win32_1.1.100.202309141235/tools/bin/../lib/gcc/arm-none-eabi/11.3.1/../../../../arm-none-eabi/lib/thumb/v7-m/nofp\libc_nano.a(libc_a-fwalk.o)
                              C:/ST/STM32CubeIDE_1.12.0/STM32CubeIDE/plugins/com.st.stm32cube.ide.mcu.externaltools.gnu-tools-for-stm32.11.3.rel1.win32_1.1.100.202309141235/tools/bin/../lib/gcc/arm-none-eabi/11.3.1/../../../../arm-none-eabi/lib/thumb/v7-m/nofp\libc_nano.a(libc_a-findfp.o) (_fwalk_sglue)
C:/ST/STM32CubeIDE_1.12.0/STM32CubeIDE/plugins/com.st.stm32cube.ide.mcu.externaltools.gnu-tools-for-stm32.11.3.rel1.win32_1.1.100.202309141235/tools/bin/../lib/gcc/arm-none-eabi/11.3.1/../../../../arm-none-eabi/lib/thumb/v7-m/nofp\libc_nano.a(libc_a-stdio.o)
                              C:/ST/STM32CubeIDE_1.12.0/STM32CubeIDE/plugins/com.st.stm32cube.ide.mcu.externaltools.gnu-tools-for-stm32.11.3.rel1.win32_1.1.100.202309141235/tools/bin/../lib/gcc/arm-none-eabi/11.3.1/../../../../arm-none-eabi/lib/thumb/v7-m/nofp\libc_nano.a(libc_a-findfp.o) (__sread)
C:/ST/STM32CubeIDE_1.12.0/STM32CubeIDE/plugins/com.st.stm32cube.ide.mcu.externaltools.gnu-tools-for-stm32.11.3.rel1.win32_1.1.100.202309141235/tools/bin/../lib/gcc/arm-none-eabi/11.3.1/../../../../arm-none-eabi/lib/thumb/v7-m/nofp\libc_nano.a(libc_a-vasnprintf.o)
                              ./STM32_RTOS_PeripheralDriver/SyncPrintf/SyncPrintf.o (vasnprintf)
C:/ST/STM32CubeIDE_1.12.0/STM32CubeIDE/plugins/com.st.stm32cube.ide.mcu.externaltools.gnu-tools-for-stm32.11.3.rel1.win32_1.1.100.202309141235/tools/bin/../lib/gcc/arm-none-eabi/11.3.1/../../../../arm-none-eabi/lib/thumb/v7-m/nofp\libc_nano.a(libc_a-memcmp.o)
                              ./STM32-Hardware-Driver/SteeringDriver/eziservov8_lib/EziservoV8/FAS_Util.o (memcmp)
C:/ST/STM32CubeIDE_1.12.0/STM32CubeIDE/plugins/com.st.stm32cube.ide.mcu.externaltools.gnu-tools-for-stm32.11.3.rel1.win32_1.1.100.202309141235/tools/bin/../lib/gcc/arm-none-eabi/11.3.1/../../../../arm-none-eabi/lib/thumb/v7-m/nofp\libc_nano.a(libc_a-memmove.o)
                              ./STM32-Hardware-Driver/SteeringDriver/eziservov8_lib/EziservoV8/FAS_Util.o (memmove)
C:/ST/STM32CubeIDE_1.12.0/STM32CubeIDE/plugins/com.st.stm32cube.ide.mcu.externaltools.gnu-tools-for-stm32.11.3.rel1.win32_1.1.100.202309141235/tools/bin/../lib/gcc/arm-none-eabi/11.3.1/../../../../arm-none-eabi/lib/thumb/v7-m/nofp\libc_nano.a(libc_a-memset.o)
[...]
Memory Configuration

Name             Origin             Length             Attributes
RAM              0x0000000020000000 0x0000000000005000 xrw
FLASH            0x0000000008000000 0x0000000000010000 xr
*default*        0x0000000000000000 0xffffffffffffffff

Linker script and memory map

LOAD C:/ST/STM32CubeIDE_1.12.0/STM32CubeIDE/plugins/com.st.stm32cube.ide.mcu.externaltools.gnu-tools-for-stm32.11.3.rel1.win32_1.1.100.202309141235/tools/bin/../lib/gcc/arm-none-eabi/11.3.1/thumb/v7-m/nofp/crti.o
LOAD C:/ST/STM32CubeIDE_1.12.0/STM32CubeIDE/plugins/com.st.stm32cube.ide.mcu.externaltools.gnu-tools-for-stm32.11.3.rel1.win32_1.1.100.202309141235/tools/bin/../lib/gcc/arm-none-eabi/11.3.1/thumb/v7-m/nofp/crtbegin.o
LOAD C:/ST/STM32CubeIDE_1.12.0/STM32CubeIDE/plugins/com.st.stm32cube.ide.mcu.externaltools.gnu-tools-for-stm32.11.3.rel1.win32_1.1.100.202309141235/tools/bin/../lib/gcc/arm-none-eabi/11.3.1/../../../../arm-none-eabi/lib/thumb/v7-m/nofp/crt0.o
LOAD ./CAN_Handle/CAN_Handle.o
LOAD ./Core/Src/freertos.o
LOAD ./Core/Src/main.o
LOAD ./Core/Src/stm32f1xx_hal_msp.o
LOAD ./Core/Src/stm32f1xx_hal_timebase_tim.o
LOAD ./Core/Src/stm32f1xx_it.o
LOAD ./Core/Src/syscalls.o
LOAD ./Core/Src/sysmem.o
LOAD ./Core/Src/system_stm32f1xx.o
LOAD ./Core/Startup/startup_stm32f103c8tx.o
LOAD ./Drivers/STM32F1xx_HAL_Driver/Src/stm32f1xx_hal.o
LOAD ./Drivers/STM32F1xx_HAL_Driver/Src/stm32f1xx_hal_can.o
LOAD ./Drivers/STM32F1xx_HAL_Driver/Src/stm32f1xx_hal_cortex.o
LOAD ./Drivers/STM32F1xx_HAL_Driver/Src/stm32f1xx_hal_dma.o
LOAD ./Drivers/STM32F1xx_HAL_Driver/Src/stm32f1xx_hal_exti.o
LOAD ./Drivers/STM32F1xx_HAL_Driver/Src/stm32f1xx_hal_flash.o
LOAD ./Drivers/STM32F1xx_HAL_Driver/Src/stm32f1xx_hal_flash_ex.o
LOAD ./Drivers/STM32F1xx_HAL_Driver/Src/stm32f1xx_hal_gpio.o
LOAD ./Drivers/STM32F1xx_HAL_Driver/Src/stm32f1xx_hal_gpio_ex.o
LOAD ./Drivers/STM32F1xx_HAL_Driver/Src/stm32f1xx_hal_i2c.o
LOAD ./Drivers/STM32F1xx_HAL_Driver/Src/stm32f1xx_hal_pwr.o
LOAD ./Drivers/STM32F1xx_HAL_Driver/Src/stm32f1xx_hal_rcc.o
LOAD ./Drivers/STM32F1xx_HAL_Driver/Src/stm32f1xx_hal_rcc_ex.o
LOAD ./Drivers/STM32F1xx_HAL_Driver/Src/stm32f1xx_hal_tim.o
LOAD ./Drivers/STM32F1xx_HAL_Driver/Src/stm32f1xx_hal_tim_ex.o
LOAD ./Drivers/STM32F1xx_HAL_Driver/Src/stm32f1xx_hal_uart.o
LOAD ./Middlewares/Third_Party/FreeRTOS/Source/CMSIS_RTOS_V2/cmsis_os2.o
LOAD ./Middlewares/Third_Party/FreeRTOS/Source/croutine.o
LOAD ./Middlewares/Third_Party/FreeRTOS/Source/event_groups.o
LOAD ./Middlewares/Third_Party/FreeRTOS/Source/list.o
LOAD ./Middlewares/Third_Party/FreeRTOS/Source/queue.o
LOAD ./Middlewares/Third_Party/FreeRTOS/Source/stream_buffer.o
LOAD ./Middlewares/Third_Party/FreeRTOS/Source/tasks.o
LOAD ./Middlewares/Third_Party/FreeRTOS/Source/timers.o
LOAD ./Middlewares/Third_Party/FreeRTOS/Source/portable/GCC/ARM_CM3/port.o
LOAD ./Middlewares/Third_Party/FreeRTOS/Source/portable/MemMang/heap_4.o
LOAD ./Periodics/PowerPublisher/PowerPublisher.o
LOAD ./STM32-Hardware-Driver/INA219/INA219.o
LOAD ./STM32-Hardware-Driver/MotorController/MotorController.o
LOAD ./STM32-Hardware-Driver/MotorController/SpeedController.o
LOAD ./STM32-Hardware-Driver/SteeringDriver/WheelControl/WheelControl.o
LOAD ./STM32-Hardware-Driver/SteeringDriver/eziservov8_lib/EziservoV8/FAS_IOControl.o
LOAD ./STM32-Hardware-Driver/SteeringDriver/eziservov8_lib/EziservoV8/FAS_Motion.o
LOAD ./STM32-Hardware-Driver/SteeringDriver/eziservov8_lib/EziservoV8/FAS_Port.o
LOAD ./STM32-Hardware-Driver/SteeringDriver/eziservov8_lib/EziservoV8/FAS_ServoControl.o
LOAD ./STM32-Hardware-Driver/SteeringDriver/eziservov8_lib/EziservoV8/FAS_StatusPos.o
LOAD ./STM32-Hardware-Driver/SteeringDriver/eziservov8_lib/EziservoV8/FAS_Util.o
LOAD ./STM32_RTOS_PeripheralDriver/CANFrame/canframe.o
LOAD ./STM32_RTOS_PeripheralDriver/CANHandler/CANHandler.o
LOAD ./STM32_RTOS_PeripheralDriver/CANHandler/CANHandler_it.o
LOAD ./STM32_RTOS_PeripheralDriver/GPIO/GPIOHandler.o
LOAD ./STM32_RTOS_PeripheralDriver/I2CHandler/I2C_Handler.o
LOAD ./STM32_RTOS_PeripheralDriver/SyncPrintf/SyncPrintf.o
LOAD ./STM32_RTOS_PeripheralDriver/UARTHandler/UART_Handler.o
LOAD ./UtilitySmallFunction/CRC/CRC.o
LOAD ./UtilitySmallFunction/DataProcess/DataProcess.o
LOAD ./UtilitySmallFunction/Utility/Utility.o
START GROUP
LOAD C:/ST/STM32CubeIDE_1.12.0/STM32CubeIDE/plugins/com.st.stm32cube.ide.mcu.externaltools.gnu-tools-for-stm32.11.3.rel1.win32_1.1.100.202309141235/tools/bin/../lib/gcc/arm-none-eabi/11.3.1/../../../../arm-none-eabi/lib/thumb/v7-m/nofp\libc_nano.a
LOAD C:/ST/STM32CubeIDE_1.12.0/STM32CubeIDE/plugins/com.st.stm32cube.ide.mcu.externaltools.gnu-tools-for-stm32.11.3.rel1.win32_1.1.100.202309141235/tools/bin/../lib/gcc/arm-none-eabi/11.3.1/../../../../arm-none-eabi/lib/thumb/v7-m/nofp\libm.a
END GROUP
START GROUP
LOAD C:/ST/STM32CubeIDE_1.12.0/STM32CubeIDE/plugins/com.st.stm32cube.ide.mcu.externaltools.gnu-tools-for-stm32.11.3.rel1.win32_1.1.100.202309141235/tools/bin/../lib/gcc/arm-none-eabi/11.3.1/thumb/v7-m/nofp\libgcc.a
LOAD C:/ST/STM32CubeIDE_1.12.0/STM32CubeIDE/plugins/com.st.stm32cube.ide.mcu.externaltools.gnu-tools-for-stm32.11.3.rel1.win32_1.1.100.202309141235/tools/bin/../lib/gcc/arm-none-eabi/11.3.1/../../../../arm-none-eabi/lib/thumb/v7-m/nofp\libc_nano.a
END GROUP
START GROUP
LOAD C:/ST/STM32CubeIDE_1.12.0/STM32CubeIDE/plugins/com.st.stm32cube.ide.mcu.externaltools.gnu-tools-for-stm32.11.3.rel1.win32_1.1.100.202309141235/tools/bin/../lib/gcc/arm-none-eabi/11.3.1/thumb/v7-m/nofp\libgcc.a
LOAD C:/ST/STM32CubeIDE_1.12.0/STM32CubeIDE/plugins/com.st.stm32cube.ide.mcu.externaltools.gnu-tools-for-stm32.11.3.rel1.win32_1.1.100.202309141235/tools/bin/../lib/gcc/arm-none-eabi/11.3.1/../../../../arm-none-eabi/lib/thumb/v7-m/nofp\libc_nano.a
LOAD C:/ST/STM32CubeIDE_1.12.0/STM32CubeIDE/plugins/com.st.stm32cube.ide.mcu.externaltools.gnu-tools-for-stm32.11.3.rel1.win32_1.1.100.202309141235/tools/bin/../lib/gcc/arm-none-eabi/11.3.1/../../../../arm-none-eabi/lib/thumb/v7-m/nofp\libnosys.a
END GROUP
START GROUP
LOAD C:/ST/STM32CubeIDE_1.12.0/STM32CubeIDE/plugins/com.st.stm32cube.ide.mcu.externaltools.gnu-tools-for-stm32.11.3.rel1.win32_1.1.100.202309141235/tools/bin/../lib/gcc/arm-none-eabi/11.3.1/thumb/v7-m/nofp\libgcc.a
LOAD C:/ST/STM32CubeIDE_1.12.0/STM32CubeIDE/plugins/com.st.stm32cube.ide.mcu.externaltools.gnu-tools-for-stm32.11.3.rel1.win32_1.1.100.202309141235/tools/bin/../lib/gcc/arm-none-eabi/11.3.1/../../../../arm-none-eabi/lib/thumb/v7-m/nofp\libc_nano.a
LOAD C:/ST/STM32CubeIDE_1.12.0/STM32CubeIDE/plugins/com.st.stm32cube.ide.mcu.externaltools.gnu-tools-for-stm32.11.3.rel1.win32_1.1.100.202309141235/tools/bin/../lib/gcc/arm-none-eabi/11.3.1/../../../../arm-none-eabi/lib/thumb/v7-m/nofp\libnosys.a
END GROUP
LOAD C:/ST/STM32CubeIDE_1.12.0/STM32CubeIDE/plugins/com.st.stm32cube.ide.mcu.externaltools.gnu-tools-for-stm32.11.3.rel1.win32_1.1.100.202309141235/tools/bin/../lib/gcc/arm-none-eabi/11.3.1/thumb/v7-m/nofp/crtend.o
LOAD C:/ST/STM32CubeIDE_1.12.0/STM32CubeIDE/plugins/com.st.stm32cube.ide.mcu.externaltools.gnu-tools-for-stm32.11.3.rel1.win32_1.1.100.202309141235/tools/bin/../lib/gcc/arm-none-eabi/11.3.1/thumb/v7-m/nofp/crtn.o
                0x0000000020005000                _estack = (ORIGIN (RAM) + LENGTH (RAM))
                0x0000000000000200                _Min_Heap_Size = 0x200
                0x0000000000000400                _Min_Stack_Size = 0x400

.isr_vector     0x0000000008000000      0x10c
                0x0000000008000000                . = ALIGN (0x4)
 *(.isr_vector)
 .isr_vector    0x0000000008000000      0x10c ./Core/Startup/startup_stm32f103c8tx.o
                0x0000000008000000                g_pfnVectors
                0x000000000800010c                . = ALIGN (0x4)

.text           0x0000000008000110     0xbfe8
                0x0000000008000110                . = ALIGN (0x4)
 *(.text)
 .text          0x0000000008000110       0x40 C:/ST/STM32CubeIDE_1.12.0/STM32CubeIDE/plugins/com.st.stm32cube.ide.mcu.externaltools.gnu-tools-for-stm32.11.3.rel1.win32_1.1.100.202309141235/tools/bin/../lib/gcc/arm-none-eabi/11.3.1/thumb/v7-m/nofp/crtbegin.o
 .text          0x0000000008000150      0x378 C:/ST/STM32CubeIDE_1.12.0/STM32CubeIDE/plugins/com.st.stm32cube.ide.mcu.externaltools.gnu-tools-for-stm32.11.3.rel1.win32_1.1.100.202309141235/tools/bin/../lib/gcc/arm-none-eabi/11.3.1/thumb/v7-m/nofp\libgcc.a(_arm_addsubdf3.o)
                0x0000000008000150                __aeabi_drsub
                0x0000000008000158                __aeabi_dsub
                0x0000000008000158                __subdf3
                0x000000000800015c                __aeabi_dadd
                0x000000000800015c                __adddf3
                0x00000000080003d4                __floatunsidf
                0x00000000080003d4                __aeabi_ui2d
                0x00000000080003f4                __floatsidf
                0x00000000080003f4                __aeabi_i2d
                0x0000000008000418                __aeabi_f2d
                0x0000000008000418                __extendsfdf2
                0x000000000800045c                __floatundidf
                0x000000000800045c                __aeabi_ul2d
                0x000000000800046c                __floatdidf
                0x000000000800046c                __aeabi_l2d
 .text          0x00000000080004c8      0x424 C:/ST/STM32CubeIDE_1.12.0/STM32CubeIDE/plugins/com.st.stm32cube.ide.mcu.externaltools.gnu-tools-for-stm32.11.3.rel1.win32_1.1.100.202309141235/tools/bin/../lib/gcc/arm-none-eabi/11.3.1/thumb/v7-m/nofp\libgcc.a(_arm_muldivdf3.o)
                0x00000000080004c8                __aeabi_dmul
                0x00000000080004c8                __muldf3
                0x000000000800071c                __divdf3
                0x000000000800071c                __aeabi_ddiv
 .text          0x00000000080008ec       0x50 C:/ST/STM32CubeIDE_1.12.0/STM32CubeIDE/plugins/com.st.stm32cube.ide.mcu.externaltools.gnu-tools-for-stm32.11.3.rel1.win32_1.1.100.202309141235/tools/bin/../lib/gcc/arm-none-eabi/11.3.1/thumb/v7-m/nofp\libgcc.a(_arm_fixdfsi.o)
                0x00000000080008ec                __aeabi_d2iz
                0x00000000080008ec                __fixdfsi
 .text          0x000000000800093c       0xa0 C:/ST/STM32CubeIDE_1.12.0/STM32CubeIDE/plugins/com.st.stm32cube.ide.mcu.externaltools.gnu-tools-for-stm32.11.3.rel1.win32_1.1.100.202309141235/tools/bin/../lib/gcc/arm-none-eabi/11.3.1/thumb/v7-m/nofp\libgcc.a(_arm_truncdfsf2.o)
                0x000000000800093c                __truncdfsf2
                0x000000000800093c                __aeabi_d2f
 .text          0x00000000080009dc       0xec C:/ST/STM32CubeIDE_1.12.0/STM32CubeIDE/plugins/com.st.stm32cube.ide.mcu.externaltools.gnu-tools-for-stm32.11.3.rel1.win32_1.1.100.202309141235/tools/bin/../lib/gcc/arm-none-eabi/11.3.1/thumb/v7-m/nofp\libgcc.a(_arm_cmpsf2.o)
                0x00000000080009dc                __gesf2
                0x00000000080009dc                __gtsf2
                0x00000000080009e4                __lesf2
                0x00000000080009e4                __ltsf2
                0x00000000080009ec                __nesf2
                0x00000000080009ec                __eqsf2
                0x00000000080009ec                __cmpsf2
                0x0000000008000a4c                __aeabi_cfrcmple
                0x0000000008000a54                __aeabi_cfcmpeq
                0x0000000008000a54                __aeabi_cfcmple
                0x0000000008000a64                __aeabi_fcmpeq
                0x0000000008000a78                __aeabi_fcmplt
                0x0000000008000a8c                __aeabi_fcmple
                0x0000000008000aa0                __aeabi_fcmpge
                0x0000000008000ab4                __aeabi_fcmpgt
 *(.text*)
 .text.CAN_Config_filtering
                0x0000000008000ac8       0x5c ./CAN_Handle/CAN_Handle.o
                0x0000000008000ac8                CAN_Config_filtering
 .text.HAL_CAN_RxFifo0MsgPendingCallback
                0x0000000008000b24       0x3c ./CAN_Handle/CAN_Handle.o
                0x0000000008000b24                HAL_CAN_RxFifo0MsgPendingCallback
 .text.HAL_CAN_RxFifo1MsgPendingCallback
                0x0000000008000b60       0x3c ./CAN_Handle/CAN_Handle.o
                0x0000000008000b60                HAL_CAN_RxFifo1MsgPendingCallback
 .text.bytes2Float
                0x0000000008000b9c       0x1a ./CAN_Handle/CAN_Handle.o
                0x0000000008000b9c                bytes2Float
 *fill*         0x0000000008000bb6        0x2 
 .text.main     0x0000000008000bb8       0x84 ./Core/Src/main.o
                0x0000000008000bb8                main
 .text.SystemClock_Config
                0x0000000008000c3c       0x8a ./Core/Src/main.o
                0x0000000008000c3c                SystemClock_Config
 *fill*         0x0000000008000cc6        0x2 
 .text.MX_CAN_Init
                0x0000000008000cc8       0x6c ./Core/Src/main.o
 .text.MX_I2C1_Init
                0x0000000008000d34       0x5c ./Core/Src/main.o
 .text.MX_USART1_UART_Init
                0x0000000008000d90       0x54 ./Core/Src/main.o
 .text.MX_USART2_UART_Init
                0x0000000008000de4       0x54 ./Core/Src/main.o
 .text.MX_DMA_Init
                0x0000000008000e38       0xb4 ./Core/Src/main.o
 .text.MX_GPIO_Init
                0x0000000008000eec      0x110 ./Core/Src/main.o
 .text.HAL_UART_RxCpltCallback
                0x0000000008000ffc       0x24 ./Core/Src/main.o
                0x0000000008000ffc                HAL_UART_RxCpltCallback
 .text.HAL_UART_TxCpltCallback
                0x0000000008001020       0x24 ./Core/Src/main.o
                0x0000000008001020                HAL_UART_TxCpltCallback
 .text.HAL_UARTEx_RxEventCallback
                0x0000000008001044       0x2c ./Core/Src/main.o
                0x0000000008001044                HAL_UARTEx_RxEventCallback
 .text.HAL_I2C_MemRxCpltCallback
                0x0000000008001070       0x24 ./Core/Src/main.o
                0x0000000008001070                HAL_I2C_MemRxCpltCallback
 .text.HAL_I2C_MemTxCpltCallback
                0x0000000008001094       0x24 ./Core/Src/main.o
                0x0000000008001094                HAL_I2C_MemTxCpltCallback
 .text.StartDefaultTask
                0x00000000080010b8       0x88 ./Core/Src/main.o
                0x00000000080010b8                StartDefaultTask
 .text.HAL_TIM_PeriodElapsedCallback
                0x0000000008001140       0x24 ./Core/Src/main.o
                0x0000000008001140                HAL_TIM_PeriodElapsedCallback
 .text.Error_Handler
                0x0000000008001164        0xa ./Core/Src/main.o
                0x0000000008001164                Error_Handler
 *fill*         0x000000000800116e        0x2 
 .text.HAL_MspInit
                0x0000000008001170       0x70 ./Core/Src/stm32f1xx_hal_msp.o
                0x0000000008001170                HAL_MspInit
 .text.HAL_CAN_MspInit
                0x00000000080011e0       0xc8 ./Core/Src/stm32f1xx_hal_msp.o
                0x00000000080011e0                HAL_CAN_MspInit
 .text.HAL_I2C_MspInit
                0x00000000080012a8       0x9c ./Core/Src/stm32f1xx_hal_msp.o
                0x00000000080012a8                HAL_I2C_MspInit
 .text.HAL_UART_MspInit
                0x0000000008001344      0x27c ./Core/Src/stm32f1xx_hal_msp.o
                0x0000000008001344                HAL_UART_MspInit
 .text.HAL_InitTick
                0x00000000080015c0       0xfc ./Core/Src/stm32f1xx_hal_timebase_tim.o
                0x00000000080015c0                HAL_InitTick
 .text.NMI_Handler
                0x00000000080016bc        0x6 ./Core/Src/stm32f1xx_it.o
                0x00000000080016bc                NMI_Handler
 .text.HardFault_Handler
                0x00000000080016c2        0x6 ./Core/Src/stm32f1xx_it.o
                0x00000000080016c2                HardFault_Handler
 .text.MemManage_Handler
                0x00000000080016c8        0x6 ./Core/Src/stm32f1xx_it.o
                0x00000000080016c8                MemManage_Handler
 .text.BusFault_Handler
                0x00000000080016ce        0x6 ./Core/Src/stm32f1xx_it.o
                0x00000000080016ce                BusFault_Handler
 .text.UsageFault_Handler
                0x00000000080016d4        0x6 ./Core/Src/stm32f1xx_it.o
                0x00000000080016d4                UsageFault_Handler
 .text.DebugMon_Handler
                0x00000000080016da        0xc ./Core/Src/stm32f1xx_it.o
                0x00000000080016da                DebugMon_Handler
 *fill*         0x00000000080016e6        0x2 
 .text.DMA1_Channel4_IRQHandler
                0x00000000080016e8       0x14 ./Core/Src/stm32f1xx_it.o
                0x00000000080016e8                DMA1_Channel4_IRQHandler
 .text.DMA1_Channel5_IRQHandler
                0x00000000080016fc       0x14 ./Core/Src/stm32f1xx_it.o
                0x00000000080016fc                DMA1_Channel5_IRQHandler
 .text.DMA1_Channel6_IRQHandler
                0x0000000008001710       0x14 ./Core/Src/stm32f1xx_it.o
                0x0000000008001710                DMA1_Channel6_IRQHandler
 .text.DMA1_Channel7_IRQHandler
                0x0000000008001724       0x14 ./Core/Src/stm32f1xx_it.o
                0x0000000008001724                DMA1_Channel7_IRQHandler
 .text.USB_HP_CAN1_TX_IRQHandler
                0x0000000008001738       0x14 ./Core/Src/stm32f1xx_it.o
                0x0000000008001738                USB_HP_CAN1_TX_IRQHandler
 .text.USB_LP_CAN1_RX0_IRQHandler
                0x000000000800174c       0x14 ./Core/Src/stm32f1xx_it.o
                0x000000000800174c                USB_LP_CAN1_RX0_IRQHandler
 .text.CAN1_RX1_IRQHandler
                0x0000000008001760       0x14 ./Core/Src/stm32f1xx_it.o
                0x0000000008001760                CAN1_RX1_IRQHandler
 .text.TIM4_IRQHandler
                0x0000000008001774       0x14 ./Core/Src/stm32f1xx_it.o
                0x0000000008001774                TIM4_IRQHandler
 .text.I2C1_EV_IRQHandler
                0x0000000008001788       0x14 ./Core/Src/stm32f1xx_it.o
                0x0000000008001788                I2C1_EV_IRQHandler
 .text.I2C1_ER_IRQHandler
                0x000000000800179c       0x14 ./Core/Src/stm32f1xx_it.o
                0x000000000800179c                I2C1_ER_IRQHandler
 .text.USART1_IRQHandler
                0x00000000080017b0       0x14 ./Core/Src/stm32f1xx_it.o
                0x00000000080017b0                USART1_IRQHandler
 .text.USART2_IRQHandler
                0x00000000080017c4       0x14 ./Core/Src/stm32f1xx_it.o
                0x00000000080017c4                USART2_IRQHandler
 .text._sbrk    0x00000000080017d8       0x6c ./Core/Src/sysmem.o
                0x00000000080017d8                _sbrk
 .text.SystemInit
                0x0000000008001844        0xc ./Core/Src/system_stm32f1xx.o
                0x0000000008001844                SystemInit
 .text.Reset_Handler
                0x0000000008001850       0x48 ./Core/Startup/startup_stm32f103c8tx.o
                0x0000000008001850                Reset_Handler
 .text.Default_Handler
                0x0000000008001898        0x2 ./Core/Startup/startup_stm32f103c8tx.o
                0x0000000008001898                RTC_Alarm_IRQHandler
                0x0000000008001898                EXTI2_IRQHandler
                0x0000000008001898                TIM1_CC_IRQHandler
                0x0000000008001898                PVD_IRQHandler
                0x0000000008001898                EXTI3_IRQHandler
                0x0000000008001898                EXTI0_IRQHandler
                0x0000000008001898                I2C2_EV_IRQHandler
                0x0000000008001898                ADC1_2_IRQHandler
                0x0000000008001898                SPI1_IRQHandler
                0x0000000008001898                TAMPER_IRQHandler
                0x0000000008001898                USART3_IRQHandler
                0x0000000008001898                RTC_IRQHandler
                0x0000000008001898                TIM3_IRQHandler
                0x0000000008001898                RCC_IRQHandler
                0x0000000008001898                TIM1_TRG_COM_IRQHandler
                0x0000000008001898                DMA1_Channel1_IRQHandler
                0x0000000008001898                Default_Handler
                0x0000000008001898                EXTI15_10_IRQHandler
                0x0000000008001898                EXTI9_5_IRQHandler
                0x0000000008001898                SPI2_IRQHandler
                0x0000000008001898                EXTI4_IRQHandler
                0x0000000008001898                DMA1_Channel3_IRQHandler
                0x0000000008001898                TIM1_UP_IRQHandler
                0x0000000008001898                WWDG_IRQHandler
                0x0000000008001898                TIM2_IRQHandler
                0x0000000008001898                TIM1_BRK_IRQHandler
                0x0000000008001898                EXTI1_IRQHandler
                0x0000000008001898                I2C2_ER_IRQHandler
                0x0000000008001898                DMA1_Channel2_IRQHandler
                0x0000000008001898                CAN1_SCE_IRQHandler
                0x0000000008001898                FLASH_IRQHandler
                0x0000000008001898                USBWakeUp_IRQHandler
 *fill*         0x000000000800189a        0x2 
 .text.HAL_Init
                0x000000000800189c       0x2c ./Drivers/STM32F1xx_HAL_Driver/Src/stm32f1xx_hal.o
                0x000000000800189c                HAL_Init
 .text.HAL_IncTick
                0x00000000080018c8       0x24 ./Drivers/STM32F1xx_HAL_Driver/Src/stm32f1xx_hal.o
                0x00000000080018c8                HAL_IncTick
 .text.HAL_GetTick
                0x00000000080018ec       0x14 ./Drivers/STM32F1xx_HAL_Driver/Src/stm32f1xx_hal.o
                0x00000000080018ec                HAL_GetTick
 .text.HAL_CAN_Init
                0x0000000008001900      0x28c ./Drivers/STM32F1xx_HAL_Driver/Src/stm32f1xx_hal_can.o
                0x0000000008001900                HAL_CAN_Init
 .text.HAL_CAN_ConfigFilter
                0x0000000008001b8c      0x192 ./Drivers/STM32F1xx_HAL_Driver/Src/stm32f1xx_hal_can.o
                0x0000000008001b8c                HAL_CAN_ConfigFilter
 .text.HAL_CAN_Start
                0x0000000008001d1e       0x88 ./Drivers/STM32F1xx_HAL_Driver/Src/stm32f1xx_hal_can.o
                0x0000000008001d1e                HAL_CAN_Start
 .text.HAL_CAN_GetRxMessage
                0x0000000008001da6      0x242 ./Drivers/STM32F1xx_HAL_Driver/Src/stm32f1xx_hal_can.o
                0x0000000008001da6                HAL_CAN_GetRxMessage
 .text.HAL_CAN_ActivateNotification
                0x0000000008001fe8       0x4a ./Drivers/STM32F1xx_HAL_Driver/Src/stm32f1xx_hal_can.o
                0x0000000008001fe8                HAL_CAN_ActivateNotification
 .text.HAL_CAN_IRQHandler
                0x0000000008002032      0x38a ./Drivers/STM32F1xx_HAL_Driver/Src/stm32f1xx_hal_can.o
                0x0000000008002032                HAL_CAN_IRQHandler
 .text.HAL_CAN_TxMailbox0CompleteCallback
                0x00000000080023bc       0x12 ./Drivers/STM32F1xx_HAL_Driver/Src/stm32f1xx_hal_can.o
                0x00000000080023bc                HAL_CAN_TxMailbox0CompleteCallback
 .text.HAL_CAN_TxMailbox1CompleteCallback
                0x00000000080023ce       0x12 ./Drivers/STM32F1xx_HAL_Driver/Src/stm32f1xx_hal_can.o
                0x00000000080023ce                HAL_CAN_TxMailbox1CompleteCallback
 .text.HAL_CAN_TxMailbox2CompleteCallback
                0x00000000080023e0       0x12 ./Drivers/STM32F1xx_HAL_Driver/Src/stm32f1xx_hal_can.o
                0x00000000080023e0                HAL_CAN_TxMailbox2CompleteCallback
 .text.HAL_CAN_TxMailbox0AbortCallback
                0x00000000080023f2       0x12 ./Drivers/STM32F1xx_HAL_Driver/Src/stm32f1xx_hal_can.o
                0x00000000080023f2                HAL_CAN_TxMailbox0AbortCallback
 .text.HAL_CAN_TxMailbox1AbortCallback
                0x0000000008002404       0x12 ./Drivers/STM32F1xx_HAL_Driver/Src/stm32f1xx_hal_can.o
                0x0000000008002404                HAL_CAN_TxMailbox1AbortCallback
 .text.HAL_CAN_TxMailbox2AbortCallback
                0x0000000008002416       0x12 ./Drivers/STM32F1xx_HAL_Driver/Src/stm32f1xx_hal_can.o
                0x0000000008002416                HAL_CAN_TxMailbox2AbortCallback
 .text.HAL_CAN_RxFifo0FullCallback
                0x0000000008002428       0x12 ./Drivers/STM32F1xx_HAL_Driver/Src/stm32f1xx_hal_can.o
                0x0000000008002428                HAL_CAN_RxFifo0FullCallback
 .text.HAL_CAN_RxFifo1FullCallback
                0x000000000800243a       0x12 ./Drivers/STM32F1xx_HAL_Driver/Src/stm32f1xx_hal_can.o
                0x000000000800243a                HAL_CAN_RxFifo1FullCallback
 .text.HAL_CAN_SleepCallback
                0x000000000800244c       0x12 ./Drivers/STM32F1xx_HAL_Driver/Src/stm32f1xx_hal_can.o
                0x000000000800244c                HAL_CAN_SleepCallback
 .text.HAL_CAN_WakeUpFromRxMsgCallback
                0x000000000800245e       0x12 ./Drivers/STM32F1xx_HAL_Driver/Src/stm32f1xx_hal_can.o
                0x000000000800245e                HAL_CAN_WakeUpFromRxMsgCallback
 .text.HAL_CAN_ErrorCallback
                0x0000000008002470       0x12 ./Drivers/STM32F1xx_HAL_Driver/Src/stm32f1xx_hal_can.o
                0x0000000008002470                HAL_CAN_ErrorCallback
 .text.HAL_CAN_ResetError
                0x0000000008002482       0x44 ./Drivers/STM32F1xx_HAL_Driver/Src/stm32f1xx_hal_can.o
                0x0000000008002482                HAL_CAN_ResetError
 *fill*         0x00000000080024c6        0x2 
 .text.__NVIC_SetPriorityGrouping
                0x00000000080024c8       0x48 ./Drivers/STM32F1xx_HAL_Driver/Src/stm32f1xx_hal_cortex.o
 .text.__NVIC_GetPriorityGrouping
                0x0000000008002510       0x1c ./Drivers/STM32F1xx_HAL_Driver/Src/stm32f1xx_hal_cortex.o
 .text.__NVIC_EnableIRQ
                0x000000000800252c       0x38 ./Drivers/STM32F1xx_HAL_Driver/Src/stm32f1xx_hal_cortex.o
 .text.__NVIC_SetPriority
                0x0000000008002564       0x54 ./Drivers/STM32F1xx_HAL_Driver/Src/stm32f1xx_hal_cortex.o
 .text.NVIC_EncodePriority
                0x00000000080025b8       0x64 ./Drivers/STM32F1xx_HAL_Driver/Src/stm32f1xx_hal_cortex.o
 .text.HAL_NVIC_SetPriorityGrouping
                0x000000000800261c       0x16 ./Drivers/STM32F1xx_HAL_Driver/Src/stm32f1xx_hal_cortex.o
                0x000000000800261c                HAL_NVIC_SetPriorityGrouping
 .text.HAL_NVIC_SetPriority
                0x0000000008002632       0x38 ./Drivers/STM32F1xx_HAL_Driver/Src/stm32f1xx_hal_cortex.o
                0x0000000008002632                HAL_NVIC_SetPriority
 .text.HAL_NVIC_EnableIRQ
                0x000000000800266a       0x1c ./Drivers/STM32F1xx_HAL_Driver/Src/stm32f1xx_hal_cortex.o
                0x000000000800266a                HAL_NVIC_EnableIRQ
 *fill*         0x0000000008002686        0x2 
 .text.HAL_DMA_Init
                0x0000000008002688       0xb4 ./Drivers/STM32F1xx_HAL_Driver/Src/stm32f1xx_hal_dma.o
                0x0000000008002688                HAL_DMA_Init
 .text.HAL_DMA_Start_IT
                0x000000000800273c       0xc0 ./Drivers/STM32F1xx_HAL_Driver/Src/stm32f1xx_hal_dma.o
                0x000000000800273c                HAL_DMA_Start_IT
 .text.HAL_DMA_Abort
                0x00000000080027fc       0x76 ./Drivers/STM32F1xx_HAL_Driver/Src/stm32f1xx_hal_dma.o
                0x00000000080027fc                HAL_DMA_Abort
 *fill*         0x0000000008002872        0x2 
 .text.HAL_DMA_Abort_IT
                0x0000000008002874       0xf0 ./Drivers/STM32F1xx_HAL_Driver/Src/stm32f1xx_hal_dma.o
                0x0000000008002874                HAL_DMA_Abort_IT
 .text.HAL_DMA_IRQHandler
                0x0000000008002964      0x20c ./Drivers/STM32F1xx_HAL_Driver/Src/stm32f1xx_hal_dma.o
                0x0000000008002964                HAL_DMA_IRQHandler
 .text.HAL_DMA_GetState
                0x0000000008002b70       0x1a ./Drivers/STM32F1xx_HAL_Driver/Src/stm32f1xx_hal_dma.o
                0x0000000008002b70                HAL_DMA_GetState
 .text.HAL_DMA_GetError
                0x0000000008002b8a       0x16 ./Drivers/STM32F1xx_HAL_Driver/Src/stm32f1xx_hal_dma.o
                0x0000000008002b8a                HAL_DMA_GetError
 .text.DMA_SetConfig
                0x0000000008002ba0       0x5a ./Drivers/STM32F1xx_HAL_Driver/Src/stm32f1xx_hal_dma.o
 *fill*         0x0000000008002bfa        0x2 
 .text.HAL_GPIO_Init
                0x0000000008002bfc      0x308 ./Drivers/STM32F1xx_HAL_Driver/Src/stm32f1xx_hal_gpio.o
                0x0000000008002bfc                HAL_GPIO_Init
 .text.HAL_GPIO_WritePin
                0x0000000008002f04       0x30 ./Drivers/STM32F1xx_HAL_Driver/Src/stm32f1xx_hal_gpio.o
                0x0000000008002f04                HAL_GPIO_WritePin
 .text.HAL_I2C_Init
                0x0000000008002f34      0x288 ./Drivers/STM32F1xx_HAL_Driver/Src/stm32f1xx_hal_i2c.o
                0x0000000008002f34                HAL_I2C_Init
 .text.I2C_Flush_DR
                0x00000000080031bc       0x28 ./Drivers/STM32F1xx_HAL_Driver/Src/stm32f1xx_hal_i2c.o
 .text.HAL_I2C_EV_IRQHandler
                0x00000000080031e4      0x2a6 ./Drivers/STM32F1xx_HAL_Driver/Src/stm32f1xx_hal_i2c.o
                0x00000000080031e4                HAL_I2C_EV_IRQHandler
 .text.HAL_I2C_ER_IRQHandler
                0x000000000800348a      0x14e ./Drivers/STM32F1xx_HAL_Driver/Src/stm32f1xx_hal_i2c.o
                0x000000000800348a                HAL_I2C_ER_IRQHandler
 .text.HAL_I2C_MasterTxCpltCallback
                0x00000000080035d8       0x12 ./Drivers/STM32F1xx_HAL_Driver/Src/stm32f1xx_hal_i2c.o
                0x00000000080035d8                HAL_I2C_MasterTxCpltCallback
 .text.HAL_I2C_MasterRxCpltCallback
                0x00000000080035ea       0x12 ./Drivers/STM32F1xx_HAL_Driver/Src/stm32f1xx_hal_i2c.o
                0x00000000080035ea                HAL_I2C_MasterRxCpltCallback
 .text.HAL_I2C_SlaveTxCpltCallback
                0x00000000080035fc       0x12 ./Drivers/STM32F1xx_HAL_Driver/Src/stm32f1xx_hal_i2c.o
                0x00000000080035fc                HAL_I2C_SlaveTxCpltCallback
 .text.HAL_I2C_SlaveRxCpltCallback
                0x000000000800360e       0x12 ./Drivers/STM32F1xx_HAL_Driver/Src/stm32f1xx_hal_i2c.o
                0x000000000800360e                HAL_I2C_SlaveRxCpltCallback
 .text.HAL_I2C_AddrCallback
                0x0000000008003620       0x1a ./Drivers/STM32F1xx_HAL_Driver/Src/stm32f1xx_hal_i2c.o
                0x0000000008003620                HAL_I2C_AddrCallback
 .text.HAL_I2C_ListenCpltCallback
                0x000000000800363a       0x12 ./Drivers/STM32F1xx_HAL_Driver/Src/stm32f1xx_hal_i2c.o
                0x000000000800363a                HAL_I2C_ListenCpltCallback
 .text.HAL_I2C_ErrorCallback
                0x000000000800364c       0x12 ./Drivers/STM32F1xx_HAL_Driver/Src/stm32f1xx_hal_i2c.o
                0x000000000800364c                HAL_I2C_ErrorCallback
 .text.HAL_I2C_AbortCpltCallback
                0x000000000800365e       0x12 ./Drivers/STM32F1xx_HAL_Driver/Src/stm32f1xx_hal_i2c.o
                0x000000000800365e                HAL_I2C_AbortCpltCallback
 .text.I2C_MasterTransmit_TXE
                0x0000000008003670      0x138 ./Drivers/STM32F1xx_HAL_Driver/Src/stm32f1xx_hal_i2c.o
 .text.I2C_MasterTransmit_BTF
                0x00000000080037a8       0xec ./Drivers/STM32F1xx_HAL_Driver/Src/stm32f1xx_hal_i2c.o
 .text.I2C_MemoryTransmit_TXE_BTF
                0x0000000008003894      0x130 ./Drivers/STM32F1xx_HAL_Driver/Src/stm32f1xx_hal_i2c.o
 .text.I2C_MasterReceive_RXNE
                0x00000000080039c4      0x176 ./Drivers/STM32F1xx_HAL_Driver/Src/stm32f1xx_hal_i2c.o
 .text.I2C_MasterReceive_BTF
                0x0000000008003b3a      0x1d4 ./Drivers/STM32F1xx_HAL_Driver/Src/stm32f1xx_hal_i2c.o
 .text.I2C_Master_SB
                0x0000000008003d0e      0x10a ./Drivers/STM32F1xx_HAL_Driver/Src/stm32f1xx_hal_i2c.o
 .text.I2C_Master_ADD10
                0x0000000008003e18       0x52 ./Drivers/STM32F1xx_HAL_Driver/Src/stm32f1xx_hal_i2c.o
 .text.I2C_Master_ADDR
                0x0000000008003e6a      0x336 ./Drivers/STM32F1xx_HAL_Driver/Src/stm32f1xx_hal_i2c.o
 .text.I2C_SlaveTransmit_TXE
                0x00000000080041a0       0x7a ./Drivers/STM32F1xx_HAL_Driver/Src/stm32f1xx_hal_i2c.o
 .text.I2C_SlaveTransmit_BTF
                0x000000000800421a       0x40 ./Drivers/STM32F1xx_HAL_Driver/Src/stm32f1xx_hal_i2c.o
 .text.I2C_SlaveReceive_RXNE
                0x000000000800425a       0x7c ./Drivers/STM32F1xx_HAL_Driver/Src/stm32f1xx_hal_i2c.o
 .text.I2C_SlaveReceive_BTF
                0x00000000080042d6       0x42 ./Drivers/STM32F1xx_HAL_Driver/Src/stm32f1xx_hal_i2c.o
 .text.I2C_Slave_ADDR
                0x0000000008004318       0x90 ./Drivers/STM32F1xx_HAL_Driver/Src/stm32f1xx_hal_i2c.o
 .text.I2C_Slave_STOPF
                0x00000000080043a8      0x260 ./Drivers/STM32F1xx_HAL_Driver/Src/stm32f1xx_hal_i2c.o
 .text.I2C_Slave_AF
                0x0000000008004608       0xe8 ./Drivers/STM32F1xx_HAL_Driver/Src/stm32f1xx_hal_i2c.o
 .text.I2C_ITError
                0x00000000080046f0      0x264 ./Drivers/STM32F1xx_HAL_Driver/Src/stm32f1xx_hal_i2c.o
 .text.I2C_DMAAbort
                0x0000000008004954      0x150 ./Drivers/STM32F1xx_HAL_Driver/Src/stm32f1xx_hal_i2c.o
 .text.I2C_WaitOnSTOPRequestThroughIT
                0x0000000008004aa4       0x64 ./Drivers/STM32F1xx_HAL_Driver/Src/stm32f1xx_hal_i2c.o
 .text.I2C_ConvertOtherXferOptions
                0x0000000008004b08       0x34 ./Drivers/STM32F1xx_HAL_Driver/Src/stm32f1xx_hal_i2c.o
 .text.HAL_RCC_OscConfig
                0x0000000008004b3c      0x504 ./Drivers/STM32F1xx_HAL_Driver/Src/stm32f1xx_hal_rcc.o
                0x0000000008004b3c                HAL_RCC_OscConfig
 .text.HAL_RCC_ClockConfig
                0x0000000008005040      0x1d4 ./Drivers/STM32F1xx_HAL_Driver/Src/stm32f1xx_hal_rcc.o
                0x0000000008005040                HAL_RCC_ClockConfig
 .text.HAL_RCC_GetSysClockFreq
                0x0000000008005214       0xa8 ./Drivers/STM32F1xx_HAL_Driver/Src/stm32f1xx_hal_rcc.o
                0x0000000008005214                HAL_RCC_GetSysClockFreq
 .text.HAL_RCC_GetHCLKFreq
                0x00000000080052bc       0x14 ./Drivers/STM32F1xx_HAL_Driver/Src/stm32f1xx_hal_rcc.o
                0x00000000080052bc                HAL_RCC_GetHCLKFreq
 .text.HAL_RCC_GetPCLK1Freq
                0x00000000080052d0       0x28 ./Drivers/STM32F1xx_HAL_Driver/Src/stm32f1xx_hal_rcc.o
                0x00000000080052d0                HAL_RCC_GetPCLK1Freq
 .text.HAL_RCC_GetPCLK2Freq
                0x00000000080052f8       0x28 ./Drivers/STM32F1xx_HAL_Driver/Src/stm32f1xx_hal_rcc.o
                0x00000000080052f8                HAL_RCC_GetPCLK2Freq
 .text.HAL_RCC_GetClockConfig
                0x0000000008005320       0x60 ./Drivers/STM32F1xx_HAL_Driver/Src/stm32f1xx_hal_rcc.o
                0x0000000008005320                HAL_RCC_GetClockConfig
 .text.RCC_Delay
                0x0000000008005380       0x3c ./Drivers/STM32F1xx_HAL_Driver/Src/stm32f1xx_hal_rcc.o
 .text.HAL_TIM_Base_Init
                0x00000000080053bc       0x9e ./Drivers/STM32F1xx_HAL_Driver/Src/stm32f1xx_hal_tim.o
                0x00000000080053bc                HAL_TIM_Base_Init
 .text.HAL_TIM_Base_MspInit
                0x000000000800545a       0x12 ./Drivers/STM32F1xx_HAL_Driver/Src/stm32f1xx_hal_tim.o
                0x000000000800545a                HAL_TIM_Base_MspInit
 .text.HAL_TIM_Base_Start_IT
                0x000000000800546c       0xa4 ./Drivers/STM32F1xx_HAL_Driver/Src/stm32f1xx_hal_tim.o
                0x000000000800546c                HAL_TIM_Base_Start_IT
 .text.HAL_TIM_IRQHandler
                0x0000000008005510      0x210 ./Drivers/STM32F1xx_HAL_Driver/Src/stm32f1xx_hal_tim.o
                0x0000000008005510                HAL_TIM_IRQHandler
 .text.HAL_TIM_OC_DelayElapsedCallback
                0x0000000008005720       0x12 ./Drivers/STM32F1xx_HAL_Driver/Src/stm32f1xx_hal_tim.o
                0x0000000008005720                HAL_TIM_OC_DelayElapsedCallback
 .text.HAL_TIM_IC_CaptureCallback
                0x0000000008005732       0x12 ./Drivers/STM32F1xx_HAL_Driver/Src/stm32f1xx_hal_tim.o
                0x0000000008005732                HAL_TIM_IC_CaptureCallback
 .text.HAL_TIM_PWM_PulseFinishedCallback
                0x0000000008005744       0x12 ./Drivers/STM32F1xx_HAL_Driver/Src/stm32f1xx_hal_tim.o
                0x0000000008005744                HAL_TIM_PWM_PulseFinishedCallback
 .text.HAL_TIM_TriggerCallback
                0x0000000008005756       0x12 ./Drivers/STM32F1xx_HAL_Driver/Src/stm32f1xx_hal_tim.o
                0x0000000008005756                HAL_TIM_TriggerCallback
 .text.TIM_Base_SetConfig
                0x0000000008005768       0xc4 ./Drivers/STM32F1xx_HAL_Driver/Src/stm32f1xx_hal_tim.o
                0x0000000008005768                TIM_Base_SetConfig
 .text.HAL_TIMEx_CommutCallback
                0x000000000800582c       0x12 ./Drivers/STM32F1xx_HAL_Driver/Src/stm32f1xx_hal_tim_ex.o
                0x000000000800582c                HAL_TIMEx_CommutCallback
 .text.HAL_TIMEx_BreakCallback
                0x000000000800583e       0x12 ./Drivers/STM32F1xx_HAL_Driver/Src/stm32f1xx_hal_tim_ex.o
                0x000000000800583e                HAL_TIMEx_BreakCallback
 .text.HAL_UART_Init
                0x0000000008005850       0xa0 ./Drivers/STM32F1xx_HAL_Driver/Src/stm32f1xx_hal_uart.o
                0x0000000008005850                HAL_UART_Init
 .text.HAL_UART_Transmit
                0x00000000080058f0      0x106 ./Drivers/STM32F1xx_HAL_Driver/Src/stm32f1xx_hal_uart.o
                0x00000000080058f0                HAL_UART_Transmit
 *fill*         0x00000000080059f6        0x2 
 .text.HAL_UART_Transmit_DMA
                0x00000000080059f8       0xe0 ./Drivers/STM32F1xx_HAL_Driver/Src/stm32f1xx_hal_uart.o
                0x00000000080059f8                HAL_UART_Transmit_DMA
 .text.HAL_UARTEx_ReceiveToIdle_DMA
                0x0000000008005ad8       0xba ./Drivers/STM32F1xx_HAL_Driver/Src/stm32f1xx_hal_uart.o
                0x0000000008005ad8                HAL_UARTEx_ReceiveToIdle_DMA
 .text.HAL_UART_AbortReceive
                0x0000000008005b92      0x146 ./Drivers/STM32F1xx_HAL_Driver/Src/stm32f1xx_hal_uart.o
                0x0000000008005b92                HAL_UART_AbortReceive
 .text.HAL_UART_IRQHandler
                0x0000000008005cd8      0x524 ./Drivers/STM32F1xx_HAL_Driver/Src/stm32f1xx_hal_uart.o
                0x0000000008005cd8                HAL_UART_IRQHandler
 .text.HAL_UART_TxHalfCpltCallback
                0x00000000080061fc       0x12 ./Drivers/STM32F1xx_HAL_Driver/Src/stm32f1xx_hal_uart.o
                0x00000000080061fc                HAL_UART_TxHalfCpltCallback
 .text.HAL_UART_RxHalfCpltCallback
                0x000000000800620e       0x12 ./Drivers/STM32F1xx_HAL_Driver/Src/stm32f1xx_hal_uart.o
                0x000000000800620e                HAL_UART_RxHalfCpltCallback
 .text.HAL_UART_ErrorCallback
                0x0000000008006220       0x12 ./Drivers/STM32F1xx_HAL_Driver/Src/stm32f1xx_hal_uart.o
                0x0000000008006220                HAL_UART_ErrorCallback
 .text.UART_DMATransmitCplt
                0x0000000008006232       0x9a ./Drivers/STM32F1xx_HAL_Driver/Src/stm32f1xx_hal_uart.o
 .text.UART_DMATxHalfCplt
                0x00000000080062cc       0x1c ./Drivers/STM32F1xx_HAL_Driver/Src/stm32f1xx_hal_uart.o
 .text.UART_DMAReceiveCplt
                0x00000000080062e8      0x12c ./Drivers/STM32F1xx_HAL_Driver/Src/stm32f1xx_hal_uart.o
 .text.UART_DMARxHalfCplt
                0x0000000008006414       0x3c ./Drivers/STM32F1xx_HAL_Driver/Src/stm32f1xx_hal_uart.o
 .text.UART_DMAError
                0x0000000008006450       0x94 ./Drivers/STM32F1xx_HAL_Driver/Src/stm32f1xx_hal_uart.o
 .text.UART_WaitOnFlagUntilTimeout
                0x00000000080064e4       0xdc ./Drivers/STM32F1xx_HAL_Driver/Src/stm32f1xx_hal_uart.o
 .text.UART_Start_Receive_DMA
                0x00000000080065c0      0x134 ./Drivers/STM32F1xx_HAL_Driver/Src/stm32f1xx_hal_uart.o
                0x00000000080065c0                UART_Start_Receive_DMA
 .text.UART_EndTxTransfer
                0x00000000080066f4       0x4e ./Drivers/STM32F1xx_HAL_Driver/Src/stm32f1xx_hal_uart.o
 .text.UART_EndRxTransfer
                0x0000000008006742       0xc4 ./Drivers/STM32F1xx_HAL_Driver/Src/stm32f1xx_hal_uart.o
 .text.UART_DMAAbortOnError
                0x0000000008006806       0x28 ./Drivers/STM32F1xx_HAL_Driver/Src/stm32f1xx_hal_uart.o
 .text.UART_Transmit_IT
                0x000000000800682e       0x9e ./Drivers/STM32F1xx_HAL_Driver/Src/stm32f1xx_hal_uart.o
 .text.UART_EndTransmit_IT
                0x00000000080068cc       0x30 ./Drivers/STM32F1xx_HAL_Driver/Src/stm32f1xx_hal_uart.o
 .text.UART_Receive_IT
                0x00000000080068fc      0x17c ./Drivers/STM32F1xx_HAL_Driver/Src/stm32f1xx_hal_uart.o
 .text.UART_SetConfig
                0x0000000008006a78      0x11c ./Drivers/STM32F1xx_HAL_Driver/Src/stm32f1xx_hal_uart.o
 .text.osKernelInitialize
                0x0000000008006b94       0x64 ./Middlewares/Third_Party/FreeRTOS/Source/CMSIS_RTOS_V2/cmsis_os2.o
                0x0000000008006b94                osKernelInitialize
 .text.osKernelStart
                0x0000000008006bf8       0x68 ./Middlewares/Third_Party/FreeRTOS/Source/CMSIS_RTOS_V2/cmsis_os2.o
                0x0000000008006bf8                osKernelStart
 .text.osThreadNew
                0x0000000008006c60      0x154 ./Middlewares/Third_Party/FreeRTOS/Source/CMSIS_RTOS_V2/cmsis_os2.o
                0x0000000008006c60                osThreadNew
 .text.osThreadSetPriority
                0x0000000008006db4       0x78 ./Middlewares/Third_Party/FreeRTOS/Source/CMSIS_RTOS_V2/cmsis_os2.o
                0x0000000008006db4                osThreadSetPriority
 .text.osDelay  0x0000000008006e2c       0x5c ./Middlewares/Third_Party/FreeRTOS/Source/CMSIS_RTOS_V2/cmsis_os2.o
                0x0000000008006e2c                osDelay
 .text.osEventFlagsNew
                0x0000000008006e88       0xa4 ./Middlewares/Third_Party/FreeRTOS/Source/CMSIS_RTOS_V2/cmsis_os2.o
                0x0000000008006e88                osEventFlagsNew
 .text.osEventFlagsSet
                0x0000000008006f2c       0xb0 ./Middlewares/Third_Party/FreeRTOS/Source/CMSIS_RTOS_V2/cmsis_os2.o
                0x0000000008006f2c                osEventFlagsSet
 .text.osEventFlagsClear
                0x0000000008006fdc       0x88 ./Middlewares/Third_Party/FreeRTOS/Source/CMSIS_RTOS_V2/cmsis_os2.o
                0x0000000008006fdc                osEventFlagsClear
 .text.osEventFlagsWait
                0x0000000008007064       0xec ./Middlewares/Third_Party/FreeRTOS/Source/CMSIS_RTOS_V2/cmsis_os2.o
                0x0000000008007064                osEventFlagsWait
 .text.osMutexNew
                0x0000000008007150      0x134 ./Middlewares/Third_Party/FreeRTOS/Source/CMSIS_RTOS_V2/cmsis_os2.o
                0x0000000008007150                osMutexNew
 .text.osMutexAcquire
                0x0000000008007284       0xbc ./Middlewares/Third_Party/FreeRTOS/Source/CMSIS_RTOS_V2/cmsis_os2.o
                0x0000000008007284                osMutexAcquire
 .text.osMutexRelease
                0x0000000008007340       0xa0 ./Middlewares/Third_Party/FreeRTOS/Source/CMSIS_RTOS_V2/cmsis_os2.o
                0x0000000008007340                osMutexRelease
 .text.vApplicationGetIdleTaskMemory
                0x00000000080073e0       0x30 ./Middlewares/Third_Party/FreeRTOS/Source/CMSIS_RTOS_V2/cmsis_os2.o
                0x00000000080073e0                vApplicationGetIdleTaskMemory
 .text.vApplicationGetTimerTaskMemory
                0x0000000008007410       0x30 ./Middlewares/Third_Party/FreeRTOS/Source/CMSIS_RTOS_V2/cmsis_os2.o
                0x0000000008007410                vApplicationGetTimerTaskMemory
 .text.xEventGroupCreateStatic
                0x0000000008007440       0x6e ./Middlewares/Third_Party/FreeRTOS/Source/event_groups.o
                0x0000000008007440                xEventGroupCreateStatic
 .text.xEventGroupCreate
                0x00000000080074ae       0x34 ./Middlewares/Third_Party/FreeRTOS/Source/event_groups.o
                0x00000000080074ae                xEventGroupCreate
 *fill*         0x00000000080074e2        0x2 
 .text.xEventGroupWaitBits
                0x00000000080074e4      0x19c ./Middlewares/Third_Party/FreeRTOS/Source/event_groups.o
                0x00000000080074e4                xEventGroupWaitBits
 .text.xEventGroupClearBits
                0x0000000008007680       0x70 ./Middlewares/Third_Party/FreeRTOS/Source/event_groups.o
                0x0000000008007680                xEventGroupClearBits
 .text.xEventGroupClearBitsFromISR
                0x00000000080076f0       0x28 ./Middlewares/Third_Party/FreeRTOS/Source/event_groups.o
                0x00000000080076f0                xEventGroupClearBitsFromISR
 .text.xEventGroupGetBitsFromISR
                0x0000000008007718       0x46 ./Middlewares/Third_Party/FreeRTOS/Source/event_groups.o
                0x0000000008007718                xEventGroupGetBitsFromISR
 .text.xEventGroupSetBits
                0x000000000800775e      0x116 ./Middlewares/Third_Party/FreeRTOS/Source/event_groups.o
                0x000000000800775e                xEventGroupSetBits
 .text.vEventGroupSetBitsCallback
                0x0000000008007874       0x1a ./Middlewares/Third_Party/FreeRTOS/Source/event_groups.o
                0x0000000008007874                vEventGroupSetBitsCallback
 .text.vEventGroupClearBitsCallback
                0x000000000800788e       0x1a ./Middlewares/Third_Party/FreeRTOS/Source/event_groups.o
                0x000000000800788e                vEventGroupClearBitsCallback
 .text.prvTestWaitCondition
                0x00000000080078a8       0x42 ./Middlewares/Third_Party/FreeRTOS/Source/event_groups.o
 *fill*         0x00000000080078ea        0x2 
 .text.xEventGroupSetBitsFromISR
                0x00000000080078ec       0x28 ./Middlewares/Third_Party/FreeRTOS/Source/event_groups.o
                0x00000000080078ec                xEventGroupSetBitsFromISR
 .text.vListInitialise
                0x0000000008007914       0x3e ./Middlewares/Third_Party/FreeRTOS/Source/list.o
                0x0000000008007914                vListInitialise
 .text.vListInitialiseItem
                0x0000000008007952       0x18 ./Middlewares/Third_Party/FreeRTOS/Source/list.o
                0x0000000008007952                vListInitialiseItem
 .text.vListInsertEnd
                0x000000000800796a       0x46 ./Middlewares/Third_Party/FreeRTOS/Source/list.o
                0x000000000800796a                vListInsertEnd
 .text.vListInsert
                0x00000000080079b0       0x70 ./Middlewares/Third_Party/FreeRTOS/Source/list.o
                0x00000000080079b0                vListInsert
 .text.uxListRemove
                0x0000000008007a20       0x52 ./Middlewares/Third_Party/FreeRTOS/Source/list.o
                0x0000000008007a20                uxListRemove
 *fill*         0x0000000008007a72        0x2 
 .text.xQueueGenericReset
                0x0000000008007a74       0xd0 ./Middlewares/Third_Party/FreeRTOS/Source/queue.o
                0x0000000008007a74                xQueueGenericReset
 .text.xQueueGenericCreateStatic
                0x0000000008007b44       0xee ./Middlewares/Third_Party/FreeRTOS/Source/queue.o
                0x0000000008007b44                xQueueGenericCreateStatic
 .text.xQueueGenericCreate
                0x0000000008007c32       0x7c ./Middlewares/Third_Party/FreeRTOS/Source/queue.o
                0x0000000008007c32                xQueueGenericCreate
 .text.prvInitialiseNewQueue
                0x0000000008007cae       0x46 ./Middlewares/Third_Party/FreeRTOS/Source/queue.o
 .text.prvInitialiseMutex
                0x0000000008007cf4       0x34 ./Middlewares/Third_Party/FreeRTOS/Source/queue.o
 .text.xQueueCreateMutex
                0x0000000008007d28       0x30 ./Middlewares/Third_Party/FreeRTOS/Source/queue.o
                0x0000000008007d28                xQueueCreateMutex
 .text.xQueueCreateMutexStatic
                0x0000000008007d58       0x36 ./Middlewares/Third_Party/FreeRTOS/Source/queue.o
                0x0000000008007d58                xQueueCreateMutexStatic
 .text.xQueueGiveMutexRecursive
                0x0000000008007d8e       0x68 ./Middlewares/Third_Party/FreeRTOS/Source/queue.o
                0x0000000008007d8e                xQueueGiveMutexRecursive
 .text.xQueueTakeMutexRecursive
                0x0000000008007df6       0x6c ./Middlewares/Third_Party/FreeRTOS/Source/queue.o
                0x0000000008007df6                xQueueTakeMutexRecursive
 *fill*         0x0000000008007e62        0x2 
 .text.xQueueGenericSend
                0x0000000008007e64      0x1fc ./Middlewares/Third_Party/FreeRTOS/Source/queue.o
                0x0000000008007e64                xQueueGenericSend
 .text.xQueueGenericSendFromISR
                0x0000000008008060      0x130 ./Middlewares/Third_Party/FreeRTOS/Source/queue.o
                0x0000000008008060                xQueueGenericSendFromISR
 .text.xQueueReceive
                0x0000000008008190      0x1c0 ./Middlewares/Third_Party/FreeRTOS/Source/queue.o
                0x0000000008008190                xQueueReceive
 .text.xQueueSemaphoreTake
                0x0000000008008350      0x218 ./Middlewares/Third_Party/FreeRTOS/Source/queue.o
                0x0000000008008350                xQueueSemaphoreTake
 .text.prvGetDisinheritPriorityAfterTimeout
                0x0000000008008568       0x2e ./Middlewares/Third_Party/FreeRTOS/Source/queue.o
 .text.prvCopyDataToQueue
                0x0000000008008596       0xd4 ./Middlewares/Third_Party/FreeRTOS/Source/queue.o
 .text.prvCopyDataFromQueue
                0x000000000800866a       0x4c ./Middlewares/Third_Party/FreeRTOS/Source/queue.o
 .text.prvUnlockQueue
                0x00000000080086b6       0xa4 ./Middlewares/Third_Party/FreeRTOS/Source/queue.o
 .text.prvIsQueueEmpty
                0x000000000800875a       0x2c ./Middlewares/Third_Party/FreeRTOS/Source/queue.o
 .text.prvIsQueueFull
                0x0000000008008786       0x30 ./Middlewares/Third_Party/FreeRTOS/Source/queue.o
 *fill*         0x00000000080087b6        0x2 
 .text.vQueueAddToRegistry
                0x00000000080087b8       0x50 ./Middlewares/Third_Party/FreeRTOS/Source/queue.o
                0x00000000080087b8                vQueueAddToRegistry
 .text.vQueueWaitForMessageRestricted
                0x0000000008008808       0x68 ./Middlewares/Third_Party/FreeRTOS/Source/queue.o
                0x0000000008008808                vQueueWaitForMessageRestricted
 .text.xTaskCreateStatic
                0x0000000008008870       0xb8 ./Middlewares/Third_Party/FreeRTOS/Source/tasks.o
                0x0000000008008870                xTaskCreateStatic
 .text.xTaskCreate
                0x0000000008008928       0x8a ./Middlewares/Third_Party/FreeRTOS/Source/tasks.o
                0x0000000008008928                xTaskCreate
 *fill*         0x00000000080089b2        0x2 
 .text.prvInitialiseNewTask
                0x00000000080089b4      0x13c ./Middlewares/Third_Party/FreeRTOS/Source/tasks.o
 .text.prvAddNewTaskToReadyList
                0x0000000008008af0       0xe0 ./Middlewares/Third_Party/FreeRTOS/Source/tasks.o
 .text.vTaskDelay
                0x0000000008008bd0       0x68 ./Middlewares/Third_Party/FreeRTOS/Source/tasks.o
                0x0000000008008bd0                vTaskDelay
 .text.vTaskPrioritySet
                0x0000000008008c38      0x144 ./Middlewares/Third_Party/FreeRTOS/Source/tasks.o
                0x0000000008008c38                vTaskPrioritySet
 .text.vTaskStartScheduler
                0x0000000008008d7c       0xe0 ./Middlewares/Third_Party/FreeRTOS/Source/tasks.o
                0x0000000008008d7c                vTaskStartScheduler
 .text.vTaskSuspendAll
                0x0000000008008e5c       0x1c ./Middlewares/Third_Party/FreeRTOS/Source/tasks.o
                0x0000000008008e5c                vTaskSuspendAll
 .text.xTaskResumeAll
                0x0000000008008e78      0x13c ./Middlewares/Third_Party/FreeRTOS/Source/tasks.o
                0x0000000008008e78                xTaskResumeAll
 .text.xTaskGetTickCount
                0x0000000008008fb4       0x1c ./Middlewares/Third_Party/FreeRTOS/Source/tasks.o
                0x0000000008008fb4                xTaskGetTickCount
 .text.xTaskIncrementTick
                0x0000000008008fd0      0x17c ./Middlewares/Third_Party/FreeRTOS/Source/tasks.o
                0x0000000008008fd0                xTaskIncrementTick
 .text.vTaskSwitchContext
                0x000000000800914c       0xc8 ./Middlewares/Third_Party/FreeRTOS/Source/tasks.o
                0x000000000800914c                vTaskSwitchContext
 .text.vTaskPlaceOnEventList
                0x0000000008009214       0x48 ./Middlewares/Third_Party/FreeRTOS/Source/tasks.o
                0x0000000008009214                vTaskPlaceOnEventList
 .text.vTaskPlaceOnUnorderedEventList
                0x000000000800925c       0x78 ./Middlewares/Third_Party/FreeRTOS/Source/tasks.o
                0x000000000800925c                vTaskPlaceOnUnorderedEventList
 .text.vTaskPlaceOnEventListRestricted
                0x00000000080092d4       0x58 ./Middlewares/Third_Party/FreeRTOS/Source/tasks.o
                0x00000000080092d4                vTaskPlaceOnEventListRestricted
 .text.xTaskRemoveFromEventList
                0x000000000800932c       0xc8 ./Middlewares/Third_Party/FreeRTOS/Source/tasks.o
                0x000000000800932c                xTaskRemoveFromEventList
 .text.vTaskRemoveFromUnorderedEventList
                0x00000000080093f4       0xc4 ./Middlewares/Third_Party/FreeRTOS/Source/tasks.o
                0x00000000080093f4                vTaskRemoveFromUnorderedEventList
 .text.vTaskInternalSetTimeOutState
                0x00000000080094b8       0x2c ./Middlewares/Third_Party/FreeRTOS/Source/tasks.o
                0x00000000080094b8                vTaskInternalSetTimeOutState
 .text.xTaskCheckForTimeOut
                0x00000000080094e4       0xc4 ./Middlewares/Third_Party/FreeRTOS/Source/tasks.o
                0x00000000080094e4                xTaskCheckForTimeOut
 .text.vTaskMissedYield
                0x00000000080095a8       0x18 ./Middlewares/Third_Party/FreeRTOS/Source/tasks.o
                0x00000000080095a8                vTaskMissedYield
 .text.prvIdleTask
                0x00000000080095c0       0x30 ./Middlewares/Third_Party/FreeRTOS/Source/tasks.o
 .text.prvInitialiseTaskLists
                0x00000000080095f0       0x80 ./Middlewares/Third_Party/FreeRTOS/Source/tasks.o
 .text.prvCheckTasksWaitingTermination
                0x0000000008009670       0x5c ./Middlewares/Third_Party/FreeRTOS/Source/tasks.o
 .text.prvDeleteTCB
                0x00000000080096cc       0x68 ./Middlewares/Third_Party/FreeRTOS/Source/tasks.o
 .text.prvResetNextTaskUnblockTime
                0x0000000008009734       0x48 ./Middlewares/Third_Party/FreeRTOS/Source/tasks.o
 .text.xTaskGetCurrentTaskHandle
                0x000000000800977c       0x1c ./Middlewares/Third_Party/FreeRTOS/Source/tasks.o
                0x000000000800977c                xTaskGetCurrentTaskHandle
 .text.xTaskGetSchedulerState
                0x0000000008009798       0x3c ./Middlewares/Third_Party/FreeRTOS/Source/tasks.o
                0x0000000008009798                xTaskGetSchedulerState
 .text.xTaskPriorityInherit
                0x00000000080097d4       0xdc ./Middlewares/Third_Party/FreeRTOS/Source/tasks.o
                0x00000000080097d4                xTaskPriorityInherit
 .text.xTaskPriorityDisinherit
                0x00000000080098b0       0xdc ./Middlewares/Third_Party/FreeRTOS/Source/tasks.o
                0x00000000080098b0                xTaskPriorityDisinherit
 .text.vTaskPriorityDisinheritAfterTimeout
                0x000000000800998c      0x10c ./Middlewares/Third_Party/FreeRTOS/Source/tasks.o
                0x000000000800998c                vTaskPriorityDisinheritAfterTimeout
 .text.uxTaskResetEventItemValue
                0x0000000008009a98       0x30 ./Middlewares/Third_Party/FreeRTOS/Source/tasks.o
                0x0000000008009a98                uxTaskResetEventItemValue
 .text.pvTaskIncrementMutexHeldCount
                0x0000000008009ac8       0x28 ./Middlewares/Third_Party/FreeRTOS/Source/tasks.o
                0x0000000008009ac8                pvTaskIncrementMutexHeldCount
 .text.prvAddCurrentTaskToDelayedList
                0x0000000008009af0       0xa8 ./Middlewares/Third_Party/FreeRTOS/Source/tasks.o
 .text.xTimerCreateTimerTask
                0x0000000008009b98       0x90 ./Middlewares/Third_Party/FreeRTOS/Source/timers.o
                0x0000000008009b98                xTimerCreateTimerTask
 .text.xTimerGenericCommand
                0x0000000008009c28       0x9c ./Middlewares/Third_Party/FreeRTOS/Source/timers.o
                0x0000000008009c28                xTimerGenericCommand
 .text.prvProcessExpiredTimer
                0x0000000008009cc4       0x80 ./Middlewares/Third_Party/FreeRTOS/Source/timers.o
 .text.prvTimerTask
                0x0000000008009d44       0x24 ./Middlewares/Third_Party/FreeRTOS/Source/timers.o
 .text.prvProcessTimerOrBlockTask
                0x0000000008009d68       0x9c ./Middlewares/Third_Party/FreeRTOS/Source/timers.o
 .text.prvGetNextExpireTime
                0x0000000008009e04       0x48 ./Middlewares/Third_Party/FreeRTOS/Source/timers.o
 .text.prvSampleTimeNow
                0x0000000008009e4c       0x40 ./Middlewares/Third_Party/FreeRTOS/Source/timers.o
 .text.prvInsertTimerInActiveList
                0x0000000008009e8c       0x84 ./Middlewares/Third_Party/FreeRTOS/Source/timers.o
 .text.prvProcessReceivedCommands
                0x0000000008009f10      0x168 ./Middlewares/Third_Party/FreeRTOS/Source/timers.o
 .text.prvSwitchTimerLists
                0x000000000800a078       0xc4 ./Middlewares/Third_Party/FreeRTOS/Source/timers.o
 .text.prvCheckForValidListAndQueue
                0x000000000800a13c       0x80 ./Middlewares/Third_Party/FreeRTOS/Source/timers.o
 .text.xTimerPendFunctionCallFromISR
                0x000000000800a1bc       0x40 ./Middlewares/Third_Party/FreeRTOS/Source/timers.o
                0x000000000800a1bc                xTimerPendFunctionCallFromISR
 .text.pxPortInitialiseStack
                0x000000000800a1fc       0x58 ./Middlewares/Third_Party/FreeRTOS/Source/portable/GCC/ARM_CM3/port.o
                0x000000000800a1fc                pxPortInitialiseStack
 .text.prvTaskExitError
                0x000000000800a254       0x58 ./Middlewares/Third_Party/FreeRTOS/Source/portable/GCC/ARM_CM3/port.o
 *fill*         0x000000000800a2ac        0x4 
 .text.SVC_Handler
                0x000000000800a2b0       0x28 ./Middlewares/Third_Party/FreeRTOS/Source/portable/GCC/ARM_CM3/port.o
                0x000000000800a2b0                SVC_Handler
 .text.prvPortStartFirstTask
                0x000000000800a2d8       0x20 ./Middlewares/Third_Party/FreeRTOS/Source/portable/GCC/ARM_CM3/port.o
 .text.xPortStartScheduler
                0x000000000800a2f8       0xe4 ./Middlewares/Third_Party/FreeRTOS/Source/portable/GCC/ARM_CM3/port.o
                0x000000000800a2f8                xPortStartScheduler
 .text.vPortEnterCritical
                0x000000000800a3dc       0x60 ./Middlewares/Third_Party/FreeRTOS/Source/portable/GCC/ARM_CM3/port.o
                0x000000000800a3dc                vPortEnterCritical
 .text.vPortExitCritical
                0x000000000800a43c       0x50 ./Middlewares/Third_Party/FreeRTOS/Source/portable/GCC/ARM_CM3/port.o
                0x000000000800a43c                vPortExitCritical
 *fill*         0x000000000800a48c        0x4 
 .text.PendSV_Handler
                0x000000000800a490       0x48 ./Middlewares/Third_Party/FreeRTOS/Source/portable/GCC/ARM_CM3/port.o
                0x000000000800a490                PendSV_Handler
 .text.SysTick_Handler
                0x000000000800a4d8       0x44 ./Middlewares/Third_Party/FreeRTOS/Source/portable/GCC/ARM_CM3/port.o
                0x000000000800a4d8                SysTick_Handler
 .text.vPortSetupTimerInterrupt
                0x000000000800a51c       0x44 ./Middlewares/Third_Party/FreeRTOS/Source/portable/GCC/ARM_CM3/port.o
                0x000000000800a51c                vPortSetupTimerInterrupt
 .text.vPortValidateInterruptPriority
                0x000000000800a560       0x7c ./Middlewares/Third_Party/FreeRTOS/Source/portable/GCC/ARM_CM3/port.o
                0x000000000800a560                vPortValidateInterruptPriority
 .text.pvPortMalloc
                0x000000000800a5dc      0x188 ./Middlewares/Third_Party/FreeRTOS/Source/portable/MemMang/heap_4.o
                0x000000000800a5dc                pvPortMalloc
 .text.vPortFree
                0x000000000800a764       0xb4 ./Middlewares/Third_Party/FreeRTOS/Source/portable/MemMang/heap_4.o
                0x000000000800a764                vPortFree
 .text.prvHeapInit
                0x000000000800a818       0xc4 ./Middlewares/Third_Party/FreeRTOS/Source/portable/MemMang/heap_4.o
 .text.prvInsertBlockIntoFreeList
                0x000000000800a8dc       0xb0 ./Middlewares/Third_Party/FreeRTOS/Source/portable/MemMang/heap_4.o
 .text.FAS_Send
                0x000000000800a98c       0x44 ./STM32-Hardware-Driver/SteeringDriver/WheelControl/WheelControl.o
                0x000000000800a98c                FAS_Send
 .text.FAS_Receive
                0x000000000800a9d0       0x50 ./STM32-Hardware-Driver/SteeringDriver/WheelControl/WheelControl.o
                0x000000000800a9d0                FAS_Receive
 .text.FAS_Lock
                0x000000000800aa20       0x22 ./STM32-Hardware-Driver/SteeringDriver/WheelControl/WheelControl.o
                0x000000000800aa20                FAS_Lock
 .text.FAS_Unlock
                0x000000000800aa42       0x1e ./STM32-Hardware-Driver/SteeringDriver/WheelControl/WheelControl.o
                0x000000000800aa42                FAS_Unlock
 .text.FAS_Init
                0x000000000800aa60       0x1e ./STM32-Hardware-Driver/SteeringDriver/WheelControl/WheelControl.o
                0x000000000800aa60                FAS_Init
 *fill*         0x000000000800aa7e        0x2 
 .text.Wheel_Init
                0x000000000800aa80       0x38 ./STM32-Hardware-Driver/SteeringDriver/WheelControl/WheelControl.o
                0x000000000800aa80                Wheel_Init
 .text.Wheel_setLimit
                0x000000000800aab8       0x24 ./STM32-Hardware-Driver/SteeringDriver/WheelControl/WheelControl.o
                0x000000000800aab8                Wheel_setLimit
 *fill*         0x000000000800aadc        0x4 
 .text.Wheel_SetAngle_ABS
                0x000000000800aae0       0xe4 ./STM32-Hardware-Driver/SteeringDriver/WheelControl/WheelControl.o
                0x000000000800aae0                Wheel_SetAngle_ABS
 .text.Wheel_ClearPos
                0x000000000800abc4       0x2e ./STM32-Hardware-Driver/SteeringDriver/WheelControl/WheelControl.o
                0x000000000800abc4                Wheel_ClearPos
 .text.FAS_MoveSingleAxisAbsPos
                0x000000000800abf2      0x114 ./STM32-Hardware-Driver/SteeringDriver/eziservov8_lib/EziservoV8/FAS_Motion.o
                0x000000000800abf2                FAS_MoveSingleAxisAbsPos
 .text.FAS_PositionAbsOverride
                0x000000000800ad06       0xda ./STM32-Hardware-Driver/SteeringDriver/eziservov8_lib/EziservoV8/FAS_Motion.o
                0x000000000800ad06                FAS_PositionAbsOverride
 .text.FAS_GetAxisStatus
                0x000000000800ade0      0x110 ./STM32-Hardware-Driver/SteeringDriver/eziservov8_lib/EziservoV8/FAS_StatusPos.o
                0x000000000800ade0                FAS_GetAxisStatus
 .text.FAS_ClearPosition
                0x000000000800aef0       0xea ./STM32-Hardware-Driver/SteeringDriver/eziservov8_lib/EziservoV8/FAS_StatusPos.o
                0x000000000800aef0                FAS_ClearPosition
 .text.FAS_AddByteStuffing
                0x000000000800afda       0x6e ./STM32-Hardware-Driver/SteeringDriver/eziservov8_lib/EziservoV8/FAS_Util.o
 .text.FAS_UnStuffingByte
                0x000000000800b048       0xc6 ./STM32-Hardware-Driver/SteeringDriver/eziservov8_lib/EziservoV8/FAS_Util.o
 *fill*         0x000000000800b10e        0x2 
 .text.FAS_CalcCRC
                0x000000000800b110       0x54 ./STM32-Hardware-Driver/SteeringDriver/eziservov8_lib/EziservoV8/FAS_Util.o
 .text.FAS_GetSync
                0x000000000800b164       0x1c ./STM32-Hardware-Driver/SteeringDriver/eziservov8_lib/EziservoV8/FAS_Util.o
 .text.FAS_PackData
                0x000000000800b180       0xfc ./STM32-Hardware-Driver/SteeringDriver/eziservov8_lib/EziservoV8/FAS_Util.o
                0x000000000800b180                FAS_PackData
 .text.FAS_UnPackData
                0x000000000800b27c      0x11c ./STM32-Hardware-Driver/SteeringDriver/eziservov8_lib/EziservoV8/FAS_Util.o
                0x000000000800b27c                FAS_UnPackData
 .text.I2C_OS_MEM_RxCpltCB
                0x000000000800b398       0x1c ./STM32_RTOS_PeripheralDriver/I2CHandler/I2C_Handler.o
                0x000000000800b398                I2C_OS_MEM_RxCpltCB
 .text.I2C_OS_MEM_TxCpltCB
                0x000000000800b3b4       0x1c ./STM32_RTOS_PeripheralDriver/I2CHandler/I2C_Handler.o
                0x000000000800b3b4                I2C_OS_MEM_TxCpltCB
 .text.SyncPrintf_Init
                0x000000000800b3d0       0x1c ./STM32_RTOS_PeripheralDriver/SyncPrintf/SyncPrintf.o
                0x000000000800b3d0                SyncPrintf_Init
 .text.SyncPrintf
                0x000000000800b3ec       0x88 ./STM32_RTOS_PeripheralDriver/SyncPrintf/SyncPrintf.o
                0x000000000800b3ec                SyncPrintf
 .text.UART_OS_Init
                0x000000000800b474       0x3c ./STM32_RTOS_PeripheralDriver/UARTHandler/UART_Handler.o
                0x000000000800b474                UART_OS_Init
 .text.UART_OS_Transmit
                0x000000000800b4b0       0x82 ./STM32_RTOS_PeripheralDriver/UARTHandler/UART_Handler.o
                0x000000000800b4b0                UART_OS_Transmit
 .text.UART_OS_Receive_ToIdle
                0x000000000800b532       0xe6 ./STM32_RTOS_PeripheralDriver/UARTHandler/UART_Handler.o
                0x000000000800b532                UART_OS_Receive_ToIdle
 .text.UART_OS_RcvToIdle_CB
                0x000000000800b618       0x26 ./STM32_RTOS_PeripheralDriver/UARTHandler/UART_Handler.o
                0x000000000800b618                UART_OS_RcvToIdle_CB
 .text.UART_OS_RxCplt_CB
                0x000000000800b63e       0x1c ./STM32_RTOS_PeripheralDriver/UARTHandler/UART_Handler.o
                0x000000000800b63e                UART_OS_RxCplt_CB
 .text.UART_OS_TxCplt_CB
                0x000000000800b65a       0x1c ./STM32_RTOS_PeripheralDriver/UARTHandler/UART_Handler.o
                0x000000000800b65a                UART_OS_TxCplt_CB
 .text._vasnprintf_r
                0x000000000800b676       0x5e C:/ST/STM32CubeIDE_1.12.0/STM32CubeIDE/plugins/com.st.stm32cube.ide.mcu.externaltools.gnu-tools-for-stm32.11.3.rel1.win32_1.1.100.202309141235/tools/bin/../lib/gcc/arm-none-eabi/11.3.1/../../../../arm-none-eabi/lib/thumb/v7-m/nofp\libc_nano.a(libc_a-vasnprintf.o)
                0x000000000800b676                _vasnprintf_r
                0x000000000800b676                _vasniprintf_r
 .text.vasnprintf
                0x000000000800b6d4       0x1c C:/ST/STM32CubeIDE_1.12.0/STM32CubeIDE/plugins/com.st.stm32cube.ide.mcu.externaltools.gnu-tools-for-stm32.11.3.rel1.win32_1.1.100.202309141235/tools/bin/../lib/gcc/arm-none-eabi/11.3.1/../../../../arm-none-eabi/lib/thumb/v7-m/nofp\libc_nano.a(libc_a-vasnprintf.o)
                0x000000000800b6d4                vasnprintf
                0x000000000800b6d4                vasniprintf
 .text.memcmp   0x000000000800b6f0       0x20 C:/ST/STM32CubeIDE_1.12.0/STM32CubeIDE/plugins/com.st.stm32cube.ide.mcu.externaltools.gnu-tools-for-stm32.11.3.rel1.win32_1.1.100.202309141235/tools/bin/../lib/gcc/arm-none-eabi/11.3.1/../../../../arm-none-eabi/lib/thumb/v7-m/nofp\libc_nano.a(libc_a-memcmp.o)
                0x000000000800b6f0                memcmp
 .text.memmove  0x000000000800b710       0x34 C:/ST/STM32CubeIDE_1.12.0/STM32CubeIDE/plugins/com.st.stm32cube.ide.mcu.externaltools.gnu-tools-for-stm32.11.3.rel1.win32_1.1.100.202309141235/tools/bin/../lib/gcc/arm-none-eabi/11.3.1/../../../../arm-none-eabi/lib/thumb/v7-m/nofp\libc_nano.a(libc_a-memmove.o)
                0x000000000800b710                memmove
 .text.memset   0x000000000800b744       0x10 C:/ST/STM32CubeIDE_1.12.0/STM32CubeIDE/plugins/com.st.stm32cube.ide.mcu.externaltools.gnu-tools-for-stm32.11.3.rel1.win32_1.1.100.202309141235/tools/bin/../lib/gcc/arm-none-eabi/11.3.1/../../../../arm-none-eabi/lib/thumb/v7-m/nofp\libc_nano.a(libc_a-memset.o)
                0x000000000800b744                memset
 .text._reclaim_reent
                0x000000000800b754       0xac C:/ST/STM32CubeIDE_1.12.0/STM32CubeIDE/plugins/com.st.stm32cube.ide.mcu.externaltools.gnu-tools-for-stm32.11.3.rel1.win32_1.1.100.202309141235/tools/bin/../lib/gcc/arm-none-eabi/11.3.1/../../../../arm-none-eabi/lib/thumb/v7-m/nofp\libc_nano.a(libc_a-reent.o)
                0x000000000800b754                _reclaim_reent
 .text.__errno  0x000000000800b800        0xc C:/ST/STM32CubeIDE_1.12.0/STM32CubeIDE/plugins/com.st.stm32cube.ide.mcu.externaltools.gnu-tools-for-stm32.11.3.rel1.win32_1.1.100.202309141235/tools/bin/../lib/gcc/arm-none-eabi/11.3.1/../../../../arm-none-eabi/lib/thumb/v7-m/nofp\libc_nano.a(libc_a-errno.o)
                0x000000000800b800                __errno
 .text.__libc_init_array
                0x000000000800b80c       0x48 C:/ST/STM32CubeIDE_1.12.0/STM32CubeIDE/plugins/com.st.stm32cube.ide.mcu.externaltools.gnu-tools-for-stm32.11.3.rel1.win32_1.1.100.202309141235/tools/bin/../lib/gcc/arm-none-eabi/11.3.1/../../../../arm-none-eabi/lib/thumb/v7-m/nofp\libc_nano.a(libc_a-init.o)
                0x000000000800b80c                __libc_init_array
 .text.__retarget_lock_acquire_recursive
                0x000000000800b854        0x2 C:/ST/STM32CubeIDE_1.12.0/STM32CubeIDE/plugins/com.st.stm32cube.ide.mcu.externaltools.gnu-tools-for-stm32.11.3.rel1.win32_1.1.100.202309141235/tools/bin/../lib/gcc/arm-none-eabi/11.3.1/../../../../arm-none-eabi/lib/thumb/v7-m/nofp\libc_nano.a(libc_a-lock.o)
                0x000000000800b854                __retarget_lock_acquire_recursive
 .text.__retarget_lock_release_recursive
                0x000000000800b856        0x2 C:/ST/STM32CubeIDE_1.12.0/STM32CubeIDE/plugins/com.st.stm32cube.ide.mcu.externaltools.gnu-tools-for-stm32.11.3.rel1.win32_1.1.100.202309141235/tools/bin/../lib/gcc/arm-none-eabi/11.3.1/../../../../arm-none-eabi/lib/thumb/v7-m/nofp\libc_nano.a(libc_a-lock.o)
                0x000000000800b856                __retarget_lock_release_recursive
 .text.memcpy   0x000000000800b858       0x1c C:/ST/STM32CubeIDE_1.12.0/STM32CubeIDE/plugins/com.st.stm32cube.ide.mcu.externaltools.gnu-tools-for-stm32.11.3.rel1.win32_1.1.100.202309141235/tools/bin/../lib/gcc/arm-none-eabi/11.3.1/../../../../arm-none-eabi/lib/thumb/v7-m/nofp\libc_nano.a(libc_a-memcpy-stub.o)
                0x000000000800b858                memcpy
 .text._free_r  0x000000000800b874       0x90 C:/ST/STM32CubeIDE_1.12.0/STM32CubeIDE/plugins/com.st.stm32cube.ide.mcu.externaltools.gnu-tools-for-stm32.11.3.rel1.win32_1.1.100.202309141235/tools/bin/../lib/gcc/arm-none-eabi/11.3.1/../../../../arm-none-eabi/lib/thumb/v7-m/nofp\libc_nano.a(libc_a-freer.o)
                0x000000000800b874                _free_r
 .text.sbrk_aligned
                0x000000000800b904       0x40 C:/ST/STM32CubeIDE_1.12.0/STM32CubeIDE/plugins/com.st.stm32cube.ide.mcu.externaltools.gnu-tools-for-stm32.11.3.rel1.win32_1.1.100.202309141235/tools/bin/../lib/gcc/arm-none-eabi/11.3.1/../../../../arm-none-eabi/lib/thumb/v7-m/nofp\libc_nano.a(libc_a-mallocr.o)
 .text._malloc_r
                0x000000000800b944      0x100 C:/ST/STM32CubeIDE_1.12.0/STM32CubeIDE/plugins/com.st.stm32cube.ide.mcu.externaltools.gnu-tools-for-stm32.11.3.rel1.win32_1.1.100.202309141235/tools/bin/../lib/gcc/arm-none-eabi/11.3.1/../../../../arm-none-eabi/lib/thumb/v7-m/nofp\libc_nano.a(libc_a-mallocr.o)
                0x000000000800b944                _malloc_r
 .text.__malloc_lock
                0x000000000800ba44        0xc C:/ST/STM32CubeIDE_1.12.0/STM32CubeIDE/plugins/com.st.stm32cube.ide.mcu.externaltools.gnu-tools-for-stm32.11.3.rel1.win32_1.1.100.202309141235/tools/bin/../lib/gcc/arm-none-eabi/11.3.1/../../../../arm-none-eabi/lib/thumb/v7-m/nofp\libc_nano.a(libc_a-mlock.o)
                0x000000000800ba44                __malloc_lock
 .text.__malloc_unlock
                0x000000000800ba50        0xc C:/ST/STM32CubeIDE_1.12.0/STM32CubeIDE/plugins/com.st.stm32cube.ide.mcu.externaltools.gnu-tools-for-stm32.11.3.rel1.win32_1.1.100.202309141235/tools/bin/../lib/gcc/arm-none-eabi/11.3.1/../../../../arm-none-eabi/lib/thumb/v7-m/nofp\libc_nano.a(libc_a-mlock.o)
                0x000000000800ba50                __malloc_unlock
 .text.__ssputs_r
                0x000000000800ba5c       0xb4 C:/ST/STM32CubeIDE_1.12.0/STM32CubeIDE/plugins/com.st.stm32cube.ide.mcu.externaltools.gnu-tools-for-stm32.11.3.rel1.win32_1.1.100.202309141235/tools/bin/../lib/gcc/arm-none-eabi/11.3.1/../../../../arm-none-eabi/lib/thumb/v7-m/nofp\libc_nano.a(libc_a-nano-svfprintf.o)
                0x000000000800ba5c                __ssputs_r
 .text._svfprintf_r
                0x000000000800bb10      0x1fc C:/ST/STM32CubeIDE_1.12.0/STM32CubeIDE/plugins/com.st.stm32cube.ide.mcu.externaltools.gnu-tools-for-stm32.11.3.rel1.win32_1.1.100.202309141235/tools/bin/../lib/gcc/arm-none-eabi/11.3.1/../../../../arm-none-eabi/lib/thumb/v7-m/nofp\libc_nano.a(libc_a-nano-svfprintf.o)
                0x000000000800bb10                _svfiprintf_r
                0x000000000800bb10                _svfprintf_r
 .text._printf_common
                0x000000000800bd0c       0xe4 C:/ST/STM32CubeIDE_1.12.0/STM32CubeIDE/plugins/com.st.stm32cube.ide.mcu.externaltools.gnu-tools-for-stm32.11.3.rel1.win32_1.1.100.202309141235/tools/bin/../lib/gcc/arm-none-eabi/11.3.1/../../../../arm-none-eabi/lib/thumb/v7-m/nofp\libc_nano.a(libc_a-nano-vfprintf_i.o)
                0x000000000800bd0c                _printf_common
 .text._printf_i
                0x000000000800bdf0      0x244 C:/ST/STM32CubeIDE_1.12.0/STM32CubeIDE/plugins/com.st.stm32cube.ide.mcu.externaltools.gnu-tools-for-stm32.11.3.rel1.win32_1.1.100.202309141235/tools/bin/../lib/gcc/arm-none-eabi/11.3.1/../../../../arm-none-eabi/lib/thumb/v7-m/nofp\libc_nano.a(libc_a-nano-vfprintf_i.o)
                0x000000000800bdf0                _printf_i
 .text._sbrk_r  0x000000000800c034       0x20 C:/ST/STM32CubeIDE_1.12.0/STM32CubeIDE/plugins/com.st.stm32cube.ide.mcu.externaltools.gnu-tools-for-stm32.11.3.rel1.win32_1.1.100.202309141235/tools/bin/../lib/gcc/arm-none-eabi/11.3.1/../../../../arm-none-eabi/lib/thumb/v7-m/nofp\libc_nano.a(libc_a-sbrkr.o)
                0x000000000800c034                _sbrk_r
 .text.memchr   0x000000000800c054       0x1c C:/ST/STM32CubeIDE_1.12.0/STM32CubeIDE/plugins/com.st.stm32cube.ide.mcu.externaltools.gnu-tools-for-stm32.11.3.rel1.win32_1.1.100.202309141235/tools/bin/../lib/gcc/arm-none-eabi/11.3.1/../../../../arm-none-eabi/lib/thumb/v7-m/nofp\libc_nano.a(libc_a-memchr-stub.o)
                0x000000000800c054                memchr
 .text._realloc_r
                0x000000000800c070       0x5e C:/ST/STM32CubeIDE_1.12.0/STM32CubeIDE/plugins/com.st.stm32cube.ide.mcu.externaltools.gnu-tools-for-stm32.11.3.rel1.win32_1.1.100.202309141235/tools/bin/../lib/gcc/arm-none-eabi/11.3.1/../../../../arm-none-eabi/lib/thumb/v7-m/nofp\libc_nano.a(libc_a-reallocr.o)
                0x000000000800c070                _realloc_r
 .text._malloc_usable_size_r
                0x000000000800c0ce       0x10 C:/ST/STM32CubeIDE_1.12.0/STM32CubeIDE/plugins/com.st.stm32cube.ide.mcu.externaltools.gnu-tools-for-stm32.11.3.rel1.win32_1.1.100.202309141235/tools/bin/../lib/gcc/arm-none-eabi/11.3.1/../../../../arm-none-eabi/lib/thumb/v7-m/nofp\libc_nano.a(libc_a-msizer.o)
                0x000000000800c0ce                _malloc_usable_size_r
 *(.glue_7)
 .glue_7        0x000000000800c0de        0x0 linker stubs
 *(.glue_7t)
 .glue_7t       0x000000000800c0de        0x0 linker stubs
 *(.eh_frame)
 *fill*         0x000000000800c0de        0x2 
 .eh_frame      0x000000000800c0e0        0x0 C:/ST/STM32CubeIDE_1.12.0/STM32CubeIDE/plugins/com.st.stm32cube.ide.mcu.externaltools.gnu-tools-for-stm32.11.3.rel1.win32_1.1.100.202309141235/tools/bin/../lib/gcc/arm-none-eabi/11.3.1/thumb/v7-m/nofp/crtbegin.o
 *(.init)
 .init          0x000000000800c0e0        0x4 C:/ST/STM32CubeIDE_1.12.0/STM32CubeIDE/plugins/com.st.stm32cube.ide.mcu.externaltools.gnu-tools-for-stm32.11.3.rel1.win32_1.1.100.202309141235/tools/bin/../lib/gcc/arm-none-eabi/11.3.1/thumb/v7-m/nofp/crti.o
                0x000000000800c0e0                _init
 .init          0x000000000800c0e4        0x8 C:/ST/STM32CubeIDE_1.12.0/STM32CubeIDE/plugins/com.st.stm32cube.ide.mcu.externaltools.gnu-tools-for-stm32.11.3.rel1.win32_1.1.100.202309141235/tools/bin/../lib/gcc/arm-none-eabi/11.3.1/thumb/v7-m/nofp/crtn.o
 *(.fini)
 .fini          0x000000000800c0ec        0x4 C:/ST/STM32CubeIDE_1.12.0/STM32CubeIDE/plugins/com.st.stm32cube.ide.mcu.externaltools.gnu-tools-for-stm32.11.3.rel1.win32_1.1.100.202309141235/tools/bin/../lib/gcc/arm-none-eabi/11.3.1/thumb/v7-m/nofp/crti.o
                0x000000000800c0ec                _fini
 .fini          0x000000000800c0f0        0x8 C:/ST/STM32CubeIDE_1.12.0/STM32CubeIDE/plugins/com.st.stm32cube.ide.mcu.externaltools.gnu-tools-for-stm32.11.3.rel1.win32_1.1.100.202309141235/tools/bin/../lib/gcc/arm-none-eabi/11.3.1/thumb/v7-m/nofp/crtn.o
                0x000000000800c0f8                . = ALIGN (0x4)
                0x000000000800c0f8                _etext = .

.vfp11_veneer   0x000000000800c0f8        0x0
 .vfp11_veneer  0x000000000800c0f8        0x0 linker stubs

.v4_bx          0x000000000800c0f8        0x0
 .v4_bx         0x000000000800c0f8        0x0 linker stubs

.iplt           0x000000000800c0f8        0x0
 .iplt          0x000000000800c0f8        0x0 C:/ST/STM32CubeIDE_1.12.0/STM32CubeIDE/plugins/com.st.stm32cube.ide.mcu.externaltools.gnu-tools-for-stm32.11.3.rel1.win32_1.1.100.202309141235/tools/bin/../lib/gcc/arm-none-eabi/11.3.1/thumb/v7-m/nofp/crtbegin.o

.rodata         0x000000000800c0f8      0x324
                0x000000000800c0f8                . = ALIGN (0x4)
 *(.rodata)
 .rodata        0x000000000800c0f8       0x15 ./Core/Src/main.o
 *fill*         0x000000000800c10d        0x3 
 .rodata        0x000000000800c110        0x5 ./Middlewares/Third_Party/FreeRTOS/Source/tasks.o
 *fill*         0x000000000800c115        0x3 
 .rodata        0x000000000800c118        0xd ./Middlewares/Third_Party/FreeRTOS/Source/timers.o
 *fill*         0x000000000800c125        0x3 
 .rodata        0x000000000800c128       0x48 ./STM32-Hardware-Driver/SteeringDriver/WheelControl/WheelControl.o
 .rodata        0x000000000800c170        0xc ./STM32_RTOS_PeripheralDriver/SyncPrintf/SyncPrintf.o
 *(.rodata*)
 .rodata.defaultTask_attributes
                0x000000000800c17c       0x24 ./Core/Src/main.o
                0x000000000800c17c                defaultTask_attributes
 .rodata.AHBPrescTable
                0x000000000800c1a0       0x10 ./Core/Src/system_stm32f1xx.o
                0x000000000800c1a0                AHBPrescTable
 .rodata.APBPrescTable
                0x000000000800c1b0        0x8 ./Core/Src/system_stm32f1xx.o
                0x000000000800c1b0                APBPrescTable
 .rodata.aPLLMULFactorTable.1
                0x000000000800c1b8       0x10 ./Drivers/STM32F1xx_HAL_Driver/Src/stm32f1xx_hal_rcc.o
 .rodata.aPredivFactorTable.0
                0x000000000800c1c8        0x2 ./Drivers/STM32F1xx_HAL_Driver/Src/stm32f1xx_hal_rcc.o
 *fill*         0x000000000800c1ca        0x2 
 .rodata.TABLE_CRCVALUE
                0x000000000800c1cc      0x200 ./STM32-Hardware-Driver/SteeringDriver/eziservov8_lib/EziservoV8/FAS_Util.o
 .rodata.FAS_Header
                0x000000000800c3cc        0x2 ./STM32-Hardware-Driver/SteeringDriver/eziservov8_lib/EziservoV8/FAS_Util.o
 *fill*         0x000000000800c3ce        0x2 
 .rodata.FAS_HeaderTmp
                0x000000000800c3d0        0x2 ./STM32-Hardware-Driver/SteeringDriver/eziservov8_lib/EziservoV8/FAS_Util.o
 *fill*         0x000000000800c3d2        0x2 
 .rodata.FAS_Tail
                0x000000000800c3d4        0x2 ./STM32-Hardware-Driver/SteeringDriver/eziservov8_lib/EziservoV8/FAS_Util.o
 *fill*         0x000000000800c3d6        0x2 
 .rodata.PrintfMutex_attr
                0x000000000800c3d8       0x10 ./STM32_RTOS_PeripheralDriver/SyncPrintf/SyncPrintf.o
                0x000000000800c3d8                PrintfMutex_attr
 .rodata._svfprintf_r.str1.1
                0x000000000800c3e8       0x11 C:/ST/STM32CubeIDE_1.12.0/STM32CubeIDE/plugins/com.st.stm32cube.ide.mcu.externaltools.gnu-tools-for-stm32.11.3.rel1.win32_1.1.100.202309141235/tools/bin/../lib/gcc/arm-none-eabi/11.3.1/../../../../arm-none-eabi/lib/thumb/v7-m/nofp\libc_nano.a(libc_a-nano-svfprintf.o)
 .rodata._printf_i.str1.1
                0x000000000800c3f9       0x22 C:/ST/STM32CubeIDE_1.12.0/STM32CubeIDE/plugins/com.st.stm32cube.ide.mcu.externaltools.gnu-tools-for-stm32.11.3.rel1.win32_1.1.100.202309141235/tools/bin/../lib/gcc/arm-none-eabi/11.3.1/../../../../arm-none-eabi/lib/thumb/v7-m/nofp\libc_nano.a(libc_a-nano-vfprintf_i.o)
                0x000000000800c41c                . = ALIGN (0x4)
 *fill*         0x000000000800c41b        0x1 

.rel.dyn        0x000000000800c41c        0x0
 .rel.iplt      0x000000000800c41c        0x0 C:/ST/STM32CubeIDE_1.12.0/STM32CubeIDE/plugins/com.st.stm32cube.ide.mcu.externaltools.gnu-tools-for-stm32.11.3.rel1.win32_1.1.100.202309141235/tools/bin/../lib/gcc/arm-none-eabi/11.3.1/thumb/v7-m/nofp/crtbegin.o

.ARM.extab      0x000000000800c41c        0x0
                0x000000000800c41c                . = ALIGN (0x4)
 *(.ARM.extab* .gnu.linkonce.armextab.*)
                0x000000000800c41c                . = ALIGN (0x4)

.ARM            0x000000000800c41c        0x0
                0x000000000800c41c                . = ALIGN (0x4)
                0x000000000800c41c                __exidx_start = .
 *(.ARM.exidx*)
                0x000000000800c41c                __exidx_end = .
                0x000000000800c41c                . = ALIGN (0x4)

.preinit_array  0x000000000800c41c        0x0
                0x000000000800c41c                . = ALIGN (0x4)
                0x000000000800c41c                PROVIDE (__preinit_array_start = .)
 *(.preinit_array*)
                0x000000000800c41c                PROVIDE (__preinit_array_end = .)
                0x000000000800c41c                . = ALIGN (0x4)

.init_array     0x000000000800c41c        0x4
                0x000000000800c41c                . = ALIGN (0x4)
                0x000000000800c41c                PROVIDE (__init_array_start = .)
 *(SORT_BY_NAME(.init_array.*))
 *(.init_array*)
 .init_array    0x000000000800c41c        0x4 C:/ST/STM32CubeIDE_1.12.0/STM32CubeIDE/plugins/com.st.stm32cube.ide.mcu.externaltools.gnu-tools-for-stm32.11.3.rel1.win32_1.1.100.202309141235/tools/bin/../lib/gcc/arm-none-eabi/11.3.1/thumb/v7-m/nofp/crtbegin.o
                0x000000000800c420                PROVIDE (__init_array_end = .)
                0x000000000800c420                . = ALIGN (0x4)

.fini_array     0x000000000800c420        0x4
                0x000000000800c420                . = ALIGN (0x4)
                [!provide]                        PROVIDE (__fini_array_start = .)
 *(SORT_BY_NAME(.fini_array.*))
 *(.fini_array*)
 .fini_array    0x000000000800c420        0x4 C:/ST/STM32CubeIDE_1.12.0/STM32CubeIDE/plugins/com.st.stm32cube.ide.mcu.externaltools.gnu-tools-for-stm32.11.3.rel1.win32_1.1.100.202309141235/tools/bin/../lib/gcc/arm-none-eabi/11.3.1/thumb/v7-m/nofp/crtbegin.o
                [!provide]                        PROVIDE (__fini_array_end = .)
                0x000000000800c424                . = ALIGN (0x4)
                0x000000000800c424                _sidata = LOADADDR (.data)

.data           0x0000000020000000       0x60 load address 0x000000000800c424
                0x0000000020000000                . = ALIGN (0x4)
                0x0000000020000000                _sdata = .
 *(.data)
 *(.data*)
 .data.SystemCoreClock
                0x0000000020000000        0x4 ./Core/Src/system_stm32f1xx.o
                0x0000000020000000                SystemCoreClock
 .data.uwTickPrio
                0x0000000020000004        0x4 ./Drivers/STM32F1xx_HAL_Driver/Src/stm32f1xx_hal.o
                0x0000000020000004                uwTickPrio
 .data.uwTickFreq
                0x0000000020000008        0x1 ./Drivers/STM32F1xx_HAL_Driver/Src/stm32f1xx_hal.o
                0x0000000020000008                uwTickFreq
 *fill*         0x0000000020000009        0x3 
 .data.uxCriticalNesting
                0x000000002000000c        0x4 ./Middlewares/Third_Party/FreeRTOS/Source/portable/GCC/ARM_CM3/port.o
 .data._impure_data
                0x0000000020000010       0x4c C:/ST/STM32CubeIDE_1.12.0/STM32CubeIDE/plugins/com.st.stm32cube.ide.mcu.externaltools.gnu-tools-for-stm32.11.3.rel1.win32_1.1.100.202309141235/tools/bin/../lib/gcc/arm-none-eabi/11.3.1/../../../../arm-none-eabi/lib/thumb/v7-m/nofp\libc_nano.a(libc_a-impure.o)
                0x0000000020000010                _impure_data
 .data._impure_ptr
                0x000000002000005c        0x4 C:/ST/STM32CubeIDE_1.12.0/STM32CubeIDE/plugins/com.st.stm32cube.ide.mcu.externaltools.gnu-tools-for-stm32.11.3.rel1.win32_1.1.100.202309141235/tools/bin/../lib/gcc/arm-none-eabi/11.3.1/../../../../arm-none-eabi/lib/thumb/v7-m/nofp\libc_nano.a(libc_a-impure.o)
                0x000000002000005c                _impure_ptr
 *(.RamFunc)
 *(.RamFunc*)
                0x0000000020000060                . = ALIGN (0x4)
                0x0000000020000060                _edata = .

.igot.plt       0x0000000020000060        0x0 load address 0x000000000800c484
 .igot.plt      0x0000000020000060        0x0 C:/ST/STM32CubeIDE_1.12.0/STM32CubeIDE/plugins/com.st.stm32cube.ide.mcu.externaltools.gnu-tools-for-stm32.11.3.rel1.win32_1.1.100.202309141235/tools/bin/../lib/gcc/arm-none-eabi/11.3.1/thumb/v7-m/nofp/crtbegin.o
                0x0000000020000060                . = ALIGN (0x4)

.bss            0x0000000020000060     0x2f9c load address 0x000000000800c484
                0x0000000020000060                _sbss = .
                0x0000000020000060                __bss_start__ = _sbss
 *(.bss)
 .bss           0x0000000020000060       0x1c C:/ST/STM32CubeIDE_1.12.0/STM32CubeIDE/plugins/com.st.stm32cube.ide.mcu.externaltools.gnu-tools-for-stm32.11.3.rel1.win32_1.1.100.202309141235/tools/bin/../lib/gcc/arm-none-eabi/11.3.1/thumb/v7-m/nofp/crtbegin.o
 *(.bss*)
 .bss.Rxheader  0x000000002000007c       0x1c ./CAN_Handle/CAN_Handle.o
                0x000000002000007c                Rxheader
 .bss.rcdata    0x0000000020000098        0x8 ./CAN_Handle/CAN_Handle.o
                0x0000000020000098                rcdata
 .bss.Can_RecFlag
                0x00000000200000a0        0x1 ./CAN_Handle/CAN_Handle.o
                0x00000000200000a0                Can_RecFlag
 *fill*         0x00000000200000a1        0x3 
 .bss.hcan      0x00000000200000a4       0x64 ./Core/Src/main.o
                0x00000000200000a4                hcan
 .bss.hi2c1     0x0000000020000108       0x54 ./Core/Src/main.o
                0x0000000020000108                hi2c1
 .bss.huart1    0x000000002000015c       0x48 ./Core/Src/main.o
                0x000000002000015c                huart1
 .bss.huart2    0x00000000200001a4       0x48 ./Core/Src/main.o
                0x00000000200001a4                huart2
 .bss.hdma_usart1_rx
                0x00000000200001ec       0x44 ./Core/Src/main.o
                0x00000000200001ec                hdma_usart1_rx
 .bss.hdma_usart1_tx
                0x0000000020000230       0x44 ./Core/Src/main.o
                0x0000000020000230                hdma_usart1_tx
 .bss.hdma_usart2_rx
                0x0000000020000274       0x44 ./Core/Src/main.o
                0x0000000020000274                hdma_usart2_rx
 .bss.hdma_usart2_tx
                0x00000000200002b8       0x44 ./Core/Src/main.o
                0x00000000200002b8                hdma_usart2_tx
 .bss.hdma_memtomem_dma1_channel1
                0x00000000200002fc       0x44 ./Core/Src/main.o
                0x00000000200002fc                hdma_memtomem_dma1_channel1
 .bss.defaultTaskHandle
                0x0000000020000340        0x4 ./Core/Src/main.o
                0x0000000020000340                defaultTaskHandle
 .bss.Ezi_UART  0x0000000020000344       0x14 ./Core/Src/main.o
                0x0000000020000344                Ezi_UART
 .bss.mainI2C   0x0000000020000358        0xc ./Core/Src/main.o
                0x0000000020000358                mainI2C
 .bss.Steering  0x0000000020000364       0x18 ./Core/Src/main.o
                0x0000000020000364                Steering
 .bss.htim4     0x000000002000037c       0x48 ./Core/Src/stm32f1xx_hal_timebase_tim.o
                0x000000002000037c                htim4
 .bss.__sbrk_heap_end
                0x00000000200003c4        0x4 ./Core/Src/sysmem.o
 .bss.uwTick    0x00000000200003c8        0x4 ./Drivers/STM32F1xx_HAL_Driver/Src/stm32f1xx_hal.o
                0x00000000200003c8                uwTick
 .bss.KernelState
                0x00000000200003cc        0x4 ./Middlewares/Third_Party/FreeRTOS/Source/CMSIS_RTOS_V2/cmsis_os2.o
 .bss.Idle_TCB  0x00000000200003d0       0xa8 ./Middlewares/Third_Party/FreeRTOS/Source/CMSIS_RTOS_V2/cmsis_os2.o
 .bss.Idle_Stack
                0x0000000020000478      0x100 ./Middlewares/Third_Party/FreeRTOS/Source/CMSIS_RTOS_V2/cmsis_os2.o
 .bss.Timer_TCB
                0x0000000020000578       0xa8 ./Middlewares/Third_Party/FreeRTOS/Source/CMSIS_RTOS_V2/cmsis_os2.o
 .bss.Timer_Stack
                0x0000000020000620      0x200 ./Middlewares/Third_Party/FreeRTOS/Source/CMSIS_RTOS_V2/cmsis_os2.o
 .bss.xQueueRegistry
                0x0000000020000820       0x40 ./Middlewares/Third_Party/FreeRTOS/Source/queue.o
                0x0000000020000820                xQueueRegistry
 .bss.pxCurrentTCB
                0x0000000020000860        0x4 ./Middlewares/Third_Party/FreeRTOS/Source/tasks.o
                0x0000000020000860                pxCurrentTCB
 .bss.pxReadyTasksLists
                0x0000000020000864      0x460 ./Middlewares/Third_Party/FreeRTOS/Source/tasks.o
 .bss.xDelayedTaskList1
                0x0000000020000cc4       0x14 ./Middlewares/Third_Party/FreeRTOS/Source/tasks.o
 .bss.xDelayedTaskList2
                0x0000000020000cd8       0x14 ./Middlewares/Third_Party/FreeRTOS/Source/tasks.o
 .bss.pxDelayedTaskList
                0x0000000020000cec        0x4 ./Middlewares/Third_Party/FreeRTOS/Source/tasks.o
 .bss.pxOverflowDelayedTaskList
                0x0000000020000cf0        0x4 ./Middlewares/Third_Party/FreeRTOS/Source/tasks.o
 .bss.xPendingReadyList
                0x0000000020000cf4       0x14 ./Middlewares/Third_Party/FreeRTOS/Source/tasks.o
 .bss.xTasksWaitingTermination
                0x0000000020000d08       0x14 ./Middlewares/Third_Party/FreeRTOS/Source/tasks.o
 .bss.uxDeletedTasksWaitingCleanUp
                0x0000000020000d1c        0x4 ./Middlewares/Third_Party/FreeRTOS/Source/tasks.o
 .bss.xSuspendedTaskList
                0x0000000020000d20       0x14 ./Middlewares/Third_Party/FreeRTOS/Source/tasks.o
 .bss.uxCurrentNumberOfTasks
                0x0000000020000d34        0x4 ./Middlewares/Third_Party/FreeRTOS/Source/tasks.o
 .bss.xTickCount
                0x0000000020000d38        0x4 ./Middlewares/Third_Party/FreeRTOS/Source/tasks.o
 .bss.uxTopReadyPriority
                0x0000000020000d3c        0x4 ./Middlewares/Third_Party/FreeRTOS/Source/tasks.o
 .bss.xSchedulerRunning
                0x0000000020000d40        0x4 ./Middlewares/Third_Party/FreeRTOS/Source/tasks.o
 .bss.uxPendedTicks
                0x0000000020000d44        0x4 ./Middlewares/Third_Party/FreeRTOS/Source/tasks.o
 .bss.xYieldPending
                0x0000000020000d48        0x4 ./Middlewares/Third_Party/FreeRTOS/Source/tasks.o
 .bss.xNumOfOverflows
                0x0000000020000d4c        0x4 ./Middlewares/Third_Party/FreeRTOS/Source/tasks.o
 .bss.uxTaskNumber
                0x0000000020000d50        0x4 ./Middlewares/Third_Party/FreeRTOS/Source/tasks.o
 .bss.xNextTaskUnblockTime
                0x0000000020000d54        0x4 ./Middlewares/Third_Party/FreeRTOS/Source/tasks.o
 .bss.xIdleTaskHandle
                0x0000000020000d58        0x4 ./Middlewares/Third_Party/FreeRTOS/Source/tasks.o
 .bss.uxSchedulerSuspended
                0x0000000020000d5c        0x4 ./Middlewares/Third_Party/FreeRTOS/Source/tasks.o
 .bss.xActiveTimerList1
                0x0000000020000d60       0x14 ./Middlewares/Third_Party/FreeRTOS/Source/timers.o
 .bss.xActiveTimerList2
                0x0000000020000d74       0x14 ./Middlewares/Third_Party/FreeRTOS/Source/timers.o
 .bss.pxCurrentTimerList
                0x0000000020000d88        0x4 ./Middlewares/Third_Party/FreeRTOS/Source/timers.o
 .bss.pxOverflowTimerList
                0x0000000020000d8c        0x4 ./Middlewares/Third_Party/FreeRTOS/Source/timers.o
 .bss.xTimerQueue
                0x0000000020000d90        0x4 ./Middlewares/Third_Party/FreeRTOS/Source/timers.o
 .bss.xTimerTaskHandle
                0x0000000020000d94        0x4 ./Middlewares/Third_Party/FreeRTOS/Source/timers.o
 .bss.xLastTime.2
                0x0000000020000d98        0x4 ./Middlewares/Third_Party/FreeRTOS/Source/timers.o
 .bss.ucStaticTimerQueueStorage.1